Microchip MPLAB XC8 Compiler V2.50

Linker command line:

-W-3 \
  --edf=C:\Program Files\Microchip\xc8\v2.50\pic\dat\20240725155939_en.msgs \
  -cn -h+dist/default/production\RC_Car.X.production.sym \
  --cmf=dist/default/production\RC_Car.X.production.cmf -z -Q16F18326 \
  -oC:\Users\pig\AppData\Local\Temp\xcAs9is.\driver_tmp_3.o \
  --defsym=__MPLAB_BUILD=1 --fixupoverflow=error \
  -Mdist/default/production/RC_Car.X.production.map \
  --md=C:\Users\pig\AppData\Local\Temp\xcAs9is.\driver_tmp_0.dat -E1 \
  -ver=XC8 Compiler --acfsm=1493 -ACODE=00h-07FFhx8 -ASTRCODE=00h-03FFFh \
  -ASTRING=00h-0FFhx64 -ACONST=00h-0FFhx64 -AENTRY=00h-0FFhx64 \
  -ACOMMON=070h-07Fh -ABANK0=020h-06Fh -ABANK1=0A0h-0EFh \
  -ABANK2=0120h-016Fh -ABANK3=01A0h-01EFh -ABANK4=0220h-026Fh \
  -ABANK5=02A0h-02EFh -ABANK6=0320h-036Fh -ABANK7=03A0h-03EFh \
  -ABANK8=0420h-046Fh -ABANK9=04A0h-04EFh -ABANK10=0520h-056Fh \
  -ABANK11=05A0h-05EFh -ABANK12=0620h-066Fh -ABANK13=06A0h-06EFh \
  -ABANK14=0720h-076Fh -ABANK15=07A0h-07EFh -ABANK16=0820h-086Fh \
  -ABANK17=08A0h-08EFh -ABANK18=0920h-096Fh -ABANK19=09A0h-09EFh \
  -ABANK20=0A20h-0A6Fh -ABANK21=0AA0h-0AEFh -ABANK22=0B20h-0B6Fh \
  -ABANK23=0BA0h-0BEFh -ABANK24=0C20h-0C6Fh -ABANK25=0CA0h-0CBFh \
  -ABIGRAM=02000h-027EFh \
  -ARAM=020h-06Fh,0A0h-0EFh,0120h-016Fh,01A0h-01EFh,0220h-026Fh,02A0h-02EFh,0320h-036Fh,03A0h-03EFh,0420h-046Fh,04A0h-04EFh,0520h-056Fh,05A0h-05EFh,0620h-066Fh,06A0h-06EFh,0720h-076Fh,07A0h-07EFh,0820h-086Fh,08A0h-08EFh,0920h-096Fh,09A0h-09EFh,0A20h-0A6Fh,0AA0h-0AEFh,0B20h-0B6Fh,0BA0h-0BEFh,0C20h-0C6Fh,0CA0h-0CBFh \
  -AABS1=020h-07Fh,0A0h-0EFh,0120h-016Fh,01A0h-01EFh,0220h-026Fh,02A0h-02EFh,0320h-036Fh,03A0h-03EFh,0420h-046Fh,04A0h-04EFh,0520h-056Fh,05A0h-05EFh,0620h-066Fh,06A0h-06EFh,0720h-076Fh,07A0h-07EFh,0820h-086Fh,08A0h-08EFh,0920h-096Fh,09A0h-09EFh,0A20h-0A6Fh,0AA0h-0AEFh,0B20h-0B6Fh,0BA0h-0BEFh,0C20h-0C6Fh,0CA0h-0CBFh \
  -ASFR0=00h-01Fh -ASFR1=080h-09Fh -ASFR2=0100h-011Fh -ASFR3=0180h-019Fh \
  -ASFR4=0200h-021Fh -ASFR5=0280h-029Fh -ASFR6=0300h-031Fh \
  -ASFR7=0380h-039Fh -ASFR8=0400h-041Fh -ASFR9=0480h-049Fh \
  -ASFR10=0500h-051Fh -ASFR11=0580h-059Fh -ASFR12=0600h-061Fh \
  -ASFR13=0680h-069Fh -ASFR14=0700h-071Fh -ASFR15=0780h-079Fh \
  -ASFR16=0800h-081Fh -ASFR17=0880h-089Fh -ASFR18=0900h-091Fh \
  -ASFR19=0980h-099Fh -ASFR20=0A00h-0A1Fh -ASFR21=0A80h-0A9Fh \
  -ASFR22=0B00h-0B1Fh -ASFR23=0B80h-0B9Fh -ASFR24=0C00h-0C1Fh \
  -ASFR25=0C80h-0C9Fh -ASFR26=0D00h-0D6Fh -ASFR27=0D80h-0DEFh \
  -ASFR28=0E00h-0E6Fh -ASFR29=0E80h-0EEFh -ASFR30=0F00h-0F6Fh \
  -ASFR31=0F80h-0FEFh -ACONFIG=08007h-0800Ah -DCONFIG=2 \
  -AIDLOC=08000h-08003h -DIDLOC=2 -AEEDATA=00h-0FFh/0F000h \
  -peeprom_data=EEDATA -DEEDATA=2 -DCODE=2 -DSTRCODE=2 -DSTRING=2 -DCONST=2 \
  -DENTRY=2 -preset_vec=00h,intentry=04h,sivt,init,end_init -ppowerup=CODE \
  -pcinit=CODE -pfunctab=ENTRY -k \
  C:\Users\pig\AppData\Local\Temp\xcAs9is.\driver_tmp_15.o \
  dist/default/production\RC_Car.X.production.o 

Object code version is 3.11

Machine type is 16F18326



                Name                               Link     Load   Length Selector   Space Scale
C:\Users\pig\AppData\Local\Temp\xcAs9is.\driver_tmp_15.o
                end_init                             20       20        2        8       0
                reset_vec                             0        0        2        0       0
                config                             8007     8007        2        0       4
dist/default/production\RC_Car.X.production.o
                cinit                                22       22       1B        8       0
                intentry                              4        4       1C        8       0
                config                             8007     8007        2        0       4
                text17                              478      478        A        8       0
                text16                              243      243       51        8       0
                text14                              46D      46D        B        8       0
                text13                              18F      18F       5D        8       0
                text12                              1EC      1EC       57        8       0
                text11                              323      323       40        8       0
                text10                              44E      44E       12        8       0
                text9                               2E0      2E0       43        8       0
                text8                               427      427       15        8       0
                text7                               412      412       15        8       0
                text6                               363      363       3F        8       0
                text5                               294      294       4C        8       0
                text4                               3A2      3A2       3B        8       0
                text3                               3DD      3DD       35        8       0
                text2                                F0       F0       9F        8       0
                text1                               43C      43C       12        8       0
                maintext                             3D       3D       B3        8       0
                cstackBANK0                          20       20       25       20       1
                cstackCOMMON                         70       70        D       70       1
                inittext                            482      482        6        8       0
                dataBANK0                            45       45        D       20       1
                bssBANK0                             52       52        A       20       1
                bssCOMMON                            7D       7D        1       70       1
                idataBANK0                          460      460        D        8       0

TOTAL           Name                               Link     Load   Length     Space
        CLASS   CODE           
                end_init                             20       20        2         0
                cinit                                22       22       1B         0
                intentry                              4        4       1C         0
                reset_vec                             0        0        2         0
                text17                              478      478        A         0
                text16                              243      243       51         0
                text14                              46D      46D        B         0
                text13                              18F      18F       5D         0
                text12                              1EC      1EC       57         0
                text11                              323      323       40         0
                text10                              44E      44E       12         0
                text9                               2E0      2E0       43         0
                text8                               427      427       15         0
                text7                               412      412       15         0
                text6                               363      363       3F         0
                text5                               294      294       4C         0
                text4                               3A2      3A2       3B         0
                text3                               3DD      3DD       35         0
                text2                                F0       F0       9F         0
                text1                               43C      43C       12         0
                maintext                             3D       3D       B3         0
                inittext                            482      482        6         0
                idataBANK0                          460      460        D         0

        CLASS   STRCODE        

        CLASS   STRING         

        CLASS   CONST          

        CLASS   ENTRY          

        CLASS   COMMON         
                cstackCOMMON                         70       70        D         1
                bssCOMMON                            7D       7D        1         1

        CLASS   BANK0          
                cstackBANK0                          20       20       25         1
                dataBANK0                            45       45        D         1
                bssBANK0                             52       52        A         1

        CLASS   BANK1          

        CLASS   BANK2          

        CLASS   BANK3          

        CLASS   BANK4          

        CLASS   BANK5          

        CLASS   BANK6          

        CLASS   BANK7          

        CLASS   BANK8          

        CLASS   BANK9          

        CLASS   BANK10         

        CLASS   BANK11         

        CLASS   BANK12         

        CLASS   BANK13         

        CLASS   BANK14         

        CLASS   BANK15         

        CLASS   BANK16         

        CLASS   BANK17         

        CLASS   BANK18         

        CLASS   BANK19         

        CLASS   BANK20         

        CLASS   BANK21         

        CLASS   BANK22         

        CLASS   BANK23         

        CLASS   BANK24         

        CLASS   BANK25         

        CLASS   BIGRAM         

        CLASS   RAM            

        CLASS   ABS1           
                abs_s1                               7E       7E        2         1

        CLASS   SFR0           

        CLASS   SFR1           

        CLASS   SFR2           

        CLASS   SFR3           

        CLASS   SFR4           

        CLASS   SFR5           

        CLASS   SFR6           

        CLASS   SFR7           

        CLASS   SFR8           

        CLASS   SFR9           

        CLASS   SFR10          

        CLASS   SFR11          

        CLASS   SFR12          

        CLASS   SFR13          

        CLASS   SFR14          

        CLASS   SFR15          

        CLASS   SFR16          

        CLASS   SFR17          

        CLASS   SFR18          

        CLASS   SFR19          

        CLASS   SFR20          

        CLASS   SFR21          

        CLASS   SFR22          

        CLASS   SFR23          

        CLASS   SFR24          

        CLASS   SFR25          

        CLASS   SFR26          

        CLASS   SFR27          

        CLASS   SFR28          

        CLASS   SFR29          

        CLASS   SFR30          

        CLASS   SFR31          

        CLASS   CONFIG         
                config                             8007     8007        2         4

        CLASS   IDLOC          

        CLASS   EEDATA         

        CLASS   BANK31         

        CLASS   BANK30         

        CLASS   BANK29         

        CLASS   BANK28         

        CLASS   BANK27         

        CLASS   BANK26         

        CLASS   HEAP           

        CLASS   STACK          



SEGMENTS        Name                           Load    Length   Top    Selector   Space  Class     Delta

                reset_vec                      000000  000002  000002         0       0  CODE        2
                intentry                       000004  000484  000488         8       0  CODE        2
                cstackBANK0                    000020  00003C  00005C        20       1  BANK0       1
                cstackCOMMON                   000070  00000E  00007E        70       1  COMMON      1


UNUSED ADDRESS RANGES

        Name                Unused          Largest block    Delta
        BANK0            0005C-0006F              14           1
        BANK1            000A0-000EF              50           1
        BANK10           00520-0056F              50           1
        BANK11           005A0-005EF              50           1
        BANK12           00620-0066F              50           1
        BANK13           006A0-006EF              50           1
        BANK14           00720-0076F              50           1
        BANK15           007A0-007EF              50           1
        BANK16           00820-0086F              50           1
        BANK17           008A0-008EF              50           1
        BANK18           00920-0096F              50           1
        BANK19           009A0-009EF              50           1
        BANK2            00120-0016F              50           1
        BANK20           00A20-00A6F              50           1
        BANK21           00AA0-00AEF              50           1
        BANK22           00B20-00B6F              50           1
        BANK23           00BA0-00BEF              50           1
        BANK24           00C20-00C6F              50           1
        BANK25           00CA0-00CBF              20           1
        BANK3            001A0-001EF              50           1
        BANK4            00220-0026F              50           1
        BANK5            002A0-002EF              50           1
        BANK6            00320-0036F              50           1
        BANK7            003A0-003EF              50           1
        BANK8            00420-0046F              50           1
        BANK9            004A0-004EF              50           1
        BIGRAM           02000-027EF             7F0           1
        CODE             00002-00003               2           2
                         00488-03FFF             800
        CONFIG           08009-0800A               2           2
        CONST            00002-00003               2           2
                         00488-03FFF             100
        EEDATA           0F000-0F0FF             100           2
        ENTRY            00002-00003               2           2
                         00488-03FFF             100
        IDLOC            08000-08003               4           2
        RAM              0005C-0006F              14           1
                         000A0-000EF              50
                         00120-0016F              50
                         001A0-001EF              50
                         00220-0026F              50
                         002A0-002EF              50
                         00320-0036F              50
                         003A0-003EF              50
                         00420-0046F              50
                         004A0-004EF              50
                         00520-0056F              50
                         005A0-005EF              50
                         00620-0066F              50
                         006A0-006EF              50
                         00720-0076F              50
                         007A0-007EF              50
                         00820-0086F              50
                         008A0-008EF              50
                         00920-0096F              50
                         009A0-009EF              50
                         00A20-00A6F              50
                         00AA0-00AEF              50
                         00B20-00B6F              50
                         00BA0-00BEF              50
                         00C20-00C6F              50
                         00CA0-00CBF              20
        SFR0             00000-0001F              20           1
        SFR1             00080-0009F              20           1
        SFR10            00500-0051F              20           1
        SFR11            00580-0059F              20           1
        SFR12            00600-0061F              20           1
        SFR13            00680-0069F              20           1
        SFR14            00700-0071F              20           1
        SFR15            00780-0079F              20           1
        SFR16            00800-0081F              20           1
        SFR17            00880-0089F              20           1
        SFR18            00900-0091F              20           1
        SFR19            00980-0099F              20           1
        SFR2             00100-0011F              20           1
        SFR20            00A00-00A1F              20           1
        SFR21            00A80-00A9F              20           1
        SFR22            00B00-00B1F              20           1
        SFR23            00B80-00B9F              20           1
        SFR24            00C00-00C1F              20           1
        SFR25            00C80-00C9F              20           1
        SFR26            00D00-00D6F              70           1
        SFR27            00D80-00DEF              70           1
        SFR28            00E00-00E6F              70           1
        SFR29            00E80-00EEF              70           1
        SFR3             00180-0019F              20           1
        SFR30            00F00-00F6F              70           1
        SFR31            00F80-00FEF              70           1
        SFR4             00200-0021F              20           1
        SFR5             00280-0029F              20           1
        SFR6             00300-0031F              20           1
        SFR7             00380-0039F              20           1
        SFR8             00400-0041F              20           1
        SFR9             00480-0049F              20           1
        STRCODE          00002-00003               2           2
                         00488-03FFF            3B78
        STRING           00002-00003               2           2
                         00488-03FFF             100

                                  Symbol Table

?___lwdiv                   cstackBANK0  00020
ChangeRadioMode@CONFIGbits  cstackBANK0  0002D
ChangeRadioMode@CRCbytes    cstackBANK0  00026
ChangeRadioMode@F6448       bssBANK0     00055
ChangeRadioMode@databytes   cstackBANK0  0002B
ChangeRadioMode@newMode     cstackBANK0  0002A
ChangeRadioMode@result      cstackBANK0  00027
FeatureTest@F6458           dataBANK0    00047
FeatureTest@F6461           dataBANK0    00045
FeatureTest@FeaturesAfter   cstackBANK0  00031
FeatureTest@FeaturesBefore  cstackBANK0  0002F
FeatureTest@bytes           cstackBANK0  0002B
FeatureTest@databytes       cstackBANK0  0002D
FeatureTest@result          cstackBANK0  0002A
FlushRX@F6431               dataBANK0    0004C
FlushRX@bytes               cstackBANK0  00026
FlushRX@result              cstackBANK0  00027
FlushTX@F6435               dataBANK0    0004B
FlushTX@bytes               cstackBANK0  00026
FlushTX@result              cstackBANK0  00027
ISR@ThisEvent               cstackCOMMON 00076
ISR@databytes               cstackCOMMON 00079
ISR@result                  cstackCOMMON 0007B
RFSetup@Setup               cstackBANK0  00031
RFSetup@databytes           cstackBANK0  0002E
RFSetup@datarate            cstackBANK0  00030
RFSetup@power               cstackBANK0  0002A
RFSetup@result              cstackBANK0  0002B
ReadRegister@bytes          cstackBANK0  00028
ReadRegister@reg            cstackBANK0  00027
ReadRegister@result         cstackBANK0  00026
SendSPI@bytes               cstackBANK0  00022
SendSPI@i                   cstackBANK0  00025
SendSPI@n                   cstackBANK0  00024
SendSPI@result              cstackBANK0  00023
SetupPayloadSize@databytes  cstackBANK0  00028
SetupPayloadSize@result     cstackBANK0  00026
SetupPayloadSize@size       cstackBANK0  00027
SetupRetries@ARDbin         cstackBANK0  0002C
SetupRetries@autoReTXCount  cstackBANK0  00029
SetupRetries@autoReTXDelay  cstackBANK0  00027
SetupRetries@databytes      cstackBANK0  0002E
SetupRetries@result         cstackBANK0  0002A
StartListening@address      cstackBANK0  0002E
StartListening@addressWidth cstackBANK0  0002F
StartListening@databytes    cstackBANK0  00031
StartListening@result       cstackBANK0  00030
StartRadio@CONFIGReg        cstackBANK0  00037
StartRadio@ReturnVal        cstackBANK0  00036
StartRadio@channel          cstackBANK0  00035
StartRadio@databytes        cstackBANK0  00038
StartRadio@payloadSize      cstackBANK0  00033
StartRadio@result           cstackBANK0  00034
_ANSELAbits                 (abs)        0018C
_ANSELCbits                 (abs)        0018E
_ChangeRadioMode            text12       001EC
_FeatureTest                text9        002E0
_FlushRX                    text8        00427
_FlushTX                    text7        00412
_IOCAFbits                  (abs)        00393
_IOCCNbits                  (abs)        00398
_ISR                        intentry     00004
_LATAbits                   (abs)        0010C
_LATCbits                   (abs)        0010E
_PORTAbits                  (abs)        0000C
_PR2                        (abs)        0001E
_PWM5CONbits                (abs)        00619
_PWM5DCH                    (abs)        00618
_PWM5DCL                    (abs)        00617
_PWM6CONbits                (abs)        0061C
_PWM6DCH                    (abs)        0061B
_PWM6DCL                    (abs)        0061A
_PWMTMRSbits                (abs)        0061F
_RA2PPS                     (abs)        00E92
_RC0PPS                     (abs)        00EA0
_RC3PPS                     (abs)        00EA3
_RC4PPS                     (abs)        00EA4
_RFSetup                    text6        00363
_ReadRegister               text10       0044E
_SPI_STATUSbits             bssBANK0     00056
_SSP1BUF                    (abs)        00211
_SSP1CON1bits               (abs)        00215
_SSP1DATPPS                 (abs)        00E21
_SSP1STATbits               (abs)        00214
_SendSPI                    text13       0018F
_SetupPayloadSize           text5        00294
_SetupRetries               text3        003DD
_StartListening             text11       00323
_StartRadio                 text2        000F0
_T2CONbits                  (abs)        0001F
_TMR2                       (abs)        0001D
_TRISAbits                  (abs)        0008C
_TRISCbits                  (abs)        0008E
__H__absolute__             __absolute__ 00000
__Habs1                     abs1         00000
__Hbank0                    bank0        00000
__Hbank1                    bank1        00000
__Hbank10                   bank10       00000
__Hbank11                   bank11       00000
__Hbank12                   bank12       00000
__Hbank13                   bank13       00000
__Hbank14                   bank14       00000
__Hbank15                   bank15       00000
__Hbank16                   bank16       00000
__Hbank17                   bank17       00000
__Hbank18                   bank18       00000
__Hbank19                   bank19       00000
__Hbank2                    bank2        00000
__Hbank20                   bank20       00000
__Hbank21                   bank21       00000
__Hbank22                   bank22       00000
__Hbank23                   bank23       00000
__Hbank24                   bank24       00000
__Hbank25                   bank25       00000
__Hbank26                   bank26       00000
__Hbank27                   bank27       00000
__Hbank28                   bank28       00000
__Hbank29                   bank29       00000
__Hbank3                    bank3        00000
__Hbank30                   bank30       00000
__Hbank31                   bank31       00000
__Hbank4                    bank4        00000
__Hbank5                    bank5        00000
__Hbank6                    bank6        00000
__Hbank7                    bank7        00000
__Hbank8                    bank8        00000
__Hbank9                    bank9        00000
__Hbigram                   bigram       00000
__HbssBANK0                 bssBANK0     00000
__HbssCOMMON                bssCOMMON    00000
__Hcinit                    cinit        0003D
__Hclrtext                  clrtext      00000
__Hcode                     code         00000
__Hcommon                   common       00000
__Hconfig                   config       08009
__HcstackBANK0              cstackBANK0  00000
__HcstackCOMMON             cstackCOMMON 00000
__HdataBANK0                dataBANK0    00000
__Heeprom_data              eeprom_data  00000
__Hend_init                 end_init     00022
__Hfunctab                  functab      00000
__Hheap                     heap         00000
__HidataBANK0               idataBANK0   00000
__Hinit                     init         00020
__Hinittext                 inittext     00000
__Hintentry                 intentry     00020
__Hmaintext                 maintext     00000
__Hpowerup                  powerup      00000
__Hram                      ram          00000
__Hreset_vec                reset_vec    00002
__Hsfr0                     sfr0         00000
__Hsfr1                     sfr1         00000
__Hsfr10                    sfr10        00000
__Hsfr11                    sfr11        00000
__Hsfr12                    sfr12        00000
__Hsfr13                    sfr13        00000
__Hsfr14                    sfr14        00000
__Hsfr15                    sfr15        00000
__Hsfr16                    sfr16        00000
__Hsfr17                    sfr17        00000
__Hsfr18                    sfr18        00000
__Hsfr19                    sfr19        00000
__Hsfr2                     sfr2         00000
__Hsfr20                    sfr20        00000
__Hsfr21                    sfr21        00000
__Hsfr22                    sfr22        00000
__Hsfr23                    sfr23        00000
__Hsfr24                    sfr24        00000
__Hsfr25                    sfr25        00000
__Hsfr26                    sfr26        00000
__Hsfr27                    sfr27        00000
__Hsfr28                    sfr28        00000
__Hsfr29                    sfr29        00000
__Hsfr3                     sfr3         00000
__Hsfr30                    sfr30        00000
__Hsfr31                    sfr31        00000
__Hsfr4                     sfr4         00000
__Hsfr5                     sfr5         00000
__Hsfr6                     sfr6         00000
__Hsfr7                     sfr7         00000
__Hsfr8                     sfr8         00000
__Hsfr9                     sfr9         00000
__Hsivt                     sivt         00020
__Hspace_0                  (abs)        00488
__Hspace_1                  (abs)        0007E
__Hspace_2                  (abs)        00000
__Hspace_3                  (abs)        00000
__Hspace_4                  (abs)        10010
__Hstack                    stack        00000
__Hstrings                  strings      00000
__Htext                     text         00000
__L__absolute__             __absolute__ 00000
__Labs1                     abs1         00000
__Lbank0                    bank0        00000
__Lbank1                    bank1        00000
__Lbank10                   bank10       00000
__Lbank11                   bank11       00000
__Lbank12                   bank12       00000
__Lbank13                   bank13       00000
__Lbank14                   bank14       00000
__Lbank15                   bank15       00000
__Lbank16                   bank16       00000
__Lbank17                   bank17       00000
__Lbank18                   bank18       00000
__Lbank19                   bank19       00000
__Lbank2                    bank2        00000
__Lbank20                   bank20       00000
__Lbank21                   bank21       00000
__Lbank22                   bank22       00000
__Lbank23                   bank23       00000
__Lbank24                   bank24       00000
__Lbank25                   bank25       00000
__Lbank26                   bank26       00000
__Lbank27                   bank27       00000
__Lbank28                   bank28       00000
__Lbank29                   bank29       00000
__Lbank3                    bank3        00000
__Lbank30                   bank30       00000
__Lbank31                   bank31       00000
__Lbank4                    bank4        00000
__Lbank5                    bank5        00000
__Lbank6                    bank6        00000
__Lbank7                    bank7        00000
__Lbank8                    bank8        00000
__Lbank9                    bank9        00000
__Lbigram                   bigram       00000
__LbssBANK0                 bssBANK0     00000
__LbssCOMMON                bssCOMMON    00000
__Lcinit                    cinit        00022
__Lclrtext                  clrtext      00000
__Lcode                     code         00000
__Lcommon                   common       00000
__Lconfig                   config       00000
__LcstackBANK0              cstackBANK0  00000
__LcstackCOMMON             cstackCOMMON 00000
__LdataBANK0                dataBANK0    00000
__Leeprom_data              eeprom_data  00000
__Lend_init                 end_init     00020
__Lfunctab                  functab      00000
__Lheap                     heap         00000
__LidataBANK0               idataBANK0   00000
__Linit                     init         00020
__Linittext                 inittext     00000
__Lintentry                 intentry     00004
__Lmaintext                 maintext     00000
__Lpowerup                  powerup      00000
__Lram                      ram          00000
__Lreset_vec                reset_vec    00000
__Lsfr0                     sfr0         00000
__Lsfr1                     sfr1         00000
__Lsfr10                    sfr10        00000
__Lsfr11                    sfr11        00000
__Lsfr12                    sfr12        00000
__Lsfr13                    sfr13        00000
__Lsfr14                    sfr14        00000
__Lsfr15                    sfr15        00000
__Lsfr16                    sfr16        00000
__Lsfr17                    sfr17        00000
__Lsfr18                    sfr18        00000
__Lsfr19                    sfr19        00000
__Lsfr2                     sfr2         00000
__Lsfr20                    sfr20        00000
__Lsfr21                    sfr21        00000
__Lsfr22                    sfr22        00000
__Lsfr23                    sfr23        00000
__Lsfr24                    sfr24        00000
__Lsfr25                    sfr25        00000
__Lsfr26                    sfr26        00000
__Lsfr27                    sfr27        00000
__Lsfr28                    sfr28        00000
__Lsfr29                    sfr29        00000
__Lsfr3                     sfr3         00000
__Lsfr30                    sfr30        00000
__Lsfr31                    sfr31        00000
__Lsfr4                     sfr4         00000
__Lsfr5                     sfr5         00000
__Lsfr6                     sfr6         00000
__Lsfr7                     sfr7         00000
__Lsfr8                     sfr8         00000
__Lsfr9                     sfr9         00000
__Lsivt                     sivt         00020
__Lspace_0                  (abs)        00000
__Lspace_1                  (abs)        00000
__Lspace_2                  (abs)        00000
__Lspace_3                  (abs)        00000
__Lspace_4                  (abs)        00000
__Lstack                    stack        00000
__Lstrings                  strings      00000
__Ltext                     text         00000
__S0                        (abs)        00488
__S1                        (abs)        0007E
__S3                        (abs)        00000
___heap_hi                  (abs)        00000
___heap_lo                  (abs)        00000
___int_sp                   stack        00000
___int_stack_hi             stack        00000
___int_stack_lo             stack        00000
___latbits                  (abs)        00003
___lwdiv                    text4        003A2
___lwdiv@counter            cstackBANK0  00026
___lwdiv@dividend           cstackBANK0  00022
___lwdiv@divisor            cstackBANK0  00020
___lwdiv@quotient           cstackBANK0  00024
___sp                       stack        00000
___stack_hi                 stack        00000
___stack_lo                 stack        00000
___stackhi                  (abs)        00000
___stacklo                  (abs)        00000
__end_of_ChangeRadioMode    text12       00243
__end_of_FeatureTest        text9        00323
__end_of_FlushRX            text8        0043C
__end_of_FlushTX            text7        00427
__end_of_ISR                intentry     00020
__end_of_RFSetup            text6        003A2
__end_of_ReadRegister       text10       00460
__end_of_SendSPI            text13       001EC
__end_of_SetupPayloadSize   text5        002E0
__end_of_SetupRetries       text3        00412
__end_of_StartListening     text11       00363
__end_of_StartRadio         text2        0018F
__end_of___lwdiv            text4        003DD
__end_of__initialization    cinit        00039
__end_of_ce                 text1        0044E
__end_of_delay              text14       00478
__end_of_main               maintext     000F0
__end_ofi1_SendSPI          text16       00294
__end_ofi1_delay            text17       00482
__initialization            cinit        00022
__pbssBANK0                 bssBANK0     00052
__pbssCOMMON                bssCOMMON    0007D
__pcstackBANK0              cstackBANK0  00020
__pcstackCOMMON             cstackCOMMON 00070
__pdataBANK0                dataBANK0    00045
__pidataBANK0               idataBANK0   00460
__pintentry                 intentry     00004
__pmaintext                 maintext     0003D
__ptext1                    text1        0043C
__ptext10                   text10       0044E
__ptext11                   text11       00323
__ptext12                   text12       001EC
__ptext13                   text13       0018F
__ptext14                   text14       0046D
__ptext16                   text16       00243
__ptext17                   text17       00478
__ptext2                    text2        000F0
__ptext3                    text3        003DD
__ptext4                    text4        003A2
__ptext5                    text5        00294
__ptext6                    text6        00363
__ptext7                    text7        00412
__ptext8                    text8        00427
__ptext9                    text9        002E0
_address                    dataBANK0    0004D
_ce                         text1        0043C
_delay                      text14       0046D
_main                       maintext     0003D
_motorSpeed                 dataBANK0    0004A
_payload                    bssBANK0     00057
_radioType                  bssCOMMON    0007D
_readyToTransmit            dataBANK0    00049
_servoPos                   bssBANK0     00054
btemp                       (abs)        0007E
ce@Level                    cstackBANK0  00020
delay@length                cstackBANK0  00020
end_of_initialization       cinit        00039
i1SendSPI@bytes             cstackCOMMON 00072
i1SendSPI@i                 cstackCOMMON 00075
i1SendSPI@n                 cstackCOMMON 00074
i1SendSPI@result            cstackCOMMON 00073
i1_SendSPI                  text16       00243
i1_delay                    text17       00478
i1delay@length              cstackCOMMON 00070
init_ram                    inittext     00482
int$flags                   (abs)        0007E
intlevel0                   functab      00000
intlevel1                   functab      00000
intlevel2                   functab      00000
intlevel3                   functab      00000
intlevel4                   functab      00000
intlevel5                   functab      00000
main@databytes              cstackBANK0  00041
main@radioStarted           cstackBANK0  0003E
main@result                 cstackBANK0  0003F
main@result_420             cstackBANK0  00043
reset_vec                   reset_vec    00000
start                       init         00020
start_initialization        cinit        00022
wtemp0                      (abs)        0007E


MODULE INFORMATION

Module		Function		Class		Link	Load	Size
SourceFiles/TransmitService.c
		_ISR           		CODE           	0004	0000	28
		_ce            		CODE           	043C	0000	18

SourceFiles/TransmitService.c estimated size: 46

SourceFiles/main.c
		_main          		CODE           	003D	0000	179

SourceFiles/main.c estimated size: 179

SourceFiles/nRF24L01.c
		_StartListening		CODE           	0323	0000	64
		_ChangeRadioMode		CODE           	01EC	0000	87
		_SetupRetries  		CODE           	03DD	0000	53
		_StartRadio    		CODE           	00F0	0000	159
		_FlushTX       		CODE           	0412	0000	21
		_FlushRX       		CODE           	0427	0000	21
		_SetupPayloadSize		CODE           	0294	0000	76
		_RFSetup       		CODE           	0363	0000	63
		_FeatureTest   		CODE           	02E0	0000	67

SourceFiles/nRF24L01.c estimated size: 611

shared
		i1_SendSPI     		CODE           	0243	0000	81
		__initialization		CODE           	0022	0000	23
		i1_delay       		CODE           	0478	0000	10

shared estimated size: 114

C:\Program Files\Microchip\xc8\v2.50\pic\sources\c99\common\lwdiv.c
		___lwdiv       		CODE           	03A2	0000	59

C:\Program Files\Microchip\xc8\v2.50\pic\sources\c99\common\lwdiv.c estimated size: 59

SourceFiles/SPI.c
		_delay         		CODE           	046D	0000	11
		_SendSPI       		CODE           	018F	0000	93
		_ReadRegister  		CODE           	044E	0000	18

SourceFiles/SPI.c estimated size: 122

