Archive member included to satisfy reference by file (symbol)

c:/program files/microchip/xc32/v4.45/bin/bin/../../lib/gcc/pic32mx/8.3.1/../../../../pic32mx/lib\libpic32.a(default-bootstrap-exception-handler.o)
                              C:\Users\pig\AppData\Local\Temp\ccWjf4SM.o (_bootstrap_exception_handler)
c:/program files/microchip/xc32/v4.45/bin/bin/../../lib/gcc/pic32mx/8.3.1/../../../../pic32mx/lib\libpic32.a(default-on-reset.o)
                              C:\Users\pig\AppData\Local\Temp\ccWjf4SM.o (_on_reset)
c:/program files/microchip/xc32/v4.45/bin/bin/../../lib/gcc/pic32mx/8.3.1/../../../../pic32mx/lib\libpic32.a(default-on-bootstrap.o)
                              C:\Users\pig\AppData\Local\Temp\ccWjf4SM.o (_on_bootstrap)
c:/program files/microchip/xc32/v4.45/bin/bin/../../lib/gcc/pic32mx/8.3.1/../../../../pic32mx/lib\libpic32.a(default-nmi-handler.o)
                              C:\Users\pig\AppData\Local\Temp\ccWjf4SM.o (_nmi_handler)
c:/program files/microchip/xc32/v4.45/bin/bin/../../lib/gcc/pic32mx/8.3.1/../../../../pic32mx/lib\libpic32.a(xc32_uart.o)
                              build/default/production/FrameworkSource/terminal.o (__XC_UART)
c:/program files/microchip/xc32/v4.45/bin/bin/../../lib/gcc/pic32mx/8.3.1/../../../../pic32mx/lib\libpic32.a(pic32_data_init_core.o)
                              C:\Users\pig\AppData\Local\Temp\ccWjf4SM.o (__pic32_data_init)
c:/program files/microchip/xc32/v4.45/bin/bin/../../lib/gcc/pic32mx/8.3.1/../../../../pic32mx/lib\libpic32.a(general-exception.o)
                              C:\Users\pig\AppData\Local\Temp\ccWjf4SM.o (_general_exception_context)
c:/program files/microchip/xc32/v4.45/bin/bin/../../lib/gcc/pic32mx/8.3.1/../../../../pic32mx/lib\libpic32.a(vector1.o)
                              C:\Users\pig\AppData\Local\Temp\cc8ED6qO.o (__vector_dispatch_1)
c:/program files/microchip/xc32/v4.45/bin/bin/../../lib/gcc/pic32mx/8.3.1/../../../../pic32mx/lib\libpic32.a(vector2.o)
                              C:\Users\pig\AppData\Local\Temp\cc8ED6qO.o (__vector_dispatch_2)
c:/program files/microchip/xc32/v4.45/bin/bin/../../lib/gcc/pic32mx/8.3.1/../../../../pic32mx/lib\libpic32.a(vector3.o)
                              C:\Users\pig\AppData\Local\Temp\cc8ED6qO.o (__vector_dispatch_3)
c:/program files/microchip/xc32/v4.45/bin/bin/../../lib/gcc/pic32mx/8.3.1/../../../../pic32mx/lib\libpic32.a(vector4.o)
                              C:\Users\pig\AppData\Local\Temp\cc8ED6qO.o (__vector_dispatch_4)
c:/program files/microchip/xc32/v4.45/bin/bin/../../lib/gcc/pic32mx/8.3.1/../../../../pic32mx/lib\libpic32.a(vector5.o)
                              C:\Users\pig\AppData\Local\Temp\cc8ED6qO.o (__vector_dispatch_5)
c:/program files/microchip/xc32/v4.45/bin/bin/../../lib/gcc/pic32mx/8.3.1/../../../../pic32mx/lib\libpic32.a(vector6.o)
                              C:\Users\pig\AppData\Local\Temp\cc8ED6qO.o (__vector_dispatch_6)
c:/program files/microchip/xc32/v4.45/bin/bin/../../lib/gcc/pic32mx/8.3.1/../../../../pic32mx/lib\libpic32.a(vector7.o)
                              C:\Users\pig\AppData\Local\Temp\cc8ED6qO.o (__vector_dispatch_7)
c:/program files/microchip/xc32/v4.45/bin/bin/../../lib/gcc/pic32mx/8.3.1/../../../../pic32mx/lib\libpic32.a(vector8.o)
                              C:\Users\pig\AppData\Local\Temp\cc8ED6qO.o (__vector_dispatch_8)
c:/program files/microchip/xc32/v4.45/bin/bin/../../lib/gcc/pic32mx/8.3.1/../../../../pic32mx/lib\libpic32.a(vector9.o)
                              C:\Users\pig\AppData\Local\Temp\cc8ED6qO.o (__vector_dispatch_9)
c:/program files/microchip/xc32/v4.45/bin/bin/../../lib/gcc/pic32mx/8.3.1/../../../../pic32mx/lib\libpic32.a(vector10.o)
                              C:\Users\pig\AppData\Local\Temp\cc8ED6qO.o (__vector_dispatch_10)
c:/program files/microchip/xc32/v4.45/bin/bin/../../lib/gcc/pic32mx/8.3.1/../../../../pic32mx/lib\libpic32.a(vector11.o)
                              C:\Users\pig\AppData\Local\Temp\cc8ED6qO.o (__vector_dispatch_11)
c:/program files/microchip/xc32/v4.45/bin/bin/../../lib/gcc/pic32mx/8.3.1/../../../../pic32mx/lib\libpic32.a(vector12.o)
                              C:\Users\pig\AppData\Local\Temp\cc8ED6qO.o (__vector_dispatch_12)
c:/program files/microchip/xc32/v4.45/bin/bin/../../lib/gcc/pic32mx/8.3.1/../../../../pic32mx/lib\libpic32.a(vector13.o)
                              C:\Users\pig\AppData\Local\Temp\cc8ED6qO.o (__vector_dispatch_13)
c:/program files/microchip/xc32/v4.45/bin/bin/../../lib/gcc/pic32mx/8.3.1/../../../../pic32mx/lib\libpic32.a(vector14.o)
                              C:\Users\pig\AppData\Local\Temp\cc8ED6qO.o (__vector_dispatch_14)
c:/program files/microchip/xc32/v4.45/bin/bin/../../lib/gcc/pic32mx/8.3.1/../../../../pic32mx/lib\libpic32.a(vector16.o)
                              C:\Users\pig\AppData\Local\Temp\cc8ED6qO.o (__vector_dispatch_16)
[...]
Memory Configuration

Name             Origin             Length             Attributes
kseg0_program_mem 0x000000009d000000 0x000000000003f000 xr
exception_mem    0x000000009d03f000 0x0000000000001000
debug_exec_mem   0x000000009fc00490 0x0000000000000760
kseg0_boot_mem   0x000000009fc00490 0x0000000000000000
kseg1_boot_mem   0x00000000bfc00000 0x0000000000000490
config3          0x00000000bfc00bf0 0x0000000000000004
config2          0x00000000bfc00bf4 0x0000000000000004
config1          0x00000000bfc00bf8 0x0000000000000004
config0          0x00000000bfc00bfc 0x0000000000000004
kseg1_data_mem   0x00000000a0000000 0x0000000000010000 w !x
sfrs             0x00000000bf800000 0x0000000000100000
configsfrs       0x00000000bfc00bf0 0x0000000000000010
*default*        0x0000000000000000 0xffffffffffffffff

Linker script and memory map

LOAD c:/program files/microchip/xc32/v4.45/bin/bin/../../lib/gcc/pic32mx/8.3.1/../../../../pic32mx/lib\debug-exception-return.o
LOAD build/default/production/FrameworkSource/ES_CheckEvents.o
LOAD build/default/production/FrameworkSource/ES_DeferRecall.o
LOAD build/default/production/FrameworkSource/ES_Framework.o
LOAD build/default/production/FrameworkSource/ES_LookupTables.o
LOAD build/default/production/FrameworkSource/ES_Port.o
LOAD build/default/production/FrameworkSource/ES_PostList.o
LOAD build/default/production/FrameworkSource/ES_Queue.o
LOAD build/default/production/FrameworkSource/ES_Timers.o
LOAD build/default/production/FrameworkSource/terminal.o
LOAD build/default/production/FrameworkSource/circular_buffer_no_modulo_threadsafe.o
LOAD build/default/production/FrameworkSource/dbprintf.o
LOAD build/default/production/ProjectSource/EventCheckers.o
LOAD build/default/production/ProjectSource/main.o
LOAD build/default/production/ProjectSource/TransmitService.o
                0x0000000000000001                __MPLAB_BUILD = 0x1
                0x0000000000000100                _min_heap_size = 0x100
LOAD C:\Users\pig\AppData\Local\Temp\ccWjf4SM.o
LOAD C:\Users\pig\AppData\Local\Temp\ccbjLL3g.o
LOAD C:\Users\pig\AppData\Local\Temp\cc8ED6qO.o
LOAD c:/program files/microchip/xc32/v4.45/bin/bin/../../lib/gcc/pic32mx/8.3.1/../../../../pic32mx/lib\pic32_software_reset.o
LOAD c:/program files/microchip/xc32/v4.45/bin/bin/../../lib/gcc/pic32mx/8.3.1\libgcc.a
START GROUP
LOAD c:/program files/microchip/xc32/v4.45/bin/bin/../../lib/gcc/pic32mx/8.3.1/../../../../pic32mx/lib\libpic32.a
LOAD c:/program files/microchip/xc32/v4.45/bin/bin/../../lib/gcc/pic32mx/8.3.1/../../../../pic32mx/lib\libc-size-musl.a
LOAD c:/program files/microchip/xc32/v4.45/bin/bin/../../lib/gcc/pic32mx/8.3.1/../../../../pic32mx/lib\liblmalloc-musl.a
LOAD c:/program files/microchip/xc32/v4.45/bin/bin/../../lib/gcc/pic32mx/8.3.1/../../../../pic32mx/lib\libdebug.a
LOAD c:/program files/microchip/xc32/v4.45/bin/bin/../../lib/gcc/pic32mx/8.3.1/../../../../pic32mx/lib\libc-musl.a
LOAD c:/program files/microchip/xc32/v4.45/bin/bin/../../lib/gcc/pic32mx/8.3.1/../../../../pic32mx/lib\libm.a
LOAD c:/program files/microchip/xc32/v4.45/bin/bin/../../lib/gcc/pic32mx/8.3.1/../../../../pic32mx/lib\libe.a
LOAD c:/program files/microchip/xc32/v4.45/bin/bin/../../lib/gcc/pic32mx/8.3.1/../../../../pic32mx/lib\libm-musl.a
LOAD c:/program files/microchip/xc32/v4.45/bin/bin/../../lib/gcc/pic32mx/8.3.1/../../../../pic32mx/lib\libdsp.a
LOAD c:/program files/microchip/xc32/v4.45/bin/bin/../../lib/gcc/pic32mx/8.3.1\libgcc.a
END GROUP
LOAD c:/program files/microchip/xc32/v4.45/bin/bin/../../lib/gcc/pic32mx/8.3.1\libgcc.a
                0x0000000000000400                PROVIDE (_min_stack_size = 0x400)
START GROUP
LOAD libmchp_peripheral.a
END GROUP
START GROUP
LOAD libmchp_peripheral_32MX170F256B.a
END GROUP
                0x0000000000000001                PROVIDE (_vector_spacing = 0x1)
                0x000000009d03f000                PROVIDE (_ebase_address = 0x9d03f000)
                0x00000000bfc00000                _RESET_ADDR = 0xbfc00000
                0x00000000bfc00380                _BEV_EXCPT_ADDR = 0xbfc00380
                0x00000000bfc00480                _DBG_EXCPT_ADDR = 0xbfc00480
                0x000000009fc00490                _DBG_CODE_ADDR = 0x9fc00490
                0x0000000000000760                _DBG_CODE_SIZE = 0x760
                0x000000009d03f180                _GEN_EXCPT_ADDR = (_ebase_address + 0x180)

.config_BFC00BF0
                0x00000000bfc00bf0        0x4
 *(.config_BFC00BF0)
 .config_BFC00BF0
                0x00000000bfc00bf0        0x4 build/default/production/FrameworkSource/ES_Port.o
                0x00000000bfc00bf0                __config_BFC00BF0

.config_BFC00BF4
                0x00000000bfc00bf4        0x4
 *(.config_BFC00BF4)
 .config_BFC00BF4
                0x00000000bfc00bf4        0x4 build/default/production/FrameworkSource/ES_Port.o
                0x00000000bfc00bf4                __config_BFC00BF4

.config_BFC00BF8
                0x00000000bfc00bf8        0x4
 *(.config_BFC00BF8)
 .config_BFC00BF8
                0x00000000bfc00bf8        0x4 build/default/production/FrameworkSource/ES_Port.o
                0x00000000bfc00bf8                __config_BFC00BF8

.config_BFC00BFC
                0x00000000bfc00bfc        0x4
 *(.config_BFC00BFC)
 .config_BFC00BFC
                0x00000000bfc00bfc        0x4 build/default/production/FrameworkSource/ES_Port.o
                0x00000000bfc00bfc                __config_BFC00BFC

.reset          0x00000000bfc00000      0x178
 *(.reset)
 .reset         0x00000000bfc00000        0x8 C:\Users\pig\AppData\Local\Temp\ccWjf4SM.o
                0x00000000bfc00000                _reset
 *(.reset.startup)
 .reset.startup
                0x00000000bfc00008      0x170 C:\Users\pig\AppData\Local\Temp\ccWjf4SM.o
                0x00000000bfc00008                _startup

.bev_excpt      0x00000000bfc00380       0x10
 *(.bev_handler)
 .bev_handler   0x00000000bfc00380       0x10 C:\Users\pig\AppData\Local\Temp\ccWjf4SM.o

.dbg_excpt      0x00000000bfc00480        0x0
                0x00000000bfc00480                . = (. + DEFINED (_DEBUGGER)?0x8:0x0)

.dbg_code       0x000000009fc00490        0x0
                0x000000009fc00490                . = (. + DEFINED (_DEBUGGER)?_DBG_CODE_SIZE:0x0)

.app_excpt      0x000000009d03f180       0x10
 *(.gen_handler)
 .gen_handler   0x000000009d03f180       0x10 C:\Users\pig\AppData\Local\Temp\ccWjf4SM.o

.vector_0       0x000000009d03f200        0x8
 *(.vector_0)
 .vector_0      0x000000009d03f200        0x8 build/default/production/FrameworkSource/ES_Port.o
                0x000000009d03f200                __vector_dispatch_0
                0x0000000000000001                ASSERT (((_vector_spacing == 0x0) || (SIZEOF (.vector_0) <= (_vector_spacing << 0x5))), function at exception vector 0 too large)

.vector_1       0x000000009d03f220        0x8
 *(.vector_1)
 .vector_1      0x000000009d03f220        0x8 c:/program files/microchip/xc32/v4.45/bin/bin/../../lib/gcc/pic32mx/8.3.1/../../../../pic32mx/lib\libpic32.a(vector1.o)
                0x000000009d03f220                __vector_dispatch_1
                0x0000000000000001                ASSERT (((_vector_spacing == 0x0) || (SIZEOF (.vector_1) <= (_vector_spacing << 0x5))), function at exception vector 1 too large)

.vector_2       0x000000009d03f240        0x8
 *(.vector_2)
 .vector_2      0x000000009d03f240        0x8 c:/program files/microchip/xc32/v4.45/bin/bin/../../lib/gcc/pic32mx/8.3.1/../../../../pic32mx/lib\libpic32.a(vector2.o)
                0x000000009d03f240                __vector_dispatch_2
                0x0000000000000001                ASSERT (((_vector_spacing == 0x0) || (SIZEOF (.vector_2) <= (_vector_spacing << 0x5))), function at exception vector 2 too large)

.vector_3       0x000000009d03f260        0x8
 *(.vector_3)
 .vector_3      0x000000009d03f260        0x8 c:/program files/microchip/xc32/v4.45/bin/bin/../../lib/gcc/pic32mx/8.3.1/../../../../pic32mx/lib\libpic32.a(vector3.o)
                0x000000009d03f260                __vector_dispatch_3
                0x0000000000000001                ASSERT (((_vector_spacing == 0x0) || (SIZEOF (.vector_3) <= (_vector_spacing << 0x5))), function at exception vector 3 too large)

.vector_4       0x000000009d03f280        0x8
 *(.vector_4)
 .vector_4      0x000000009d03f280        0x8 c:/program files/microchip/xc32/v4.45/bin/bin/../../lib/gcc/pic32mx/8.3.1/../../../../pic32mx/lib\libpic32.a(vector4.o)
                0x000000009d03f280                __vector_dispatch_4
                0x0000000000000001                ASSERT (((_vector_spacing == 0x0) || (SIZEOF (.vector_4) <= (_vector_spacing << 0x5))), function at exception vector 4 too large)

.vector_5       0x000000009d03f2a0        0x8
 *(.vector_5)
 .vector_5      0x000000009d03f2a0        0x8 c:/program files/microchip/xc32/v4.45/bin/bin/../../lib/gcc/pic32mx/8.3.1/../../../../pic32mx/lib\libpic32.a(vector5.o)
                0x000000009d03f2a0                __vector_dispatch_5
                0x0000000000000001                ASSERT (((_vector_spacing == 0x0) || (SIZEOF (.vector_5) <= (_vector_spacing << 0x5))), function at exception vector 5 too large)

.vector_6       0x000000009d03f2c0        0x8
 *(.vector_6)
 .vector_6      0x000000009d03f2c0        0x8 c:/program files/microchip/xc32/v4.45/bin/bin/../../lib/gcc/pic32mx/8.3.1/../../../../pic32mx/lib\libpic32.a(vector6.o)
                0x000000009d03f2c0                __vector_dispatch_6
                0x0000000000000001                ASSERT (((_vector_spacing == 0x0) || (SIZEOF (.vector_6) <= (_vector_spacing << 0x5))), function at exception vector 6 too large)

.vector_7       0x000000009d03f2e0        0x8
 *(.vector_7)
 .vector_7      0x000000009d03f2e0        0x8 c:/program files/microchip/xc32/v4.45/bin/bin/../../lib/gcc/pic32mx/8.3.1/../../../../pic32mx/lib\libpic32.a(vector7.o)
                0x000000009d03f2e0                __vector_dispatch_7
                0x0000000000000001                ASSERT (((_vector_spacing == 0x0) || (SIZEOF (.vector_7) <= (_vector_spacing << 0x5))), function at exception vector 7 too large)

.vector_8       0x000000009d03f300        0x8
 *(.vector_8)
 .vector_8      0x000000009d03f300        0x8 c:/program files/microchip/xc32/v4.45/bin/bin/../../lib/gcc/pic32mx/8.3.1/../../../../pic32mx/lib\libpic32.a(vector8.o)
                0x000000009d03f300                __vector_dispatch_8
                0x0000000000000001                ASSERT (((_vector_spacing == 0x0) || (SIZEOF (.vector_8) <= (_vector_spacing << 0x5))), function at exception vector 8 too large)

.vector_9       0x000000009d03f320        0x8
 *(.vector_9)
 .vector_9      0x000000009d03f320        0x8 c:/program files/microchip/xc32/v4.45/bin/bin/../../lib/gcc/pic32mx/8.3.1/../../../../pic32mx/lib\libpic32.a(vector9.o)
                0x000000009d03f320                __vector_dispatch_9
                0x0000000000000001                ASSERT (((_vector_spacing == 0x0) || (SIZEOF (.vector_9) <= (_vector_spacing << 0x5))), function at exception vector 9 too large)

.vector_10      0x000000009d03f340        0x8
 *(.vector_10)
 .vector_10     0x000000009d03f340        0x8 c:/program files/microchip/xc32/v4.45/bin/bin/../../lib/gcc/pic32mx/8.3.1/../../../../pic32mx/lib\libpic32.a(vector10.o)
                0x000000009d03f340                __vector_dispatch_10
                0x0000000000000001                ASSERT (((_vector_spacing == 0x0) || (SIZEOF (.vector_10) <= (_vector_spacing << 0x5))), function at exception vector 10 too large)

.vector_11      0x000000009d03f360        0x8
 *(.vector_11)
 .vector_11     0x000000009d03f360        0x8 c:/program files/microchip/xc32/v4.45/bin/bin/../../lib/gcc/pic32mx/8.3.1/../../../../pic32mx/lib\libpic32.a(vector11.o)
                0x000000009d03f360                __vector_dispatch_11
                0x0000000000000001                ASSERT (((_vector_spacing == 0x0) || (SIZEOF (.vector_11) <= (_vector_spacing << 0x5))), function at exception vector 11 too large)

.vector_12      0x000000009d03f380        0x8
 *(.vector_12)
 .vector_12     0x000000009d03f380        0x8 c:/program files/microchip/xc32/v4.45/bin/bin/../../lib/gcc/pic32mx/8.3.1/../../../../pic32mx/lib\libpic32.a(vector12.o)
                0x000000009d03f380                __vector_dispatch_12
                0x0000000000000001                ASSERT (((_vector_spacing == 0x0) || (SIZEOF (.vector_12) <= (_vector_spacing << 0x5))), function at exception vector 12 too large)

.vector_13      0x000000009d03f3a0        0x8
 *(.vector_13)
 .vector_13     0x000000009d03f3a0        0x8 c:/program files/microchip/xc32/v4.45/bin/bin/../../lib/gcc/pic32mx/8.3.1/../../../../pic32mx/lib\libpic32.a(vector13.o)
                0x000000009d03f3a0                __vector_dispatch_13
                0x0000000000000001                ASSERT (((_vector_spacing == 0x0) || (SIZEOF (.vector_13) <= (_vector_spacing << 0x5))), function at exception vector 13 too large)

.vector_14      0x000000009d03f3c0        0x8
 *(.vector_14)
 .vector_14     0x000000009d03f3c0        0x8 c:/program files/microchip/xc32/v4.45/bin/bin/../../lib/gcc/pic32mx/8.3.1/../../../../pic32mx/lib\libpic32.a(vector14.o)
                0x000000009d03f3c0                __vector_dispatch_14
                0x0000000000000001                ASSERT (((_vector_spacing == 0x0) || (SIZEOF (.vector_14) <= (_vector_spacing << 0x5))), function at exception vector 14 too large)

.vector_15      0x000000009d03f3e0        0x8
 *(.vector_15)
 .vector_15     0x000000009d03f3e0        0x8 build/default/production/ProjectSource/TransmitService.o
                0x000000009d03f3e0                __vector_dispatch_15
                0x0000000000000001                ASSERT (((_vector_spacing == 0x0) || (SIZEOF (.vector_15) <= (_vector_spacing << 0x5))), function at exception vector 15 too large)

.vector_16      0x000000009d03f400        0x8
 *(.vector_16)
 .vector_16     0x000000009d03f400        0x8 c:/program files/microchip/xc32/v4.45/bin/bin/../../lib/gcc/pic32mx/8.3.1/../../../../pic32mx/lib\libpic32.a(vector16.o)
                0x000000009d03f400                __vector_dispatch_16
                0x0000000000000001                ASSERT (((_vector_spacing == 0x0) || (SIZEOF (.vector_16) <= (_vector_spacing << 0x5))), function at exception vector 16 too large)

.vector_17      0x000000009d03f420        0x8
 *(.vector_17)
 .vector_17     0x000000009d03f420        0x8 c:/program files/microchip/xc32/v4.45/bin/bin/../../lib/gcc/pic32mx/8.3.1/../../../../pic32mx/lib\libpic32.a(vector17.o)
                0x000000009d03f420                __vector_dispatch_17
                0x0000000000000001                ASSERT (((_vector_spacing == 0x0) || (SIZEOF (.vector_17) <= (_vector_spacing << 0x5))), function at exception vector 17 too large)

.vector_18      0x000000009d03f440        0x8
 *(.vector_18)
 .vector_18     0x000000009d03f440        0x8 c:/program files/microchip/xc32/v4.45/bin/bin/../../lib/gcc/pic32mx/8.3.1/../../../../pic32mx/lib\libpic32.a(vector18.o)
                0x000000009d03f440                __vector_dispatch_18
                0x0000000000000001                ASSERT (((_vector_spacing == 0x0) || (SIZEOF (.vector_18) <= (_vector_spacing << 0x5))), function at exception vector 18 too large)

.vector_19      0x000000009d03f460        0x8
 *(.vector_19)
 .vector_19     0x000000009d03f460        0x8 c:/program files/microchip/xc32/v4.45/bin/bin/../../lib/gcc/pic32mx/8.3.1/../../../../pic32mx/lib\libpic32.a(vector19.o)
                0x000000009d03f460                __vector_dispatch_19
                0x0000000000000001                ASSERT (((_vector_spacing == 0x0) || (SIZEOF (.vector_19) <= (_vector_spacing << 0x5))), function at exception vector 19 too large)

.vector_20      0x000000009d03f480        0x8
 *(.vector_20)
 .vector_20     0x000000009d03f480        0x8 c:/program files/microchip/xc32/v4.45/bin/bin/../../lib/gcc/pic32mx/8.3.1/../../../../pic32mx/lib\libpic32.a(vector20.o)
                0x000000009d03f480                __vector_dispatch_20
                0x0000000000000001                ASSERT (((_vector_spacing == 0x0) || (SIZEOF (.vector_20) <= (_vector_spacing << 0x5))), function at exception vector 20 too large)

.vector_21      0x000000009d03f4a0        0x8
 *(.vector_21)
 .vector_21     0x000000009d03f4a0        0x8 c:/program files/microchip/xc32/v4.45/bin/bin/../../lib/gcc/pic32mx/8.3.1/../../../../pic32mx/lib\libpic32.a(vector21.o)
                0x000000009d03f4a0                __vector_dispatch_21
                0x0000000000000001                ASSERT (((_vector_spacing == 0x0) || (SIZEOF (.vector_21) <= (_vector_spacing << 0x5))), function at exception vector 21 too large)

.vector_22      0x000000009d03f4c0        0x8
 *(.vector_22)
 .vector_22     0x000000009d03f4c0        0x8 c:/program files/microchip/xc32/v4.45/bin/bin/../../lib/gcc/pic32mx/8.3.1/../../../../pic32mx/lib\libpic32.a(vector22.o)
                0x000000009d03f4c0                __vector_dispatch_22
                0x0000000000000001                ASSERT (((_vector_spacing == 0x0) || (SIZEOF (.vector_22) <= (_vector_spacing << 0x5))), function at exception vector 22 too large)

.vector_23      0x000000009d03f4e0        0x8
 *(.vector_23)
 .vector_23     0x000000009d03f4e0        0x8 c:/program files/microchip/xc32/v4.45/bin/bin/../../lib/gcc/pic32mx/8.3.1/../../../../pic32mx/lib\libpic32.a(vector23.o)
                0x000000009d03f4e0                __vector_dispatch_23
                0x0000000000000001                ASSERT (((_vector_spacing == 0x0) || (SIZEOF (.vector_23) <= (_vector_spacing << 0x5))), function at exception vector 23 too large)

.vector_24      0x000000009d03f500        0x8
 *(.vector_24)
 .vector_24     0x000000009d03f500        0x8 c:/program files/microchip/xc32/v4.45/bin/bin/../../lib/gcc/pic32mx/8.3.1/../../../../pic32mx/lib\libpic32.a(vector24.o)
                0x000000009d03f500                __vector_dispatch_24
                0x0000000000000001                ASSERT (((_vector_spacing == 0x0) || (SIZEOF (.vector_24) <= (_vector_spacing << 0x5))), function at exception vector 24 too large)

.vector_25      0x000000009d03f520        0x8
 *(.vector_25)
 .vector_25     0x000000009d03f520        0x8 c:/program files/microchip/xc32/v4.45/bin/bin/../../lib/gcc/pic32mx/8.3.1/../../../../pic32mx/lib\libpic32.a(vector25.o)
                0x000000009d03f520                __vector_dispatch_25
                0x0000000000000001                ASSERT (((_vector_spacing == 0x0) || (SIZEOF (.vector_25) <= (_vector_spacing << 0x5))), function at exception vector 25 too large)

.vector_26      0x000000009d03f540        0x8
 *(.vector_26)
 .vector_26     0x000000009d03f540        0x8 c:/program files/microchip/xc32/v4.45/bin/bin/../../lib/gcc/pic32mx/8.3.1/../../../../pic32mx/lib\libpic32.a(vector26.o)
                0x000000009d03f540                __vector_dispatch_26
                0x0000000000000001                ASSERT (((_vector_spacing == 0x0) || (SIZEOF (.vector_26) <= (_vector_spacing << 0x5))), function at exception vector 26 too large)

.vector_27      0x000000009d03f560        0x8
 *(.vector_27)
 .vector_27     0x000000009d03f560        0x8 c:/program files/microchip/xc32/v4.45/bin/bin/../../lib/gcc/pic32mx/8.3.1/../../../../pic32mx/lib\libpic32.a(vector27.o)
                0x000000009d03f560                __vector_dispatch_27
                0x0000000000000001                ASSERT (((_vector_spacing == 0x0) || (SIZEOF (.vector_27) <= (_vector_spacing << 0x5))), function at exception vector 27 too large)

.vector_28      0x000000009d03f580        0x8
 *(.vector_28)
 .vector_28     0x000000009d03f580        0x8 c:/program files/microchip/xc32/v4.45/bin/bin/../../lib/gcc/pic32mx/8.3.1/../../../../pic32mx/lib\libpic32.a(vector28.o)
                0x000000009d03f580                __vector_dispatch_28
                0x0000000000000001                ASSERT (((_vector_spacing == 0x0) || (SIZEOF (.vector_28) <= (_vector_spacing << 0x5))), function at exception vector 28 too large)

.vector_29      0x000000009d03f5a0        0x8
 *(.vector_29)
 .vector_29     0x000000009d03f5a0        0x8 c:/program files/microchip/xc32/v4.45/bin/bin/../../lib/gcc/pic32mx/8.3.1/../../../../pic32mx/lib\libpic32.a(vector29.o)
                0x000000009d03f5a0                __vector_dispatch_29
                0x0000000000000001                ASSERT (((_vector_spacing == 0x0) || (SIZEOF (.vector_29) <= (_vector_spacing << 0x5))), function at exception vector 29 too large)

.vector_30      0x000000009d03f5c0        0x8
 *(.vector_30)
 .vector_30     0x000000009d03f5c0        0x8 c:/program files/microchip/xc32/v4.45/bin/bin/../../lib/gcc/pic32mx/8.3.1/../../../../pic32mx/lib\libpic32.a(vector30.o)
                0x000000009d03f5c0                __vector_dispatch_30
                0x0000000000000001                ASSERT (((_vector_spacing == 0x0) || (SIZEOF (.vector_30) <= (_vector_spacing << 0x5))), function at exception vector 30 too large)

.vector_31      0x000000009d03f5e0        0x8
 *(.vector_31)
 .vector_31     0x000000009d03f5e0        0x8 c:/program files/microchip/xc32/v4.45/bin/bin/../../lib/gcc/pic32mx/8.3.1/../../../../pic32mx/lib\libpic32.a(vector31.o)
                0x000000009d03f5e0                __vector_dispatch_31
                0x0000000000000001                ASSERT (((_vector_spacing == 0x0) || (SIZEOF (.vector_31) <= (_vector_spacing << 0x5))), function at exception vector 31 too large)

.vector_32      0x000000009d03f600        0x8
 *(.vector_32)
 .vector_32     0x000000009d03f600        0x8 c:/program files/microchip/xc32/v4.45/bin/bin/../../lib/gcc/pic32mx/8.3.1/../../../../pic32mx/lib\libpic32.a(vector32.o)
                0x000000009d03f600                __vector_dispatch_32
                0x0000000000000001                ASSERT (((_vector_spacing == 0x0) || (SIZEOF (.vector_32) <= (_vector_spacing << 0x5))), function at exception vector 32 too large)

.vector_33      0x000000009d03f620        0x8
 *(.vector_33)
 .vector_33     0x000000009d03f620        0x8 c:/program files/microchip/xc32/v4.45/bin/bin/../../lib/gcc/pic32mx/8.3.1/../../../../pic32mx/lib\libpic32.a(vector33.o)
                0x000000009d03f620                __vector_dispatch_33
                0x0000000000000001                ASSERT (((_vector_spacing == 0x0) || (SIZEOF (.vector_33) <= (_vector_spacing << 0x5))), function at exception vector 33 too large)

.vector_34      0x000000009d03f640        0x8
 *(.vector_34)
 .vector_34     0x000000009d03f640        0x8 c:/program files/microchip/xc32/v4.45/bin/bin/../../lib/gcc/pic32mx/8.3.1/../../../../pic32mx/lib\libpic32.a(vector34.o)
                0x000000009d03f640                __vector_dispatch_34
                0x0000000000000001                ASSERT (((_vector_spacing == 0x0) || (SIZEOF (.vector_34) <= (_vector_spacing << 0x5))), function at exception vector 34 too large)

.vector_35      0x000000009d03f660        0x8
 *(.vector_35)
 .vector_35     0x000000009d03f660        0x8 c:/program files/microchip/xc32/v4.45/bin/bin/../../lib/gcc/pic32mx/8.3.1/../../../../pic32mx/lib\libpic32.a(vector35.o)
                0x000000009d03f660                __vector_dispatch_35
                0x0000000000000001                ASSERT (((_vector_spacing == 0x0) || (SIZEOF (.vector_35) <= (_vector_spacing << 0x5))), function at exception vector 35 too large)

.vector_36      0x000000009d03f680        0x8
 *(.vector_36)
 .vector_36     0x000000009d03f680        0x8 c:/program files/microchip/xc32/v4.45/bin/bin/../../lib/gcc/pic32mx/8.3.1/../../../../pic32mx/lib\libpic32.a(vector36.o)
                0x000000009d03f680                __vector_dispatch_36
                0x0000000000000001                ASSERT (((_vector_spacing == 0x0) || (SIZEOF (.vector_36) <= (_vector_spacing << 0x5))), function at exception vector 36 too large)

.vector_37      0x000000009d03f6a0        0x8
 *(.vector_37)
 .vector_37     0x000000009d03f6a0        0x8 c:/program files/microchip/xc32/v4.45/bin/bin/../../lib/gcc/pic32mx/8.3.1/../../../../pic32mx/lib\libpic32.a(vector37.o)
                0x000000009d03f6a0                __vector_dispatch_37
                0x0000000000000001                ASSERT (((_vector_spacing == 0x0) || (SIZEOF (.vector_37) <= (_vector_spacing << 0x5))), function at exception vector 37 too large)

.vector_38      0x000000009d03f6c0        0x8
 *(.vector_38)
 .vector_38     0x000000009d03f6c0        0x8 c:/program files/microchip/xc32/v4.45/bin/bin/../../lib/gcc/pic32mx/8.3.1/../../../../pic32mx/lib\libpic32.a(vector38.o)
                0x000000009d03f6c0                __vector_dispatch_38
                0x0000000000000001                ASSERT (((_vector_spacing == 0x0) || (SIZEOF (.vector_38) <= (_vector_spacing << 0x5))), function at exception vector 38 too large)

.vector_39      0x000000009d03f6e0        0x8
 *(.vector_39)
 .vector_39     0x000000009d03f6e0        0x8 c:/program files/microchip/xc32/v4.45/bin/bin/../../lib/gcc/pic32mx/8.3.1/../../../../pic32mx/lib\libpic32.a(vector39.o)
                0x000000009d03f6e0                __vector_dispatch_39
                0x0000000000000001                ASSERT (((_vector_spacing == 0x0) || (SIZEOF (.vector_39) <= (_vector_spacing << 0x5))), function at exception vector 39 too large)

.vector_40      0x000000009d03f700        0x8
 *(.vector_40)
 .vector_40     0x000000009d03f700        0x8 c:/program files/microchip/xc32/v4.45/bin/bin/../../lib/gcc/pic32mx/8.3.1/../../../../pic32mx/lib\libpic32.a(vector40.o)
                0x000000009d03f700                __vector_dispatch_40
                0x0000000000000001                ASSERT (((_vector_spacing == 0x0) || (SIZEOF (.vector_40) <= (_vector_spacing << 0x5))), function at exception vector 40 too large)

.vector_41      0x000000009d03f720        0x8
 *(.vector_41)
 .vector_41     0x000000009d03f720        0x8 c:/program files/microchip/xc32/v4.45/bin/bin/../../lib/gcc/pic32mx/8.3.1/../../../../pic32mx/lib\libpic32.a(vector41.o)
                0x000000009d03f720                __vector_dispatch_41
                0x0000000000000001                ASSERT (((_vector_spacing == 0x0) || (SIZEOF (.vector_41) <= (_vector_spacing << 0x5))), function at exception vector 41 too large)

.vector_42      0x000000009d03f740        0x8
 *(.vector_42)
 .vector_42     0x000000009d03f740        0x8 c:/program files/microchip/xc32/v4.45/bin/bin/../../lib/gcc/pic32mx/8.3.1/../../../../pic32mx/lib\libpic32.a(vector42.o)
                0x000000009d03f740                __vector_dispatch_42
                0x0000000000000001                ASSERT (((_vector_spacing == 0x0) || (SIZEOF (.vector_42) <= (_vector_spacing << 0x5))), function at exception vector 42 too large)

.vector_43      0x000000009d03f760        0x8
 *(.vector_43)
 .vector_43     0x000000009d03f760        0x8 c:/program files/microchip/xc32/v4.45/bin/bin/../../lib/gcc/pic32mx/8.3.1/../../../../pic32mx/lib\libpic32.a(vector43.o)
                0x000000009d03f760                __vector_dispatch_43
                0x0000000000000001                ASSERT (((_vector_spacing == 0x0) || (SIZEOF (.vector_43) <= (_vector_spacing << 0x5))), function at exception vector 43 too large)

.vector_44      0x000000009d03f780        0x0
 *(.vector_44)
                0x0000000000000001                ASSERT (((_vector_spacing == 0x0) || (SIZEOF (.vector_44) <= (_vector_spacing << 0x5))), function at exception vector 44 too large)

.vector_45      0x000000009d03f7a0        0x0
 *(.vector_45)
                0x0000000000000001                ASSERT (((_vector_spacing == 0x0) || (SIZEOF (.vector_45) <= (_vector_spacing << 0x5))), function at exception vector 45 too large)

.vector_46      0x000000009d03f7c0        0x0
 *(.vector_46)
                0x0000000000000001                ASSERT (((_vector_spacing == 0x0) || (SIZEOF (.vector_46) <= (_vector_spacing << 0x5))), function at exception vector 46 too large)

.vector_47      0x000000009d03f7e0        0x0
 *(.vector_47)
                0x0000000000000001                ASSERT (((_vector_spacing == 0x0) || (SIZEOF (.vector_47) <= (_vector_spacing << 0x5))), function at exception vector 47 too large)

.vector_48      0x000000009d03f800        0x0
 *(.vector_48)
                0x0000000000000001                ASSERT (((_vector_spacing == 0x0) || (SIZEOF (.vector_48) <= (_vector_spacing << 0x5))), function at exception vector 48 too large)

.vector_49      0x000000009d03f820        0x0
 *(.vector_49)
                0x0000000000000001                ASSERT (((_vector_spacing == 0x0) || (SIZEOF (.vector_49) <= (_vector_spacing << 0x5))), function at exception vector 49 too large)

.vector_50      0x000000009d03f840        0x0
 *(.vector_50)
                0x0000000000000001                ASSERT (((_vector_spacing == 0x0) || (SIZEOF (.vector_50) <= (_vector_spacing << 0x5))), function at exception vector 50 too large)

.vector_51      0x000000009d03f860        0x0
 *(.vector_51)
                0x0000000000000001                ASSERT (((_vector_spacing == 0x0) || (SIZEOF (.vector_51) <= (_vector_spacing << 0x5))), function at exception vector 51 too large)

.vector_52      0x000000009d03f880        0x0
 *(.vector_52)
                0x0000000000000001                ASSERT (((_vector_spacing == 0x0) || (SIZEOF (.vector_52) <= (_vector_spacing << 0x5))), function at exception vector 52 too large)

.vector_53      0x000000009d03f8a0        0x0
 *(.vector_53)
                0x0000000000000001                ASSERT (((_vector_spacing == 0x0) || (SIZEOF (.vector_53) <= (_vector_spacing << 0x5))), function at exception vector 53 too large)

.vector_54      0x000000009d03f8c0        0x0
 *(.vector_54)
                0x0000000000000001                ASSERT (((_vector_spacing == 0x0) || (SIZEOF (.vector_54) <= (_vector_spacing << 0x5))), function at exception vector 54 too large)

.vector_55      0x000000009d03f8e0        0x0
 *(.vector_55)
                0x0000000000000001                ASSERT (((_vector_spacing == 0x0) || (SIZEOF (.vector_55) <= (_vector_spacing << 0x5))), function at exception vector 55 too large)

.vector_56      0x000000009d03f900        0x0
 *(.vector_56)
                0x0000000000000001                ASSERT (((_vector_spacing == 0x0) || (SIZEOF (.vector_56) <= (_vector_spacing << 0x5))), function at exception vector 56 too large)

.vector_57      0x000000009d03f920        0x0
 *(.vector_57)
                0x0000000000000001                ASSERT (((_vector_spacing == 0x0) || (SIZEOF (.vector_57) <= (_vector_spacing << 0x5))), function at exception vector 57 too large)

.vector_58      0x000000009d03f940        0x0
 *(.vector_58)
                0x0000000000000001                ASSERT (((_vector_spacing == 0x0) || (SIZEOF (.vector_58) <= (_vector_spacing << 0x5))), function at exception vector 58 too large)

.vector_59      0x000000009d03f960        0x0
 *(.vector_59)
                0x0000000000000001                ASSERT (((_vector_spacing == 0x0) || (SIZEOF (.vector_59) <= (_vector_spacing << 0x5))), function at exception vector 59 too large)

.vector_60      0x000000009d03f980        0x0
 *(.vector_60)
                0x0000000000000001                ASSERT (((_vector_spacing == 0x0) || (SIZEOF (.vector_60) <= (_vector_spacing << 0x5))), function at exception vector 60 too large)

.vector_61      0x000000009d03f9a0        0x0
 *(.vector_61)
                0x0000000000000001                ASSERT (((_vector_spacing == 0x0) || (SIZEOF (.vector_61) <= (_vector_spacing << 0x5))), function at exception vector 61 too large)

.vector_62      0x000000009d03f9c0        0x0
 *(.vector_62)
                0x0000000000000001                ASSERT (((_vector_spacing == 0x0) || (SIZEOF (.vector_62) <= (_vector_spacing << 0x5))), function at exception vector 62 too large)

.vector_63      0x000000009d03f9e0        0x0
 *(.vector_63)
                0x0000000000000001                ASSERT (((_vector_spacing == 0x0) || (SIZEOF (.vector_63) <= (_vector_spacing << 0x5))), function at exception vector 63 too large)

.startup
 *(.startup)

.text           0x000000009d000000        0x0
 *(.stub .gnu.linkonce.t.*)
 *(.text.*personality*)
 *(.mips16.fn.*)
 *(.mips16.call.*)
 *(.gnu.warning)
                0x000000009d000000                . = ALIGN (0x4)

.init           0x000000009d000000        0x0
 *crti.o(.init)
 *crtbegin.o(.init)
 *(EXCLUDE_FILE(*crtn.o *crtend?.o *crtend.o) .init)
 *crtend.o(.init)
 *crtn.o(.init)
                0x000000009d000000                . = ALIGN (0x4)

.fini           0x000000009d000000        0x0
 *(.fini)
                0x000000009d000000                . = ALIGN (0x4)

.preinit_array  0x000000009d000000        0x0
                [!provide]                        PROVIDE (__preinit_array_start = .)
 *(.preinit_array)
                [!provide]                        PROVIDE (__preinit_array_end = .)
                0x000000009d000000                . = ALIGN (0x4)

.init_array     0x000000009d000000        0x0
                [!provide]                        PROVIDE (__init_array_start = .)
 *(SORT_BY_NAME(.init_array.*))
 *(.init_array)
                [!provide]                        PROVIDE (__init_array_end = .)
                0x000000009d000000                . = ALIGN (0x4)

.fini_array     0x000000009d000000        0x0
                [!provide]                        PROVIDE (__fini_array_start = .)
 *(SORT_BY_NAME(.fini_array.*))
 *(.fini_array)
                [!provide]                        PROVIDE (__fini_array_end = .)
                0x000000009d000000                . = ALIGN (0x4)

.ctors          0x000000009d000000        0x0
 *crtbegin.o(.ctors)
 *crtbegin?.o(.ctors)
 *(EXCLUDE_FILE(*crtend?.o *crtend.o) .ctors)
 *(SORT_BY_NAME(.ctors.*))
 *(.ctors)
                0x000000009d000000                . = ALIGN (0x4)

.dtors          0x000000009d000000        0x0
 *crtbegin.o(.dtors)
 *crtbegin?.o(.dtors)
 *(EXCLUDE_FILE(*crtend?.o *crtend.o) .dtors)
 *(SORT_BY_NAME(.dtors.*))
 *(.dtors)
                0x000000009d000000                . = ALIGN (0x4)

.rodata         0x000000009d000000        0x0
 *(.gnu.linkonce.r.*)
 *(.rodata1)
                0x000000009d000000                . = ALIGN (0x4)

.sdata2         0x000000009d000000        0x0
 *(.sdata2 .sdata2.* .gnu.linkonce.s2.*)
                0x000000009d000000                . = ALIGN (0x4)

.sbss2          0x000000009d000000        0x0
 *(.sbss2 .sbss2.* .gnu.linkonce.sb2.*)
                0x000000009d000000                . = ALIGN (0x4)

.eh_frame_hdr
 *(.eh_frame_hdr)
                0x000000009d000000                . = ALIGN (0x4)

.eh_frame
 *(.eh_frame)
                0x000000009d000000                . = ALIGN (0x4)

.gcc_except_table
 *(.gcc_except_table .gcc_except_table.*)
                0x000000009d000000                . = ALIGN (0x4)

.dbg_data       0x00000000a0000000        0x0
                0x00000000a0000000                . = (. + DEFINED (_DEBUGGER)?0x200:0x0)

.jcr            0x00000000a0000000        0x0
 *(.jcr)
                0x00000000a0000000                . = ALIGN (0x4)

.eh_frame
 *(.eh_frame)
                0x00000000a0000000                . = ALIGN (0x4)

.gcc_except_table
 *(.gcc_except_table .gcc_except_table.*)
                0x00000000a0000000                . = ALIGN (0x4)

.persist        0x00000000a0000000        0x0
                0x00000000a0000000                _persist_begin = .
 *(.persist .persist.*)
                0x00000000a0000000                . = ALIGN (0x4)
                0x00000000a0000000                _persist_end = .

.data           0x00000000a0000000        0x0
 *(.gnu.linkonce.d.*)
 *(.data1)
                0x00000000a0000000                . = ALIGN (0x4)
                0x00000000a0000000                . = .
                0x00000000a0007ff0                _gp = (ALIGN (0x10) + 0x7ff0)

.got            0x00000000a0000000        0x0
 *(.got.plt)
 *(.got)
                0x00000000a0000000                . = ALIGN (0x4)

.sdata          0x00000000a0000000        0xc
                0x00000000a0000000                _sdata_begin = .
 *(.sdata .sdata.* .gnu.linkonce.s.*)
 .sdata         0x00000000a0000000        0x5 build/default/production/ProjectSource/TransmitService.o
                0x00000000a0000000                address
 *fill*         0x00000000a0000005        0x3 
 .sdata         0x00000000a0000008        0x4 c:/program files/microchip/xc32/v4.45/bin/bin/../../lib/gcc/pic32mx/8.3.1/../../../../pic32mx/lib\libpic32.a(xc32_uart.o)
                0x00000000a0000008                __XC_UART
                0x00000000a000000c                . = ALIGN (0x4)
                0x00000000a000000c                _sdata_end = .

.lit8
 *(.lit8)

.lit4
 *(.lit4)
                0x00000000a000000c                . = ALIGN (0x4)
                0x00000000a000000c                _data_end = .
                0x00000000a000000c                _bss_begin = .

.sbss           0x00000000a000000c       0x44
                0x00000000a000000c                _sbss_begin = .
 *(.dynsbss)
 *(.sbss .sbss.* .gnu.linkonce.sb.*)
 .sbss          0x00000000a000000c        0xc build/default/production/FrameworkSource/ES_Framework.o
                0x00000000a000000c                Ready
 .sbss          0x00000000a0000018        0xd build/default/production/FrameworkSource/ES_Port.o
 *fill*         0x00000000a0000025        0x3 
 .sbss          0x00000000a0000028       0x10 build/default/production/FrameworkSource/ES_Timers.o
 .sbss          0x00000000a0000038        0x4 build/default/production/FrameworkSource/terminal.o
 .sbss          0x00000000a000003c        0x1 build/default/production/FrameworkSource/circular_buffer_no_modulo_threadsafe.o
                0x00000000a000003c                numBuffersAllocated
 *fill*         0x00000000a000003d        0x3 
 .sbss          0x00000000a0000040        0xd build/default/production/ProjectSource/TransmitService.o
                0x00000000a0000044                payload
                0x00000000a000004c                STATUSbits
 *(.scommon)
                0x00000000a000004d                _sbss_end = .
                0x00000000a0000050                . = ALIGN (0x4)
 *fill*         0x00000000a000004d        0x3 

.bss            0x00000000a0000050        0x0
 *(.dynbss)
 *(COMMON)
                0x00000000a0000050                . = ALIGN ((. != 0x0)?0x4:0x1)
                0x00000000a0000050                . = ALIGN (0x4)
                0x00000000a0000050                _end = .
                0x00000000a0000050                _bss_end = .
                0x0000000000010000                _bmxdudba_address = LENGTH (kseg1_data_mem)
                0x0000000000010000                _bmxdupba_address = LENGTH (kseg1_data_mem)

/DISCARD/
 *(.pdr)
 *(.rel.dyn)
 *(.note.GNU-stack)
 *(.note.GNU-stack)
 *(.gnu_debuglink)
 *(.gnu.lto_*)
 *(.discard)

.gptab.sdata
 *(.gptab.data)
 *(.gptab.sdata)

.gptab.sbss
 *(.gptab.bss)
 *(.gptab.sbss)

.mdebug.abi32   0x0000000000000000        0x0
 *(.mdebug.abi32)
 .mdebug.abi32  0x0000000000000000        0x0 build/default/production/FrameworkSource/ES_CheckEvents.o
 .mdebug.abi32  0x0000000000000000        0x0 build/default/production/FrameworkSource/ES_DeferRecall.o
 .mdebug.abi32  0x0000000000000000        0x0 build/default/production/FrameworkSource/ES_Framework.o
 .mdebug.abi32  0x0000000000000000        0x0 build/default/production/FrameworkSource/ES_LookupTables.o
 .mdebug.abi32  0x0000000000000000        0x0 build/default/production/FrameworkSource/ES_Port.o
 .mdebug.abi32  0x0000000000000000        0x0 build/default/production/FrameworkSource/ES_PostList.o
 .mdebug.abi32  0x0000000000000000        0x0 build/default/production/FrameworkSource/ES_Queue.o
 .mdebug.abi32  0x0000000000000000        0x0 build/default/production/FrameworkSource/ES_Timers.o
 .mdebug.abi32  0x0000000000000000        0x0 build/default/production/FrameworkSource/terminal.o
 .mdebug.abi32  0x0000000000000000        0x0 build/default/production/FrameworkSource/circular_buffer_no_modulo_threadsafe.o
 .mdebug.abi32  0x0000000000000000        0x0 build/default/production/FrameworkSource/dbprintf.o
 .mdebug.abi32  0x0000000000000000        0x0 build/default/production/ProjectSource/EventCheckers.o
 .mdebug.abi32  0x0000000000000000        0x0 build/default/production/ProjectSource/main.o
 .mdebug.abi32  0x0000000000000000        0x0 build/default/production/ProjectSource/TransmitService.o
 .mdebug.abi32  0x0000000000000000        0x0 c:/program files/microchip/xc32/v4.45/bin/bin/../../lib/gcc/pic32mx/8.3.1/../../../../pic32mx/lib\libpic32.a(default-bootstrap-exception-handler.o)
 .mdebug.abi32  0x0000000000000000        0x0 c:/program files/microchip/xc32/v4.45/bin/bin/../../lib/gcc/pic32mx/8.3.1/../../../../pic32mx/lib\libpic32.a(default-on-reset.o)
 .mdebug.abi32  0x0000000000000000        0x0 c:/program files/microchip/xc32/v4.45/bin/bin/../../lib/gcc/pic32mx/8.3.1/../../../../pic32mx/lib\libpic32.a(default-on-bootstrap.o)
 .mdebug.abi32  0x0000000000000000        0x0 c:/program files/microchip/xc32/v4.45/bin/bin/../../lib/gcc/pic32mx/8.3.1/../../../../pic32mx/lib\libpic32.a(xc32_uart.o)
 .mdebug.abi32  0x0000000000000000        0x0 c:/program files/microchip/xc32/v4.45/bin/bin/../../lib/gcc/pic32mx/8.3.1/../../../../pic32mx/lib\libpic32.a(default-general-exception-handler.o)
 .mdebug.abi32  0x0000000000000000        0x0 c:/program files/microchip/xc32/v4.45/bin/bin/../../lib/gcc/pic32mx/8.3.1/../../../../pic32mx/lib\libpic32.a(defaultinterrupt.o)
 .mdebug.abi32  0x0000000000000000        0x0 c:/program files/microchip/xc32/v4.45/bin/bin/../../lib/gcc/pic32mx/8.3.1/../../../../pic32mx/lib\libc-musl.a(assert.o)
 .mdebug.abi32  0x0000000000000000        0x0 c:/program files/microchip/xc32/v4.45/bin/bin/../../lib/gcc/pic32mx/8.3.1/../../../../pic32mx/lib\libc-musl.a(abort.o)
 .mdebug.abi32  0x0000000000000000        0x0 c:/program files/microchip/xc32/v4.45/bin/bin/../../lib/gcc/pic32mx/8.3.1/../../../../pic32mx/lib\libc-musl.a(fprintf.o)
 .mdebug.abi32  0x0000000000000000        0x0 c:/program files/microchip/xc32/v4.45/bin/bin/../../lib/gcc/pic32mx/8.3.1/../../../../pic32mx/lib\libc-musl.a(fflush.o)
 .mdebug.abi32  0x0000000000000000        0x0 c:/program files/microchip/xc32/v4.45/bin/bin/../../lib/gcc/pic32mx/8.3.1/../../../../pic32mx/lib\libc-musl.a(vfprintf.o)
 .mdebug.abi32  0x0000000000000000        0x0 c:/program files/microchip/xc32/v4.45/bin/bin/../../lib/gcc/pic32mx/8.3.1/../../../../pic32mx/lib\libc-musl.a(stderr.o)
 .mdebug.abi32  0x0000000000000000        0x0 c:/program files/microchip/xc32/v4.45/bin/bin/../../lib/gcc/pic32mx/8.3.1/../../../../pic32mx/lib\libc-musl.a(putchar.o)
 .mdebug.abi32  0x0000000000000000        0x0 c:/program files/microchip/xc32/v4.45/bin/bin/../../lib/gcc/pic32mx/8.3.1/../../../../pic32mx/lib\libc-musl.a(_Exit.o)
 .mdebug.abi32  0x0000000000000000        0x0 c:/program files/microchip/xc32/v4.45/bin/bin/../../lib/gcc/pic32mx/8.3.1/../../../../pic32mx/lib\libc-musl.a(__io_fmt_needed.o)
 .mdebug.abi32  0x0000000000000000        0x0 c:/program files/microchip/xc32/v4.45/bin/bin/../../lib/gcc/pic32mx/8.3.1/../../../../pic32mx/lib\libc-musl.a(__io_init_needed.o)
 .mdebug.abi32  0x0000000000000000        0x0 c:/program files/microchip/xc32/v4.45/bin/bin/../../lib/gcc/pic32mx/8.3.1/../../../../pic32mx/lib\libc-musl.a(__out.o)
 .mdebug.abi32  0x0000000000000000        0x0 c:/program files/microchip/xc32/v4.45/bin/bin/../../lib/gcc/pic32mx/8.3.1/../../../../pic32mx/lib\libc-musl.a(__pop_float.o)
 .mdebug.abi32  0x0000000000000000        0x0 c:/program files/microchip/xc32/v4.45/bin/bin/../../lib/gcc/pic32mx/8.3.1/../../../../pic32mx/lib\libc-musl.a(__pop_int.o)
 .mdebug.abi32  0x0000000000000000        0x0 c:/program files/microchip/xc32/v4.45/bin/bin/../../lib/gcc/pic32mx/8.3.1/../../../../pic32mx/lib\libc-musl.a(__pop_ptr.o)
 .mdebug.abi32  0x0000000000000000        0x0 c:/program files/microchip/xc32/v4.45/bin/bin/../../lib/gcc/pic32mx/8.3.1/../../../../pic32mx/lib\libc-musl.a(__printf_core.o)
 .mdebug.abi32  0x0000000000000000        0x0 c:/program files/microchip/xc32/v4.45/bin/bin/../../lib/gcc/pic32mx/8.3.1/../../../../pic32mx/lib\libc-musl.a(__stdio_close.o)
 .mdebug.abi32  0x0000000000000000        0x0 c:/program files/microchip/xc32/v4.45/bin/bin/../../lib/gcc/pic32mx/8.3.1/../../../../pic32mx/lib\libc-musl.a(putc.o)
 .mdebug.abi32  0x0000000000000000        0x0 c:/program files/microchip/xc32/v4.45/bin/bin/../../lib/gcc/pic32mx/8.3.1/../../../../pic32mx/lib\libc-musl.a(stdout.o)
 .mdebug.abi32  0x0000000000000000        0x0 c:/program files/microchip/xc32/v4.45/bin/bin/../../lib/gcc/pic32mx/8.3.1/../../../../pic32mx/lib\libc-musl.a(atoi.o)
 .mdebug.abi32  0x0000000000000000        0x0 c:/program files/microchip/xc32/v4.45/bin/bin/../../lib/gcc/pic32mx/8.3.1/../../../../pic32mx/lib\libc-musl.a(tolower.o)
 .mdebug.abi32  0x0000000000000000        0x0 c:/program files/microchip/xc32/v4.45/bin/bin/../../lib/gcc/pic32mx/8.3.1/../../../../pic32mx/lib\libc-musl.a(__fmt_a.o)
 .mdebug.abi32  0x0000000000000000        0x0 c:/program files/microchip/xc32/v4.45/bin/bin/../../lib/gcc/pic32mx/8.3.1/../../../../pic32mx/lib\libc-musl.a(__fmt_d.o)
 .mdebug.abi32  0x0000000000000000        0x0 c:/program files/microchip/xc32/v4.45/bin/bin/../../lib/gcc/pic32mx/8.3.1/../../../../pic32mx/lib\libc-musl.a(__fmt_fp.o)
 .mdebug.abi32  0x0000000000000000        0x0 c:/program files/microchip/xc32/v4.45/bin/bin/../../lib/gcc/pic32mx/8.3.1/../../../../pic32mx/lib\libc-musl.a(__fmt_o.o)
 .mdebug.abi32  0x0000000000000000        0x0 c:/program files/microchip/xc32/v4.45/bin/bin/../../lib/gcc/pic32mx/8.3.1/../../../../pic32mx/lib\libc-musl.a(__fmt_s.o)
 .mdebug.abi32  0x0000000000000000        0x0 c:/program files/microchip/xc32/v4.45/bin/bin/../../lib/gcc/pic32mx/8.3.1/../../../../pic32mx/lib\libc-musl.a(__fmt_u.o)
 .mdebug.abi32  0x0000000000000000        0x0 c:/program files/microchip/xc32/v4.45/bin/bin/../../lib/gcc/pic32mx/8.3.1/../../../../pic32mx/lib\libc-musl.a(__fmt_x.o)
 .mdebug.abi32  0x0000000000000000        0x0 c:/program files/microchip/xc32/v4.45/bin/bin/../../lib/gcc/pic32mx/8.3.1/../../../../pic32mx/lib\libc-musl.a(__init_stdio.o)
 .mdebug.abi32  0x0000000000000000        0x0 c:/program files/microchip/xc32/v4.45/bin/bin/../../lib/gcc/pic32mx/8.3.1/../../../../pic32mx/lib\libc-musl.a(__io_file_needed.o)
 .mdebug.abi32  0x0000000000000000        0x0 c:/program files/microchip/xc32/v4.45/bin/bin/../../lib/gcc/pic32mx/8.3.1/../../../../pic32mx/lib\libc-musl.a(toupper.o)
 .mdebug.abi32  0x0000000000000000        0x0 c:/program files/microchip/xc32/v4.45/bin/bin/../../lib/gcc/pic32mx/8.3.1/../../../../pic32mx/lib\libc-musl.a(__cvt_u.o)
 .mdebug.abi32  0x0000000000000000        0x0 c:/program files/microchip/xc32/v4.45/bin/bin/../../lib/gcc/pic32mx/8.3.1/../../../../pic32mx/lib\libm-musl.a(fma.o)
 .mdebug.abi32  0x0000000000000000        0x0 c:/program files/microchip/xc32/v4.45/bin/bin/../../lib/gcc/pic32mx/8.3.1/../../../../pic32mx/lib\libm-musl.a(scalbn.o)
 .mdebug.abi32  0x0000000000000000        0x0 c:/program files/microchip/xc32/v4.45/bin/bin/../../lib/gcc/pic32mx/8.3.1\libgcc.a(_lshrdi3.o)
 .mdebug.abi32  0x0000000000000000        0x0 c:/program files/microchip/xc32/v4.45/bin/bin/../../lib/gcc/pic32mx/8.3.1\libgcc.a(_ashldi3.o)
 .mdebug.abi32  0x0000000000000000        0x0 c:/program files/microchip/xc32/v4.45/bin/bin/../../lib/gcc/pic32mx/8.3.1\libgcc.a(_floatdidf.o)
 .mdebug.abi32  0x0000000000000000        0x0 c:/program files/microchip/xc32/v4.45/bin/bin/../../lib/gcc/pic32mx/8.3.1\libgcc.a(_udivdi3.o)
 .mdebug.abi32  0x0000000000000000        0x0 c:/program files/microchip/xc32/v4.45/bin/bin/../../lib/gcc/pic32mx/8.3.1\libgcc.a(_umoddi3.o)
 .mdebug.abi32  0x0000000000000000        0x0 c:/program files/microchip/xc32/v4.45/bin/bin/../../lib/gcc/pic32mx/8.3.1\libgcc.a(floatunsidf.o)
 .mdebug.abi32  0x0000000000000000        0x0 c:/program files/microchip/xc32/v4.45/bin/bin/../../lib/gcc/pic32mx/8.3.1/../../../../pic32mx/lib\libpic32.a(_exit.o)
 .mdebug.abi32  0x0000000000000000        0x0 c:/program files/microchip/xc32/v4.45/bin/bin/../../lib/gcc/pic32mx/8.3.1/../../../../pic32mx/lib\libpic32.a(write.o)
 .mdebug.abi32  0x0000000000000000        0x0 c:/program files/microchip/xc32/v4.45/bin/bin/../../lib/gcc/pic32mx/8.3.1/../../../../pic32mx/lib\libpic32.a(lseek.o)
 .mdebug.abi32  0x0000000000000000        0x0 c:/program files/microchip/xc32/v4.45/bin/bin/../../lib/gcc/pic32mx/8.3.1/../../../../pic32mx/lib\libpic32.a(close.o)
 .mdebug.abi32  0x0000000000000000        0x0 c:/program files/microchip/xc32/v4.45/bin/bin/../../lib/gcc/pic32mx/8.3.1/../../../../pic32mx/lib\libpic32.a(errno.o)
 .mdebug.abi32  0x0000000000000000        0x0 c:/program files/microchip/xc32/v4.45/bin/bin/../../lib/gcc/pic32mx/8.3.1/../../../../pic32mx/lib\libc-size-musl.a(memcpy.o)
 .mdebug.abi32  0x0000000000000000        0x0 c:/program files/microchip/xc32/v4.45/bin/bin/../../lib/gcc/pic32mx/8.3.1/../../../../pic32mx/lib\libc-size-musl.a(memset.o)
 .mdebug.abi32  0x0000000000000000        0x0 c:/program files/microchip/xc32/v4.45/bin/bin/../../lib/gcc/pic32mx/8.3.1/../../../../pic32mx/lib\libc-size-musl.a(strlen.o)
 .mdebug.abi32  0x0000000000000000        0x0 c:/program files/microchip/xc32/v4.45/bin/bin/../../lib/gcc/pic32mx/8.3.1/../../../../pic32mx/lib\libc-size-musl.a(strcpy.o)
 .mdebug.abi32  0x0000000000000000        0x0 c:/program files/microchip/xc32/v4.45/bin/bin/../../lib/gcc/pic32mx/8.3.1/../../../../pic32mx/lib\libc-size-musl.a(stpcpy.o)

.mdebug.abiN32
 *(.mdebug.abiN32)

.mdebug.abi64
 *(.mdebug.abi64)

.mdebug.abiO64
 *(.mdebug.abiO64)

.mdebug.eabi32
 *(.mdebug.eabi32)

.mdebug.eabi64
 *(.mdebug.eabi64)

.gcc_compiled_long32
 *(.gcc_compiled_long32)

.gcc_compiled_long64
 *(.gcc_compiled_long64)

.stab
 *(.stab)

.stabstr
 *(.stabstr)

.stab.excl
 *(.stab.excl)

.stab.exclstr
 *(.stab.exclstr)

.stab.index
 *(.stab.index)

.stab.indexstr
 *(.stab.indexstr)

.comment        0x0000000000000000       0x2b
 *(.comment)
 .comment       0x0000000000000000       0x2b build/default/production/FrameworkSource/ES_CheckEvents.o
                                         0x2c (size before relaxing)
 .comment       0x000000000000002b       0x2c build/default/production/FrameworkSource/ES_DeferRecall.o
 .comment       0x000000000000002b       0x2c build/default/production/FrameworkSource/ES_Framework.o
 .comment       0x000000000000002b       0x2c build/default/production/FrameworkSource/ES_LookupTables.o
 .comment       0x000000000000002b       0x2c build/default/production/FrameworkSource/ES_Port.o
 .comment       0x000000000000002b       0x2c build/default/production/FrameworkSource/ES_PostList.o
 .comment       0x000000000000002b       0x2c build/default/production/FrameworkSource/ES_Queue.o
 .comment       0x000000000000002b       0x2c build/default/production/FrameworkSource/ES_Timers.o
 .comment       0x000000000000002b       0x2c build/default/production/FrameworkSource/terminal.o
 .comment       0x000000000000002b       0x2c build/default/production/FrameworkSource/circular_buffer_no_modulo_threadsafe.o
 .comment       0x000000000000002b       0x2c build/default/production/FrameworkSource/dbprintf.o
 .comment       0x000000000000002b       0x2c build/default/production/ProjectSource/EventCheckers.o
 .comment       0x000000000000002b       0x2c build/default/production/ProjectSource/main.o
 .comment       0x000000000000002b       0x2c build/default/production/ProjectSource/TransmitService.o
 .comment       0x000000000000002b       0x2c c:/program files/microchip/xc32/v4.45/bin/bin/../../lib/gcc/pic32mx/8.3.1/../../../../pic32mx/lib\libpic32.a(default-bootstrap-exception-handler.o)
 .comment       0x000000000000002b       0x2c c:/program files/microchip/xc32/v4.45/bin/bin/../../lib/gcc/pic32mx/8.3.1/../../../../pic32mx/lib\libpic32.a(default-on-reset.o)
 .comment       0x000000000000002b       0x2c c:/program files/microchip/xc32/v4.45/bin/bin/../../lib/gcc/pic32mx/8.3.1/../../../../pic32mx/lib\libpic32.a(default-on-bootstrap.o)
 .comment       0x000000000000002b       0x2c c:/program files/microchip/xc32/v4.45/bin/bin/../../lib/gcc/pic32mx/8.3.1/../../../../pic32mx/lib\libpic32.a(xc32_uart.o)
 .comment       0x000000000000002b       0x2c c:/program files/microchip/xc32/v4.45/bin/bin/../../lib/gcc/pic32mx/8.3.1/../../../../pic32mx/lib\libpic32.a(default-general-exception-handler.o)
 .comment       0x000000000000002b       0x2c c:/program files/microchip/xc32/v4.45/bin/bin/../../lib/gcc/pic32mx/8.3.1/../../../../pic32mx/lib\libpic32.a(defaultinterrupt.o)
 .comment       0x000000000000002b       0x2c c:/program files/microchip/xc32/v4.45/bin/bin/../../lib/gcc/pic32mx/8.3.1/../../../../pic32mx/lib\libc-musl.a(assert.o)
 .comment       0x000000000000002b       0x2c c:/program files/microchip/xc32/v4.45/bin/bin/../../lib/gcc/pic32mx/8.3.1/../../../../pic32mx/lib\libc-musl.a(abort.o)
 .comment       0x000000000000002b       0x2c c:/program files/microchip/xc32/v4.45/bin/bin/../../lib/gcc/pic32mx/8.3.1/../../../../pic32mx/lib\libc-musl.a(fprintf.o)
 .comment       0x000000000000002b       0x2c c:/program files/microchip/xc32/v4.45/bin/bin/../../lib/gcc/pic32mx/8.3.1/../../../../pic32mx/lib\libc-musl.a(fflush.o)
 .comment       0x000000000000002b       0x2c c:/program files/microchip/xc32/v4.45/bin/bin/../../lib/gcc/pic32mx/8.3.1/../../../../pic32mx/lib\libc-musl.a(vfprintf.o)
 .comment       0x000000000000002b       0x2c c:/program files/microchip/xc32/v4.45/bin/bin/../../lib/gcc/pic32mx/8.3.1/../../../../pic32mx/lib\libc-musl.a(stderr.o)
 .comment       0x000000000000002b       0x2c c:/program files/microchip/xc32/v4.45/bin/bin/../../lib/gcc/pic32mx/8.3.1/../../../../pic32mx/lib\libc-musl.a(putchar.o)
 .comment       0x000000000000002b       0x2c c:/program files/microchip/xc32/v4.45/bin/bin/../../lib/gcc/pic32mx/8.3.1/../../../../pic32mx/lib\libc-musl.a(_Exit.o)
 .comment       0x000000000000002b       0x2c c:/program files/microchip/xc32/v4.45/bin/bin/../../lib/gcc/pic32mx/8.3.1/../../../../pic32mx/lib\libc-musl.a(__io_fmt_needed.o)
 .comment       0x000000000000002b       0x2c c:/program files/microchip/xc32/v4.45/bin/bin/../../lib/gcc/pic32mx/8.3.1/../../../../pic32mx/lib\libc-musl.a(__io_init_needed.o)
 .comment       0x000000000000002b       0x2c c:/program files/microchip/xc32/v4.45/bin/bin/../../lib/gcc/pic32mx/8.3.1/../../../../pic32mx/lib\libc-musl.a(__out.o)
 .comment       0x000000000000002b       0x2c c:/program files/microchip/xc32/v4.45/bin/bin/../../lib/gcc/pic32mx/8.3.1/../../../../pic32mx/lib\libc-musl.a(__pop_float.o)
 .comment       0x000000000000002b       0x2c c:/program files/microchip/xc32/v4.45/bin/bin/../../lib/gcc/pic32mx/8.3.1/../../../../pic32mx/lib\libc-musl.a(__pop_int.o)
 .comment       0x000000000000002b       0x2c c:/program files/microchip/xc32/v4.45/bin/bin/../../lib/gcc/pic32mx/8.3.1/../../../../pic32mx/lib\libc-musl.a(__pop_ptr.o)
 .comment       0x000000000000002b       0x2c c:/program files/microchip/xc32/v4.45/bin/bin/../../lib/gcc/pic32mx/8.3.1/../../../../pic32mx/lib\libc-musl.a(__printf_core.o)
 .comment       0x000000000000002b       0x2c c:/program files/microchip/xc32/v4.45/bin/bin/../../lib/gcc/pic32mx/8.3.1/../../../../pic32mx/lib\libc-musl.a(__stdio_close.o)
 .comment       0x000000000000002b       0x2c c:/program files/microchip/xc32/v4.45/bin/bin/../../lib/gcc/pic32mx/8.3.1/../../../../pic32mx/lib\libc-musl.a(putc.o)
 .comment       0x000000000000002b       0x2c c:/program files/microchip/xc32/v4.45/bin/bin/../../lib/gcc/pic32mx/8.3.1/../../../../pic32mx/lib\libc-musl.a(stdout.o)
 .comment       0x000000000000002b       0x2c c:/program files/microchip/xc32/v4.45/bin/bin/../../lib/gcc/pic32mx/8.3.1/../../../../pic32mx/lib\libc-musl.a(atoi.o)
 .comment       0x000000000000002b       0x2c c:/program files/microchip/xc32/v4.45/bin/bin/../../lib/gcc/pic32mx/8.3.1/../../../../pic32mx/lib\libc-musl.a(tolower.o)
 .comment       0x000000000000002b       0x2c c:/program files/microchip/xc32/v4.45/bin/bin/../../lib/gcc/pic32mx/8.3.1/../../../../pic32mx/lib\libc-musl.a(__fmt_a.o)
 .comment       0x000000000000002b       0x2c c:/program files/microchip/xc32/v4.45/bin/bin/../../lib/gcc/pic32mx/8.3.1/../../../../pic32mx/lib\libc-musl.a(__fmt_d.o)
 .comment       0x000000000000002b       0x2c c:/program files/microchip/xc32/v4.45/bin/bin/../../lib/gcc/pic32mx/8.3.1/../../../../pic32mx/lib\libc-musl.a(__fmt_fp.o)
 .comment       0x000000000000002b       0x2c c:/program files/microchip/xc32/v4.45/bin/bin/../../lib/gcc/pic32mx/8.3.1/../../../../pic32mx/lib\libc-musl.a(__fmt_o.o)
 .comment       0x000000000000002b       0x2c c:/program files/microchip/xc32/v4.45/bin/bin/../../lib/gcc/pic32mx/8.3.1/../../../../pic32mx/lib\libc-musl.a(__fmt_s.o)
 .comment       0x000000000000002b       0x2c c:/program files/microchip/xc32/v4.45/bin/bin/../../lib/gcc/pic32mx/8.3.1/../../../../pic32mx/lib\libc-musl.a(__fmt_u.o)
 .comment       0x000000000000002b       0x2c c:/program files/microchip/xc32/v4.45/bin/bin/../../lib/gcc/pic32mx/8.3.1/../../../../pic32mx/lib\libc-musl.a(__fmt_x.o)
 .comment       0x000000000000002b       0x2c c:/program files/microchip/xc32/v4.45/bin/bin/../../lib/gcc/pic32mx/8.3.1/../../../../pic32mx/lib\libc-musl.a(__init_stdio.o)
 .comment       0x000000000000002b       0x2c c:/program files/microchip/xc32/v4.45/bin/bin/../../lib/gcc/pic32mx/8.3.1/../../../../pic32mx/lib\libc-musl.a(__io_file_needed.o)
 .comment       0x000000000000002b       0x2c c:/program files/microchip/xc32/v4.45/bin/bin/../../lib/gcc/pic32mx/8.3.1/../../../../pic32mx/lib\libc-musl.a(toupper.o)
 .comment       0x000000000000002b       0x2c c:/program files/microchip/xc32/v4.45/bin/bin/../../lib/gcc/pic32mx/8.3.1/../../../../pic32mx/lib\libc-musl.a(__cvt_u.o)
 .comment       0x000000000000002b       0x2c c:/program files/microchip/xc32/v4.45/bin/bin/../../lib/gcc/pic32mx/8.3.1/../../../../pic32mx/lib\libm-musl.a(fma.o)
 .comment       0x000000000000002b       0x2c c:/program files/microchip/xc32/v4.45/bin/bin/../../lib/gcc/pic32mx/8.3.1/../../../../pic32mx/lib\libm-musl.a(scalbn.o)
 .comment       0x000000000000002b       0x2c c:/program files/microchip/xc32/v4.45/bin/bin/../../lib/gcc/pic32mx/8.3.1\libgcc.a(_lshrdi3.o)
 .comment       0x000000000000002b       0x2c c:/program files/microchip/xc32/v4.45/bin/bin/../../lib/gcc/pic32mx/8.3.1\libgcc.a(_ashldi3.o)
 .comment       0x000000000000002b       0x2c c:/program files/microchip/xc32/v4.45/bin/bin/../../lib/gcc/pic32mx/8.3.1\libgcc.a(_floatdidf.o)
 .comment       0x000000000000002b       0x2c c:/program files/microchip/xc32/v4.45/bin/bin/../../lib/gcc/pic32mx/8.3.1\libgcc.a(_udivdi3.o)
 .comment       0x000000000000002b       0x2c c:/program files/microchip/xc32/v4.45/bin/bin/../../lib/gcc/pic32mx/8.3.1\libgcc.a(_umoddi3.o)
 .comment       0x000000000000002b       0x2c c:/program files/microchip/xc32/v4.45/bin/bin/../../lib/gcc/pic32mx/8.3.1\libgcc.a(floatunsidf.o)
 .comment       0x000000000000002b       0x2c c:/program files/microchip/xc32/v4.45/bin/bin/../../lib/gcc/pic32mx/8.3.1/../../../../pic32mx/lib\libpic32.a(_exit.o)
 .comment       0x000000000000002b       0x2c c:/program files/microchip/xc32/v4.45/bin/bin/../../lib/gcc/pic32mx/8.3.1/../../../../pic32mx/lib\libpic32.a(write.o)
 .comment       0x000000000000002b       0x2c c:/program files/microchip/xc32/v4.45/bin/bin/../../lib/gcc/pic32mx/8.3.1/../../../../pic32mx/lib\libpic32.a(lseek.o)
 .comment       0x000000000000002b       0x2c c:/program files/microchip/xc32/v4.45/bin/bin/../../lib/gcc/pic32mx/8.3.1/../../../../pic32mx/lib\libpic32.a(close.o)
 .comment       0x000000000000002b       0x2c c:/program files/microchip/xc32/v4.45/bin/bin/../../lib/gcc/pic32mx/8.3.1/../../../../pic32mx/lib\libpic32.a(errno.o)
 .comment       0x000000000000002b       0x2c c:/program files/microchip/xc32/v4.45/bin/bin/../../lib/gcc/pic32mx/8.3.1/../../../../pic32mx/lib\libc-size-musl.a(memcpy.o)
 .comment       0x000000000000002b       0x2c c:/program files/microchip/xc32/v4.45/bin/bin/../../lib/gcc/pic32mx/8.3.1/../../../../pic32mx/lib\libc-size-musl.a(memset.o)
 .comment       0x000000000000002b       0x2c c:/program files/microchip/xc32/v4.45/bin/bin/../../lib/gcc/pic32mx/8.3.1/../../../../pic32mx/lib\libc-size-musl.a(strlen.o)
 .comment       0x000000000000002b       0x2c c:/program files/microchip/xc32/v4.45/bin/bin/../../lib/gcc/pic32mx/8.3.1/../../../../pic32mx/lib\libc-size-musl.a(strcpy.o)
 .comment       0x000000000000002b       0x2c c:/program files/microchip/xc32/v4.45/bin/bin/../../lib/gcc/pic32mx/8.3.1/../../../../pic32mx/lib\libc-size-musl.a(stpcpy.o)

.debug
 *.elf(.debug)
 *(.debug)

.line
 *.elf(.line)
 *(.line)

.debug_srcinfo
 *.elf(.debug_srcinfo)
 *(.debug_srcinfo)

.debug_sfnames
 *.elf(.debug_sfnames)
 *(.debug_sfnames)

.debug_aranges  0x0000000000000000      0x918
 *.elf(.debug_aranges)
 *(.debug_aranges)
 .debug_aranges
                0x0000000000000000       0x20 build/default/production/FrameworkSource/ES_CheckEvents.o
 .debug_aranges
                0x0000000000000020       0x20 build/default/production/FrameworkSource/ES_DeferRecall.o
 .debug_aranges
                0x0000000000000040       0x20 build/default/production/FrameworkSource/ES_Framework.o
 .debug_aranges
                0x0000000000000060       0x20 build/default/production/FrameworkSource/ES_LookupTables.o
 .debug_aranges
                0x0000000000000080       0x20 build/default/production/FrameworkSource/ES_Port.o
 .debug_aranges
                0x00000000000000a0       0x18 build/default/production/FrameworkSource/ES_PostList.o
 .debug_aranges
                0x00000000000000b8       0x20 build/default/production/FrameworkSource/ES_Queue.o
 .debug_aranges
                0x00000000000000d8       0x20 build/default/production/FrameworkSource/ES_Timers.o
 .debug_aranges
                0x00000000000000f8       0x20 build/default/production/FrameworkSource/terminal.o
 .debug_aranges
                0x0000000000000118       0x20 build/default/production/FrameworkSource/circular_buffer_no_modulo_threadsafe.o
 .debug_aranges
                0x0000000000000138       0x20 build/default/production/FrameworkSource/dbprintf.o
 .debug_aranges
                0x0000000000000158       0x20 build/default/production/ProjectSource/EventCheckers.o
 .debug_aranges
                0x0000000000000178       0x20 build/default/production/ProjectSource/main.o
 .debug_aranges
                0x0000000000000198       0x20 build/default/production/ProjectSource/TransmitService.o
 .debug_aranges
                0x00000000000001b8       0x20 c:/program files/microchip/xc32/v4.45/bin/bin/../../lib/gcc/pic32mx/8.3.1/../../../../pic32mx/lib\libpic32.a(default-bootstrap-exception-handler.o)
 .debug_aranges
                0x00000000000001d8       0x20 c:/program files/microchip/xc32/v4.45/bin/bin/../../lib/gcc/pic32mx/8.3.1/../../../../pic32mx/lib\libpic32.a(default-on-reset.o)
 .debug_aranges
                0x00000000000001f8       0x20 c:/program files/microchip/xc32/v4.45/bin/bin/../../lib/gcc/pic32mx/8.3.1/../../../../pic32mx/lib\libpic32.a(default-on-bootstrap.o)
 .debug_aranges
                0x0000000000000218       0x20 c:/program files/microchip/xc32/v4.45/bin/bin/../../lib/gcc/pic32mx/8.3.1/../../../../pic32mx/lib\libpic32.a(default-general-exception-handler.o)
 .debug_aranges
                0x0000000000000238       0x20 c:/program files/microchip/xc32/v4.45/bin/bin/../../lib/gcc/pic32mx/8.3.1/../../../../pic32mx/lib\libpic32.a(defaultinterrupt.o)
 .debug_aranges
                0x0000000000000258       0x20 c:/program files/microchip/xc32/v4.45/bin/bin/../../lib/gcc/pic32mx/8.3.1/../../../../pic32mx/lib\libc-musl.a(assert.o)
 .debug_aranges
                0x0000000000000278       0x20 c:/program files/microchip/xc32/v4.45/bin/bin/../../lib/gcc/pic32mx/8.3.1/../../../../pic32mx/lib\libc-musl.a(abort.o)
 .debug_aranges
                0x0000000000000298       0x20 c:/program files/microchip/xc32/v4.45/bin/bin/../../lib/gcc/pic32mx/8.3.1/../../../../pic32mx/lib\libc-musl.a(fprintf.o)
 .debug_aranges
                0x00000000000002b8       0x30 c:/program files/microchip/xc32/v4.45/bin/bin/../../lib/gcc/pic32mx/8.3.1/../../../../pic32mx/lib\libc-musl.a(fflush.o)
 .debug_aranges
                0x00000000000002e8       0x28 c:/program files/microchip/xc32/v4.45/bin/bin/../../lib/gcc/pic32mx/8.3.1/../../../../pic32mx/lib\libc-musl.a(vfprintf.o)
 .debug_aranges
                0x0000000000000310       0x38 c:/program files/microchip/xc32/v4.45/bin/bin/../../lib/gcc/pic32mx/8.3.1/../../../../pic32mx/lib\libc-musl.a(stderr.o)
 .debug_aranges
                0x0000000000000348       0x20 c:/program files/microchip/xc32/v4.45/bin/bin/../../lib/gcc/pic32mx/8.3.1/../../../../pic32mx/lib\libc-musl.a(putchar.o)
 .debug_aranges
                0x0000000000000368       0x20 c:/program files/microchip/xc32/v4.45/bin/bin/../../lib/gcc/pic32mx/8.3.1/../../../../pic32mx/lib\libc-musl.a(_Exit.o)
 .debug_aranges
                0x0000000000000388       0x20 c:/program files/microchip/xc32/v4.45/bin/bin/../../lib/gcc/pic32mx/8.3.1/../../../../pic32mx/lib\libc-musl.a(__io_fmt_needed.o)
 .debug_aranges
                0x00000000000003a8       0x28 c:/program files/microchip/xc32/v4.45/bin/bin/../../lib/gcc/pic32mx/8.3.1/../../../../pic32mx/lib\libc-musl.a(__io_init_needed.o)
 .debug_aranges
                0x00000000000003d0       0x28 c:/program files/microchip/xc32/v4.45/bin/bin/../../lib/gcc/pic32mx/8.3.1/../../../../pic32mx/lib\libc-musl.a(__out.o)
 .debug_aranges
                0x00000000000003f8       0x20 c:/program files/microchip/xc32/v4.45/bin/bin/../../lib/gcc/pic32mx/8.3.1/../../../../pic32mx/lib\libc-musl.a(__pop_float.o)
 .debug_aranges
                0x0000000000000418       0x20 c:/program files/microchip/xc32/v4.45/bin/bin/../../lib/gcc/pic32mx/8.3.1/../../../../pic32mx/lib\libc-musl.a(__pop_int.o)
 .debug_aranges
                0x0000000000000438       0x20 c:/program files/microchip/xc32/v4.45/bin/bin/../../lib/gcc/pic32mx/8.3.1/../../../../pic32mx/lib\libc-musl.a(__pop_ptr.o)
 .debug_aranges
                0x0000000000000458       0x50 c:/program files/microchip/xc32/v4.45/bin/bin/../../lib/gcc/pic32mx/8.3.1/../../../../pic32mx/lib\libc-musl.a(__printf_core.o)
 .debug_aranges
                0x00000000000004a8       0x28 c:/program files/microchip/xc32/v4.45/bin/bin/../../lib/gcc/pic32mx/8.3.1/../../../../pic32mx/lib\libc-musl.a(__stdio_close.o)
 .debug_aranges
                0x00000000000004d0       0x30 c:/program files/microchip/xc32/v4.45/bin/bin/../../lib/gcc/pic32mx/8.3.1/../../../../pic32mx/lib\libc-musl.a(putc.o)
 .debug_aranges
                0x0000000000000500       0x30 c:/program files/microchip/xc32/v4.45/bin/bin/../../lib/gcc/pic32mx/8.3.1/../../../../pic32mx/lib\libc-musl.a(stdout.o)
 .debug_aranges
                0x0000000000000530       0x20 c:/program files/microchip/xc32/v4.45/bin/bin/../../lib/gcc/pic32mx/8.3.1/../../../../pic32mx/lib\libc-musl.a(atoi.o)
 .debug_aranges
                0x0000000000000550       0x28 c:/program files/microchip/xc32/v4.45/bin/bin/../../lib/gcc/pic32mx/8.3.1/../../../../pic32mx/lib\libc-musl.a(tolower.o)
 .debug_aranges
                0x0000000000000578       0x20 c:/program files/microchip/xc32/v4.45/bin/bin/../../lib/gcc/pic32mx/8.3.1/../../../../pic32mx/lib\libc-musl.a(__fmt_a.o)
 .debug_aranges
                0x0000000000000598       0x20 c:/program files/microchip/xc32/v4.45/bin/bin/../../lib/gcc/pic32mx/8.3.1/../../../../pic32mx/lib\libc-musl.a(__fmt_d.o)
 .debug_aranges
                0x00000000000005b8       0x20 c:/program files/microchip/xc32/v4.45/bin/bin/../../lib/gcc/pic32mx/8.3.1/../../../../pic32mx/lib\libc-musl.a(__fmt_fp.o)
 .debug_aranges
                0x00000000000005d8       0x20 c:/program files/microchip/xc32/v4.45/bin/bin/../../lib/gcc/pic32mx/8.3.1/../../../../pic32mx/lib\libc-musl.a(__fmt_o.o)
 .debug_aranges
                0x00000000000005f8       0x20 c:/program files/microchip/xc32/v4.45/bin/bin/../../lib/gcc/pic32mx/8.3.1/../../../../pic32mx/lib\libc-musl.a(__fmt_s.o)
 .debug_aranges
                0x0000000000000618       0x20 c:/program files/microchip/xc32/v4.45/bin/bin/../../lib/gcc/pic32mx/8.3.1/../../../../pic32mx/lib\libc-musl.a(__fmt_u.o)
 .debug_aranges
                0x0000000000000638       0x20 c:/program files/microchip/xc32/v4.45/bin/bin/../../lib/gcc/pic32mx/8.3.1/../../../../pic32mx/lib\libc-musl.a(__fmt_x.o)
 .debug_aranges
                0x0000000000000658       0x28 c:/program files/microchip/xc32/v4.45/bin/bin/../../lib/gcc/pic32mx/8.3.1/../../../../pic32mx/lib\libc-musl.a(__init_stdio.o)
 .debug_aranges
                0x0000000000000680       0x20 c:/program files/microchip/xc32/v4.45/bin/bin/../../lib/gcc/pic32mx/8.3.1/../../../../pic32mx/lib\libc-musl.a(__io_file_needed.o)
 .debug_aranges
                0x00000000000006a0       0x28 c:/program files/microchip/xc32/v4.45/bin/bin/../../lib/gcc/pic32mx/8.3.1/../../../../pic32mx/lib\libc-musl.a(toupper.o)
 .debug_aranges
                0x00000000000006c8       0x20 c:/program files/microchip/xc32/v4.45/bin/bin/../../lib/gcc/pic32mx/8.3.1/../../../../pic32mx/lib\libc-musl.a(__cvt_u.o)
 .debug_aranges
                0x00000000000006e8       0x30 c:/program files/microchip/xc32/v4.45/bin/bin/../../lib/gcc/pic32mx/8.3.1/../../../../pic32mx/lib\libm-musl.a(fma.o)
 .debug_aranges
                0x0000000000000718       0x20 c:/program files/microchip/xc32/v4.45/bin/bin/../../lib/gcc/pic32mx/8.3.1/../../../../pic32mx/lib\libm-musl.a(scalbn.o)
 .debug_aranges
                0x0000000000000738       0x20 c:/program files/microchip/xc32/v4.45/bin/bin/../../lib/gcc/pic32mx/8.3.1\libgcc.a(_lshrdi3.o)
 .debug_aranges
                0x0000000000000758       0x20 c:/program files/microchip/xc32/v4.45/bin/bin/../../lib/gcc/pic32mx/8.3.1\libgcc.a(_ashldi3.o)
 .debug_aranges
                0x0000000000000778       0x20 c:/program files/microchip/xc32/v4.45/bin/bin/../../lib/gcc/pic32mx/8.3.1\libgcc.a(_floatdidf.o)
 .debug_aranges
                0x0000000000000798       0x20 c:/program files/microchip/xc32/v4.45/bin/bin/../../lib/gcc/pic32mx/8.3.1\libgcc.a(_udivdi3.o)
 .debug_aranges
                0x00000000000007b8       0x20 c:/program files/microchip/xc32/v4.45/bin/bin/../../lib/gcc/pic32mx/8.3.1\libgcc.a(_umoddi3.o)
 .debug_aranges
                0x00000000000007d8       0x20 c:/program files/microchip/xc32/v4.45/bin/bin/../../lib/gcc/pic32mx/8.3.1\libgcc.a(floatunsidf.o)
 .debug_aranges
                0x00000000000007f8       0x20 c:/program files/microchip/xc32/v4.45/bin/bin/../../lib/gcc/pic32mx/8.3.1/../../../../pic32mx/lib\libpic32.a(_exit.o)
 .debug_aranges
                0x0000000000000818       0x20 c:/program files/microchip/xc32/v4.45/bin/bin/../../lib/gcc/pic32mx/8.3.1/../../../../pic32mx/lib\libpic32.a(write.o)
 .debug_aranges
                0x0000000000000838       0x20 c:/program files/microchip/xc32/v4.45/bin/bin/../../lib/gcc/pic32mx/8.3.1/../../../../pic32mx/lib\libpic32.a(lseek.o)
 .debug_aranges
                0x0000000000000858       0x20 c:/program files/microchip/xc32/v4.45/bin/bin/../../lib/gcc/pic32mx/8.3.1/../../../../pic32mx/lib\libpic32.a(close.o)
 .debug_aranges
                0x0000000000000878       0x20 c:/program files/microchip/xc32/v4.45/bin/bin/../../lib/gcc/pic32mx/8.3.1/../../../../pic32mx/lib\libc-size-musl.a(memcpy.o)
 .debug_aranges
                0x0000000000000898       0x20 c:/program files/microchip/xc32/v4.45/bin/bin/../../lib/gcc/pic32mx/8.3.1/../../../../pic32mx/lib\libc-size-musl.a(memset.o)
 .debug_aranges
                0x00000000000008b8       0x20 c:/program files/microchip/xc32/v4.45/bin/bin/../../lib/gcc/pic32mx/8.3.1/../../../../pic32mx/lib\libc-size-musl.a(strlen.o)
 .debug_aranges
                0x00000000000008d8       0x20 c:/program files/microchip/xc32/v4.45/bin/bin/../../lib/gcc/pic32mx/8.3.1/../../../../pic32mx/lib\libc-size-musl.a(strcpy.o)
 .debug_aranges
                0x00000000000008f8       0x20 c:/program files/microchip/xc32/v4.45/bin/bin/../../lib/gcc/pic32mx/8.3.1/../../../../pic32mx/lib\libc-size-musl.a(stpcpy.o)

.debug_pubnames
 *.elf(.debug_pubnames)
 *(.debug_pubnames)

.debug_info     0x0000000000000000     0xb303
 *.elf(.debug_info .gnu.linkonce.wi.*)
 *(.debug_info .gnu.linkonce.wi.*)
 .debug_info    0x0000000000000000       0xe3 build/default/production/FrameworkSource/ES_CheckEvents.o
 .debug_info    0x00000000000000e3      0x184 build/default/production/FrameworkSource/ES_DeferRecall.o
 .debug_info    0x0000000000000267      0x461 build/default/production/FrameworkSource/ES_Framework.o
 .debug_info    0x00000000000006c8      0x14f build/default/production/FrameworkSource/ES_LookupTables.o
 .debug_info    0x0000000000000817      0x9a0 build/default/production/FrameworkSource/ES_Port.o
 .debug_info    0x00000000000011b7       0x79 build/default/production/FrameworkSource/ES_PostList.o
 .debug_info    0x0000000000001230      0x2f2 build/default/production/FrameworkSource/ES_Queue.o
 .debug_info    0x0000000000001522      0x3cd build/default/production/FrameworkSource/ES_Timers.o
 .debug_info    0x00000000000018ef      0x9a4 build/default/production/FrameworkSource/terminal.o
 .debug_info    0x0000000000002293      0x392 build/default/production/FrameworkSource/circular_buffer_no_modulo_threadsafe.o
 .debug_info    0x0000000000002625      0x1bb build/default/production/FrameworkSource/dbprintf.o
 .debug_info    0x00000000000027e0      0x368 build/default/production/ProjectSource/EventCheckers.o
 .debug_info    0x0000000000002b48      0x155 build/default/production/ProjectSource/main.o
 .debug_info    0x0000000000002c9d     0x1989 build/default/production/ProjectSource/TransmitService.o
 .debug_info    0x0000000000004626       0x41 c:/program files/microchip/xc32/v4.45/bin/bin/../../lib/gcc/pic32mx/8.3.1/../../../../pic32mx/lib\libpic32.a(default-bootstrap-exception-handler.o)
 .debug_info    0x0000000000004667       0x3f c:/program files/microchip/xc32/v4.45/bin/bin/../../lib/gcc/pic32mx/8.3.1/../../../../pic32mx/lib\libpic32.a(default-on-reset.o)
 .debug_info    0x00000000000046a6       0x3f c:/program files/microchip/xc32/v4.45/bin/bin/../../lib/gcc/pic32mx/8.3.1/../../../../pic32mx/lib\libpic32.a(default-on-bootstrap.o)
 .debug_info    0x00000000000046e5       0x41 c:/program files/microchip/xc32/v4.45/bin/bin/../../lib/gcc/pic32mx/8.3.1/../../../../pic32mx/lib\libpic32.a(default-general-exception-handler.o)
 .debug_info    0x0000000000004726       0x40 c:/program files/microchip/xc32/v4.45/bin/bin/../../lib/gcc/pic32mx/8.3.1/../../../../pic32mx/lib\libpic32.a(defaultinterrupt.o)
 .debug_info    0x0000000000004766      0x177 c:/program files/microchip/xc32/v4.45/bin/bin/../../lib/gcc/pic32mx/8.3.1/../../../../pic32mx/lib\libc-musl.a(assert.o)
 .debug_info    0x00000000000048dd       0x8c c:/program files/microchip/xc32/v4.45/bin/bin/../../lib/gcc/pic32mx/8.3.1/../../../../pic32mx/lib\libc-musl.a(abort.o)
 .debug_info    0x0000000000004969      0x116 c:/program files/microchip/xc32/v4.45/bin/bin/../../lib/gcc/pic32mx/8.3.1/../../../../pic32mx/lib\libc-musl.a(fprintf.o)
 .debug_info    0x0000000000004a7f      0x2cd c:/program files/microchip/xc32/v4.45/bin/bin/../../lib/gcc/pic32mx/8.3.1/../../../../pic32mx/lib\libc-musl.a(fflush.o)
 .debug_info    0x0000000000004d4c      0x3ef c:/program files/microchip/xc32/v4.45/bin/bin/../../lib/gcc/pic32mx/8.3.1/../../../../pic32mx/lib\libc-musl.a(vfprintf.o)
 .debug_info    0x000000000000513b      0x406 c:/program files/microchip/xc32/v4.45/bin/bin/../../lib/gcc/pic32mx/8.3.1/../../../../pic32mx/lib\libc-musl.a(stderr.o)
 .debug_info    0x0000000000005541       0xce c:/program files/microchip/xc32/v4.45/bin/bin/../../lib/gcc/pic32mx/8.3.1/../../../../pic32mx/lib\libc-musl.a(putchar.o)
 .debug_info    0x000000000000560f       0xa2 c:/program files/microchip/xc32/v4.45/bin/bin/../../lib/gcc/pic32mx/8.3.1/../../../../pic32mx/lib\libc-musl.a(_Exit.o)
 .debug_info    0x00000000000056b1      0x17e c:/program files/microchip/xc32/v4.45/bin/bin/../../lib/gcc/pic32mx/8.3.1/../../../../pic32mx/lib\libc-musl.a(__io_fmt_needed.o)
 .debug_info    0x000000000000582f       0xdf c:/program files/microchip/xc32/v4.45/bin/bin/../../lib/gcc/pic32mx/8.3.1/../../../../pic32mx/lib\libc-musl.a(__io_init_needed.o)
 .debug_info    0x000000000000590e      0x29f c:/program files/microchip/xc32/v4.45/bin/bin/../../lib/gcc/pic32mx/8.3.1/../../../../pic32mx/lib\libc-musl.a(__out.o)
 .debug_info    0x0000000000005bad      0x134 c:/program files/microchip/xc32/v4.45/bin/bin/../../lib/gcc/pic32mx/8.3.1/../../../../pic32mx/lib\libc-musl.a(__pop_float.o)
 .debug_info    0x0000000000005ce1      0x14e c:/program files/microchip/xc32/v4.45/bin/bin/../../lib/gcc/pic32mx/8.3.1/../../../../pic32mx/lib\libc-musl.a(__pop_int.o)
 .debug_info    0x0000000000005e2f      0x15e c:/program files/microchip/xc32/v4.45/bin/bin/../../lib/gcc/pic32mx/8.3.1/../../../../pic32mx/lib\libc-musl.a(__pop_ptr.o)
 .debug_info    0x0000000000005f8d      0xa27 c:/program files/microchip/xc32/v4.45/bin/bin/../../lib/gcc/pic32mx/8.3.1/../../../../pic32mx/lib\libc-musl.a(__printf_core.o)
 .debug_info    0x00000000000069b4      0x3f6 c:/program files/microchip/xc32/v4.45/bin/bin/../../lib/gcc/pic32mx/8.3.1/../../../../pic32mx/lib\libc-musl.a(__stdio_close.o)
 .debug_info    0x0000000000006daa      0x217 c:/program files/microchip/xc32/v4.45/bin/bin/../../lib/gcc/pic32mx/8.3.1/../../../../pic32mx/lib\libc-musl.a(putc.o)
 .debug_info    0x0000000000006fc1      0x40c c:/program files/microchip/xc32/v4.45/bin/bin/../../lib/gcc/pic32mx/8.3.1/../../../../pic32mx/lib\libc-musl.a(stdout.o)
 .debug_info    0x00000000000073cd       0xee c:/program files/microchip/xc32/v4.45/bin/bin/../../lib/gcc/pic32mx/8.3.1/../../../../pic32mx/lib\libc-musl.a(atoi.o)
 .debug_info    0x00000000000074bb      0x11b c:/program files/microchip/xc32/v4.45/bin/bin/../../lib/gcc/pic32mx/8.3.1/../../../../pic32mx/lib\libc-musl.a(tolower.o)
 .debug_info    0x00000000000075d6      0x5ec c:/program files/microchip/xc32/v4.45/bin/bin/../../lib/gcc/pic32mx/8.3.1/../../../../pic32mx/lib\libc-musl.a(__fmt_a.o)
 .debug_info    0x0000000000007bc2      0x327 c:/program files/microchip/xc32/v4.45/bin/bin/../../lib/gcc/pic32mx/8.3.1/../../../../pic32mx/lib\libc-musl.a(__fmt_d.o)
 .debug_info    0x0000000000007ee9      0x613 c:/program files/microchip/xc32/v4.45/bin/bin/../../lib/gcc/pic32mx/8.3.1/../../../../pic32mx/lib\libc-musl.a(__fmt_fp.o)
 .debug_info    0x00000000000084fc      0x2f8 c:/program files/microchip/xc32/v4.45/bin/bin/../../lib/gcc/pic32mx/8.3.1/../../../../pic32mx/lib\libc-musl.a(__fmt_o.o)
 .debug_info    0x00000000000087f4      0x2a9 c:/program files/microchip/xc32/v4.45/bin/bin/../../lib/gcc/pic32mx/8.3.1/../../../../pic32mx/lib\libc-musl.a(__fmt_s.o)
 .debug_info    0x0000000000008a9d      0x2f8 c:/program files/microchip/xc32/v4.45/bin/bin/../../lib/gcc/pic32mx/8.3.1/../../../../pic32mx/lib\libc-musl.a(__fmt_u.o)
 .debug_info    0x0000000000008d95      0x328 c:/program files/microchip/xc32/v4.45/bin/bin/../../lib/gcc/pic32mx/8.3.1/../../../../pic32mx/lib\libc-musl.a(__fmt_x.o)
 .debug_info    0x00000000000090bd       0xb9 c:/program files/microchip/xc32/v4.45/bin/bin/../../lib/gcc/pic32mx/8.3.1/../../../../pic32mx/lib\libc-musl.a(__init_stdio.o)
 .debug_info    0x0000000000009176       0xaf c:/program files/microchip/xc32/v4.45/bin/bin/../../lib/gcc/pic32mx/8.3.1/../../../../pic32mx/lib\libc-musl.a(__io_file_needed.o)
 .debug_info    0x0000000000009225      0x11b c:/program files/microchip/xc32/v4.45/bin/bin/../../lib/gcc/pic32mx/8.3.1/../../../../pic32mx/lib\libc-musl.a(toupper.o)
 .debug_info    0x0000000000009340      0x1d0 c:/program files/microchip/xc32/v4.45/bin/bin/../../lib/gcc/pic32mx/8.3.1/../../../../pic32mx/lib\libc-musl.a(__cvt_u.o)
 .debug_info    0x0000000000009510      0x528 c:/program files/microchip/xc32/v4.45/bin/bin/../../lib/gcc/pic32mx/8.3.1/../../../../pic32mx/lib\libm-musl.a(fma.o)
 .debug_info    0x0000000000009a38      0x109 c:/program files/microchip/xc32/v4.45/bin/bin/../../lib/gcc/pic32mx/8.3.1/../../../../pic32mx/lib\libm-musl.a(scalbn.o)
 .debug_info    0x0000000000009b41      0x1aa c:/program files/microchip/xc32/v4.45/bin/bin/../../lib/gcc/pic32mx/8.3.1\libgcc.a(_lshrdi3.o)
 .debug_info    0x0000000000009ceb      0x1aa c:/program files/microchip/xc32/v4.45/bin/bin/../../lib/gcc/pic32mx/8.3.1\libgcc.a(_ashldi3.o)
 .debug_info    0x0000000000009e95       0xf9 c:/program files/microchip/xc32/v4.45/bin/bin/../../lib/gcc/pic32mx/8.3.1\libgcc.a(_floatdidf.o)
 .debug_info    0x0000000000009f8e      0x6ca c:/program files/microchip/xc32/v4.45/bin/bin/../../lib/gcc/pic32mx/8.3.1\libgcc.a(_udivdi3.o)
 .debug_info    0x000000000000a658      0x73e c:/program files/microchip/xc32/v4.45/bin/bin/../../lib/gcc/pic32mx/8.3.1\libgcc.a(_umoddi3.o)
 .debug_info    0x000000000000ad96       0xaf c:/program files/microchip/xc32/v4.45/bin/bin/../../lib/gcc/pic32mx/8.3.1\libgcc.a(floatunsidf.o)
 .debug_info    0x000000000000ae45       0x40 c:/program files/microchip/xc32/v4.45/bin/bin/../../lib/gcc/pic32mx/8.3.1/../../../../pic32mx/lib\libpic32.a(_exit.o)
 .debug_info    0x000000000000ae85       0x40 c:/program files/microchip/xc32/v4.45/bin/bin/../../lib/gcc/pic32mx/8.3.1/../../../../pic32mx/lib\libpic32.a(write.o)
 .debug_info    0x000000000000aec5       0x3f c:/program files/microchip/xc32/v4.45/bin/bin/../../lib/gcc/pic32mx/8.3.1/../../../../pic32mx/lib\libpic32.a(lseek.o)
 .debug_info    0x000000000000af04       0x3f c:/program files/microchip/xc32/v4.45/bin/bin/../../lib/gcc/pic32mx/8.3.1/../../../../pic32mx/lib\libpic32.a(close.o)
 .debug_info    0x000000000000af43       0xf7 c:/program files/microchip/xc32/v4.45/bin/bin/../../lib/gcc/pic32mx/8.3.1/../../../../pic32mx/lib\libc-size-musl.a(memcpy.o)
 .debug_info    0x000000000000b03a       0xc0 c:/program files/microchip/xc32/v4.45/bin/bin/../../lib/gcc/pic32mx/8.3.1/../../../../pic32mx/lib\libc-size-musl.a(memset.o)
 .debug_info    0x000000000000b0fa       0xa3 c:/program files/microchip/xc32/v4.45/bin/bin/../../lib/gcc/pic32mx/8.3.1/../../../../pic32mx/lib\libc-size-musl.a(strlen.o)
 .debug_info    0x000000000000b19d       0xbb c:/program files/microchip/xc32/v4.45/bin/bin/../../lib/gcc/pic32mx/8.3.1/../../../../pic32mx/lib\libc-size-musl.a(strcpy.o)
 .debug_info    0x000000000000b258       0xab c:/program files/microchip/xc32/v4.45/bin/bin/../../lib/gcc/pic32mx/8.3.1/../../../../pic32mx/lib\libc-size-musl.a(stpcpy.o)

.debug_abbrev   0x0000000000000000     0x421e
 *.elf(.debug_abbrev)
 *(.debug_abbrev)
 .debug_abbrev  0x0000000000000000       0xa2 build/default/production/FrameworkSource/ES_CheckEvents.o
 .debug_abbrev  0x00000000000000a2       0xcf build/default/production/FrameworkSource/ES_DeferRecall.o
 .debug_abbrev  0x0000000000000171      0x184 build/default/production/FrameworkSource/ES_Framework.o
 .debug_abbrev  0x00000000000002f5       0xb2 build/default/production/FrameworkSource/ES_LookupTables.o
 .debug_abbrev  0x00000000000003a7      0x1b3 build/default/production/FrameworkSource/ES_Port.o
 .debug_abbrev  0x000000000000055a       0x26 build/default/production/FrameworkSource/ES_PostList.o
 .debug_abbrev  0x0000000000000580       0xfa build/default/production/FrameworkSource/ES_Queue.o
 .debug_abbrev  0x000000000000067a      0x1a1 build/default/production/FrameworkSource/ES_Timers.o
 .debug_abbrev  0x000000000000081b      0x1a3 build/default/production/FrameworkSource/terminal.o
 .debug_abbrev  0x00000000000009be      0x173 build/default/production/FrameworkSource/circular_buffer_no_modulo_threadsafe.o
 .debug_abbrev  0x0000000000000b31       0xea build/default/production/FrameworkSource/dbprintf.o
 .debug_abbrev  0x0000000000000c1b      0x12c build/default/production/ProjectSource/EventCheckers.o
 .debug_abbrev  0x0000000000000d47       0xba build/default/production/ProjectSource/main.o
 .debug_abbrev  0x0000000000000e01      0x327 build/default/production/ProjectSource/TransmitService.o
 .debug_abbrev  0x0000000000001128       0x31 c:/program files/microchip/xc32/v4.45/bin/bin/../../lib/gcc/pic32mx/8.3.1/../../../../pic32mx/lib\libpic32.a(default-bootstrap-exception-handler.o)
 .debug_abbrev  0x0000000000001159       0x2e c:/program files/microchip/xc32/v4.45/bin/bin/../../lib/gcc/pic32mx/8.3.1/../../../../pic32mx/lib\libpic32.a(default-on-reset.o)
 .debug_abbrev  0x0000000000001187       0x2e c:/program files/microchip/xc32/v4.45/bin/bin/../../lib/gcc/pic32mx/8.3.1/../../../../pic32mx/lib\libpic32.a(default-on-bootstrap.o)
 .debug_abbrev  0x00000000000011b5       0x31 c:/program files/microchip/xc32/v4.45/bin/bin/../../lib/gcc/pic32mx/8.3.1/../../../../pic32mx/lib\libpic32.a(default-general-exception-handler.o)
 .debug_abbrev  0x00000000000011e6       0x31 c:/program files/microchip/xc32/v4.45/bin/bin/../../lib/gcc/pic32mx/8.3.1/../../../../pic32mx/lib\libpic32.a(defaultinterrupt.o)
 .debug_abbrev  0x0000000000001217       0xd2 c:/program files/microchip/xc32/v4.45/bin/bin/../../lib/gcc/pic32mx/8.3.1/../../../../pic32mx/lib\libc-musl.a(assert.o)
 .debug_abbrev  0x00000000000012e9       0x74 c:/program files/microchip/xc32/v4.45/bin/bin/../../lib/gcc/pic32mx/8.3.1/../../../../pic32mx/lib\libc-musl.a(abort.o)
 .debug_abbrev  0x000000000000135d       0xf3 c:/program files/microchip/xc32/v4.45/bin/bin/../../lib/gcc/pic32mx/8.3.1/../../../../pic32mx/lib\libc-musl.a(fprintf.o)
 .debug_abbrev  0x0000000000001450      0x198 c:/program files/microchip/xc32/v4.45/bin/bin/../../lib/gcc/pic32mx/8.3.1/../../../../pic32mx/lib\libc-musl.a(fflush.o)
 .debug_abbrev  0x00000000000015e8      0x178 c:/program files/microchip/xc32/v4.45/bin/bin/../../lib/gcc/pic32mx/8.3.1/../../../../pic32mx/lib\libc-musl.a(vfprintf.o)
 .debug_abbrev  0x0000000000001760      0x1b7 c:/program files/microchip/xc32/v4.45/bin/bin/../../lib/gcc/pic32mx/8.3.1/../../../../pic32mx/lib\libc-musl.a(stderr.o)
 .debug_abbrev  0x0000000000001917       0xc4 c:/program files/microchip/xc32/v4.45/bin/bin/../../lib/gcc/pic32mx/8.3.1/../../../../pic32mx/lib\libc-musl.a(putchar.o)
 .debug_abbrev  0x00000000000019db       0x8a c:/program files/microchip/xc32/v4.45/bin/bin/../../lib/gcc/pic32mx/8.3.1/../../../../pic32mx/lib\libc-musl.a(_Exit.o)
 .debug_abbrev  0x0000000000001a65       0x67 c:/program files/microchip/xc32/v4.45/bin/bin/../../lib/gcc/pic32mx/8.3.1/../../../../pic32mx/lib\libc-musl.a(__io_fmt_needed.o)
 .debug_abbrev  0x0000000000001acc       0x81 c:/program files/microchip/xc32/v4.45/bin/bin/../../lib/gcc/pic32mx/8.3.1/../../../../pic32mx/lib\libc-musl.a(__io_init_needed.o)
 .debug_abbrev  0x0000000000001b4d      0x17a c:/program files/microchip/xc32/v4.45/bin/bin/../../lib/gcc/pic32mx/8.3.1/../../../../pic32mx/lib\libc-musl.a(__out.o)
 .debug_abbrev  0x0000000000001cc7       0xc3 c:/program files/microchip/xc32/v4.45/bin/bin/../../lib/gcc/pic32mx/8.3.1/../../../../pic32mx/lib\libc-musl.a(__pop_float.o)
 .debug_abbrev  0x0000000000001d8a       0xc3 c:/program files/microchip/xc32/v4.45/bin/bin/../../lib/gcc/pic32mx/8.3.1/../../../../pic32mx/lib\libc-musl.a(__pop_int.o)
 .debug_abbrev  0x0000000000001e4d       0xd7 c:/program files/microchip/xc32/v4.45/bin/bin/../../lib/gcc/pic32mx/8.3.1/../../../../pic32mx/lib\libc-musl.a(__pop_ptr.o)
 .debug_abbrev  0x0000000000001f24      0x318 c:/program files/microchip/xc32/v4.45/bin/bin/../../lib/gcc/pic32mx/8.3.1/../../../../pic32mx/lib\libc-musl.a(__printf_core.o)
 .debug_abbrev  0x000000000000223c      0x15a c:/program files/microchip/xc32/v4.45/bin/bin/../../lib/gcc/pic32mx/8.3.1/../../../../pic32mx/lib\libc-musl.a(__stdio_close.o)
 .debug_abbrev  0x0000000000002396      0x122 c:/program files/microchip/xc32/v4.45/bin/bin/../../lib/gcc/pic32mx/8.3.1/../../../../pic32mx/lib\libc-musl.a(putc.o)
 .debug_abbrev  0x00000000000024b8      0x1bd c:/program files/microchip/xc32/v4.45/bin/bin/../../lib/gcc/pic32mx/8.3.1/../../../../pic32mx/lib\libc-musl.a(stdout.o)
 .debug_abbrev  0x0000000000002675       0xc4 c:/program files/microchip/xc32/v4.45/bin/bin/../../lib/gcc/pic32mx/8.3.1/../../../../pic32mx/lib\libc-musl.a(atoi.o)
 .debug_abbrev  0x0000000000002739       0xf1 c:/program files/microchip/xc32/v4.45/bin/bin/../../lib/gcc/pic32mx/8.3.1/../../../../pic32mx/lib\libc-musl.a(tolower.o)
 .debug_abbrev  0x000000000000282a      0x1d5 c:/program files/microchip/xc32/v4.45/bin/bin/../../lib/gcc/pic32mx/8.3.1/../../../../pic32mx/lib\libc-musl.a(__fmt_a.o)
 .debug_abbrev  0x00000000000029ff      0x161 c:/program files/microchip/xc32/v4.45/bin/bin/../../lib/gcc/pic32mx/8.3.1/../../../../pic32mx/lib\libc-musl.a(__fmt_d.o)
 .debug_abbrev  0x0000000000002b60      0x1d8 c:/program files/microchip/xc32/v4.45/bin/bin/../../lib/gcc/pic32mx/8.3.1/../../../../pic32mx/lib\libc-musl.a(__fmt_fp.o)
 .debug_abbrev  0x0000000000002d38      0x161 c:/program files/microchip/xc32/v4.45/bin/bin/../../lib/gcc/pic32mx/8.3.1/../../../../pic32mx/lib\libc-musl.a(__fmt_o.o)
 .debug_abbrev  0x0000000000002e99      0x14c c:/program files/microchip/xc32/v4.45/bin/bin/../../lib/gcc/pic32mx/8.3.1/../../../../pic32mx/lib\libc-musl.a(__fmt_s.o)
 .debug_abbrev  0x0000000000002fe5      0x161 c:/program files/microchip/xc32/v4.45/bin/bin/../../lib/gcc/pic32mx/8.3.1/../../../../pic32mx/lib\libc-musl.a(__fmt_u.o)
 .debug_abbrev  0x0000000000003146      0x150 c:/program files/microchip/xc32/v4.45/bin/bin/../../lib/gcc/pic32mx/8.3.1/../../../../pic32mx/lib\libc-musl.a(__fmt_x.o)
 .debug_abbrev  0x0000000000003296       0x65 c:/program files/microchip/xc32/v4.45/bin/bin/../../lib/gcc/pic32mx/8.3.1/../../../../pic32mx/lib\libc-musl.a(__init_stdio.o)
 .debug_abbrev  0x00000000000032fb       0x67 c:/program files/microchip/xc32/v4.45/bin/bin/../../lib/gcc/pic32mx/8.3.1/../../../../pic32mx/lib\libc-musl.a(__io_file_needed.o)
 .debug_abbrev  0x0000000000003362       0xf1 c:/program files/microchip/xc32/v4.45/bin/bin/../../lib/gcc/pic32mx/8.3.1/../../../../pic32mx/lib\libc-musl.a(toupper.o)
 .debug_abbrev  0x0000000000003453       0xe5 c:/program files/microchip/xc32/v4.45/bin/bin/../../lib/gcc/pic32mx/8.3.1/../../../../pic32mx/lib\libc-musl.a(__cvt_u.o)
 .debug_abbrev  0x0000000000003538      0x249 c:/program files/microchip/xc32/v4.45/bin/bin/../../lib/gcc/pic32mx/8.3.1/../../../../pic32mx/lib\libm-musl.a(fma.o)
 .debug_abbrev  0x0000000000003781       0xac c:/program files/microchip/xc32/v4.45/bin/bin/../../lib/gcc/pic32mx/8.3.1/../../../../pic32mx/lib\libm-musl.a(scalbn.o)
 .debug_abbrev  0x000000000000382d      0x121 c:/program files/microchip/xc32/v4.45/bin/bin/../../lib/gcc/pic32mx/8.3.1\libgcc.a(_lshrdi3.o)
 .debug_abbrev  0x000000000000394e      0x121 c:/program files/microchip/xc32/v4.45/bin/bin/../../lib/gcc/pic32mx/8.3.1\libgcc.a(_ashldi3.o)
 .debug_abbrev  0x0000000000003a6f       0x7d c:/program files/microchip/xc32/v4.45/bin/bin/../../lib/gcc/pic32mx/8.3.1\libgcc.a(_floatdidf.o)
 .debug_abbrev  0x0000000000003aec      0x184 c:/program files/microchip/xc32/v4.45/bin/bin/../../lib/gcc/pic32mx/8.3.1\libgcc.a(_udivdi3.o)
 .debug_abbrev  0x0000000000003c70      0x19a c:/program files/microchip/xc32/v4.45/bin/bin/../../lib/gcc/pic32mx/8.3.1\libgcc.a(_umoddi3.o)
 .debug_abbrev  0x0000000000003e0a       0x7d c:/program files/microchip/xc32/v4.45/bin/bin/../../lib/gcc/pic32mx/8.3.1\libgcc.a(floatunsidf.o)
 .debug_abbrev  0x0000000000003e87       0x31 c:/program files/microchip/xc32/v4.45/bin/bin/../../lib/gcc/pic32mx/8.3.1/../../../../pic32mx/lib\libpic32.a(_exit.o)
 .debug_abbrev  0x0000000000003eb8       0x2e c:/program files/microchip/xc32/v4.45/bin/bin/../../lib/gcc/pic32mx/8.3.1/../../../../pic32mx/lib\libpic32.a(write.o)
 .debug_abbrev  0x0000000000003ee6       0x2e c:/program files/microchip/xc32/v4.45/bin/bin/../../lib/gcc/pic32mx/8.3.1/../../../../pic32mx/lib\libpic32.a(lseek.o)
 .debug_abbrev  0x0000000000003f14       0x2e c:/program files/microchip/xc32/v4.45/bin/bin/../../lib/gcc/pic32mx/8.3.1/../../../../pic32mx/lib\libpic32.a(close.o)
 .debug_abbrev  0x0000000000003f42       0xaa c:/program files/microchip/xc32/v4.45/bin/bin/../../lib/gcc/pic32mx/8.3.1/../../../../pic32mx/lib\libc-size-musl.a(memcpy.o)
 .debug_abbrev  0x0000000000003fec       0x91 c:/program files/microchip/xc32/v4.45/bin/bin/../../lib/gcc/pic32mx/8.3.1/../../../../pic32mx/lib\libc-size-musl.a(memset.o)
 .debug_abbrev  0x000000000000407d       0x91 c:/program files/microchip/xc32/v4.45/bin/bin/../../lib/gcc/pic32mx/8.3.1/../../../../pic32mx/lib\libc-size-musl.a(strlen.o)
 .debug_abbrev  0x000000000000410e       0xa2 c:/program files/microchip/xc32/v4.45/bin/bin/../../lib/gcc/pic32mx/8.3.1/../../../../pic32mx/lib\libc-size-musl.a(strcpy.o)
 .debug_abbrev  0x00000000000041b0       0x6e c:/program files/microchip/xc32/v4.45/bin/bin/../../lib/gcc/pic32mx/8.3.1/../../../../pic32mx/lib\libc-size-musl.a(stpcpy.o)

.debug_line     0x0000000000000000     0x822b
 *.elf(.debug_line)
 *(.debug_line)
 .debug_line    0x0000000000000000      0x16c build/default/production/FrameworkSource/ES_CheckEvents.o
 .debug_line    0x000000000000016c      0x177 build/default/production/FrameworkSource/ES_DeferRecall.o
 .debug_line    0x00000000000002e3      0x28b build/default/production/FrameworkSource/ES_Framework.o
 .debug_line    0x000000000000056e      0x120 build/default/production/FrameworkSource/ES_LookupTables.o
 .debug_line    0x000000000000068e      0x253 build/default/production/FrameworkSource/ES_Port.o
 .debug_line    0x00000000000008e1       0x1d build/default/production/FrameworkSource/ES_PostList.o
 .debug_line    0x00000000000008fe      0x242 build/default/production/FrameworkSource/ES_Queue.o
 .debug_line    0x0000000000000b40      0x274 build/default/production/FrameworkSource/ES_Timers.o
 .debug_line    0x0000000000000db4      0x2c0 build/default/production/FrameworkSource/terminal.o
 .debug_line    0x0000000000001074      0x298 build/default/production/FrameworkSource/circular_buffer_no_modulo_threadsafe.o
 .debug_line    0x000000000000130c      0x207 build/default/production/FrameworkSource/dbprintf.o
 .debug_line    0x0000000000001513      0x1db build/default/production/ProjectSource/EventCheckers.o
 .debug_line    0x00000000000016ee      0x139 build/default/production/ProjectSource/main.o
 .debug_line    0x0000000000001827      0x697 build/default/production/ProjectSource/TransmitService.o