Microchip MPLAB XC8 Compiler V2.50

Linker command line:

-W-3 \
  --edf=C:\Program Files\Microchip\xc8\v2.50\pic\dat\20240725155939_en.msgs \
  -cn -h+dist/default/debug\RC_Car.X.debug.sym \
  --cmf=dist/default/debug\RC_Car.X.debug.cmf -z -Q16F18326 \
  -oC:\Users\pig\AppData\Local\Temp\xcBsi5s.1\driver_tmp_3.o \
  --defsym=__MPLAB_BUILD=1 --fixupoverflow=error \
  -Mdist/default/debug/RC_Car.X.debug.map \
  --md=C:\Users\pig\AppData\Local\Temp\xcBsi5s.1\driver_tmp_0.dat -E1 \
  -ver=XC8 Compiler --acfsm=1493 -ACODE=00h-07FFhx8 -ASTRCODE=00h-03FFFh \
  -ASTRING=00h-0FFhx64 -ACONST=00h-0FFhx64 -AENTRY=00h-0FFhx64 \
  -ACOMMON=070h-07Fh -ABANK0=020h-06Fh -ABANK1=0A0h-0EFh \
  -ABANK2=0120h-016Fh -ABANK3=01A0h-01EFh -ABANK4=0220h-026Fh \
  -ABANK5=02A0h-02EFh -ABANK6=0320h-036Fh -ABANK7=03A0h-03EFh \
  -ABANK8=0420h-046Fh -ABANK9=04A0h-04EFh -ABANK10=0520h-056Fh \
  -ABANK11=05A0h-05EFh -ABANK12=0620h-066Fh -ABANK13=06A0h-06EFh \
  -ABANK14=0720h-076Fh -ABANK15=07A0h-07EFh -ABANK16=0820h-086Fh \
  -ABANK17=08A0h-08EFh -ABANK18=0920h-096Fh -ABANK19=09A0h-09EFh \
  -ABANK20=0A20h-0A6Fh -ABANK21=0AA0h-0AEFh -ABANK22=0B20h-0B6Fh \
  -ABANK23=0BA0h-0BEFh -ABANK24=0C20h-0C6Fh -ABANK25=0CA0h-0CBFh \
  -ABIGRAM=02000h-027EFh \
  -ARAM=020h-06Fh,0A0h-0EFh,0120h-016Fh,01A0h-01EFh,0220h-026Fh,02A0h-02EFh,0320h-036Fh,03A0h-03EFh,0420h-046Fh,04A0h-04EFh,0520h-056Fh,05A0h-05EFh,0620h-066Fh,06A0h-06EFh,0720h-076Fh,07A0h-07EFh,0820h-086Fh,08A0h-08EFh,0920h-096Fh,09A0h-09EFh,0A20h-0A6Fh,0AA0h-0AEFh,0B20h-0B6Fh,0BA0h-0BEFh,0C20h-0C6Fh,0CA0h-0CBFh \
  -AABS1=020h-07Fh,0A0h-0EFh,0120h-016Fh,01A0h-01EFh,0220h-026Fh,02A0h-02EFh,0320h-036Fh,03A0h-03EFh,0420h-046Fh,04A0h-04EFh,0520h-056Fh,05A0h-05EFh,0620h-066Fh,06A0h-06EFh,0720h-076Fh,07A0h-07EFh,0820h-086Fh,08A0h-08EFh,0920h-096Fh,09A0h-09EFh,0A20h-0A6Fh,0AA0h-0AEFh,0B20h-0B6Fh,0BA0h-0BEFh,0C20h-0C6Fh,0CA0h-0CBFh \
  -ASFR0=00h-01Fh -ASFR1=080h-09Fh -ASFR2=0100h-011Fh -ASFR3=0180h-019Fh \
  -ASFR4=0200h-021Fh -ASFR5=0280h-029Fh -ASFR6=0300h-031Fh \
  -ASFR7=0380h-039Fh -ASFR8=0400h-041Fh -ASFR9=0480h-049Fh \
  -ASFR10=0500h-051Fh -ASFR11=0580h-059Fh -ASFR12=0600h-061Fh \
  -ASFR13=0680h-069Fh -ASFR14=0700h-071Fh -ASFR15=0780h-079Fh \
  -ASFR16=0800h-081Fh -ASFR17=0880h-089Fh -ASFR18=0900h-091Fh \
  -ASFR19=0980h-099Fh -ASFR20=0A00h-0A1Fh -ASFR21=0A80h-0A9Fh \
  -ASFR22=0B00h-0B1Fh -ASFR23=0B80h-0B9Fh -ASFR24=0C00h-0C1Fh \
  -ASFR25=0C80h-0C9Fh -ASFR26=0D00h-0D6Fh -ASFR27=0D80h-0DEFh \
  -ASFR28=0E00h-0E6Fh -ASFR29=0E80h-0EEFh -ASFR30=0F00h-0F6Fh \
  -ASFR31=0F80h-0FEFh -ACONFIG=08007h-0800Ah -DCONFIG=2 \
  -AIDLOC=08000h-08003h -DIDLOC=2 -AEEDATA=00h-0FFh/0F000h \
  -peeprom_data=EEDATA -DEEDATA=2 -DCODE=2 -DSTRCODE=2 -DSTRING=2 -DCONST=2 \
  -DENTRY=2 -preset_vec=00h,intentry,sivt,init,end_init -ppowerup=CODE \
  -pcinit=CODE -pfunctab=ENTRY -k \
  C:\Users\pig\AppData\Local\Temp\xcBsi5s.1\driver_tmp_15.o \
  dist/default/debug\RC_Car.X.debug.o 

Object code version is 3.11

Machine type is 16F18326



                Name                               Link     Load   Length Selector   Space Scale
C:\Users\pig\AppData\Local\Temp\xcBsi5s.1\driver_tmp_15.o
                end_init                              2        2        2        0       0
                reset_vec                             0        0        2        0       0
                config                             8007     8007        2        0       4
dist/default/debug\RC_Car.X.debug.o
                cinit                               7E9      7E9       17      FD2       0
                config                             8007     8007        2        0       4
                text22                              202      202        A      404       0
                text21                              4AC      4AC       51      958       0
                text20                              233      233       11      466       0
                text19                              54E      54E       60      A9C       0
                text18                              244      244       11      488       0
                text17                              3D8      3D8       41      7B0       0
                text16                              20C      20C        D      418       0
                text15                              219      219        D      432       0
                text14                              399      399       3F      732       0
                text13                              419      419       46      832       0
                text12                              322      322       3A      644       0
                text11                              2EE      2EE       34      5DC       0
                text10                              626      626       92      C4C       0
                text9                               2A0      2A0       1F      540       0
                text8                               35C      35C       3D      6B8       0
                text7                               4FD      4FD       51      9FA       0
                text6                               45F      45F       4D      8BE       0
                text5                               266      266       1D      4CC       0
                text4                               5AE      5AE       78      B5C       0
                text3                               226      226        D      44C       0
                text2                               283      283       1D      506       0
                text1                               2BF      2BF       2F      57E       0
                maintext                            6B8      6B8      131      D70       0
                cstackBANK0                          20       20       20       20       1
                cstackCOMMON                         70       70        E       70       1
                clrtext                             1F6      1F6        6      3EC       0
                inittext                            1FC      1FC        6      3F8       0
                dataBANK0                            5B       5B       11       20       1
                bssBANK0                             40       40       1B       20       1
                idataBANK0                          255      255       11      4AA       0

TOTAL           Name                               Link     Load   Length     Space
        CLASS   CODE           
                end_init                              2        2        2         0
                cinit                               7E9      7E9       17         0
                reset_vec                             0        0        2         0
                text22                              202      202        A         0
                text21                              4AC      4AC       51         0
                text20                              233      233       11         0
                text19                              54E      54E       60         0
                text18                              244      244       11         0
                text17                              3D8      3D8       41         0
                text16                              20C      20C        D         0
                text15                              219      219        D         0
                text14                              399      399       3F         0
                text13                              419      419       46         0
                text12                              322      322       3A         0
                text11                              2EE      2EE       34         0
                text10                              626      626       92         0
                text9                               2A0      2A0       1F         0
                text8                               35C      35C       3D         0
                text7                               4FD      4FD       51         0
                text6                               45F      45F       4D         0
                text5                               266      266       1D         0
                text4                               5AE      5AE       78         0
                text3                               226      226        D         0
                text2                               283      283       1D         0
                text1                               2BF      2BF       2F         0
                maintext                            6B8      6B8      131         0
                clrtext                             1F6      1F6        6         0
                inittext                            1FC      1FC        6         0
                idataBANK0                          255      255       11         0

        CLASS   STRCODE        

        CLASS   STRING         

        CLASS   CONST          

        CLASS   ENTRY          

        CLASS   COMMON         
                cstackCOMMON                         70       70        E         1

        CLASS   BANK0          
                cstackBANK0                          20       20       20         1
                dataBANK0                            5B       5B       11         1
                bssBANK0                             40       40       1B         1

        CLASS   BANK1          

        CLASS   BANK2          

        CLASS   BANK3          

        CLASS   BANK4          

        CLASS   BANK5          

        CLASS   BANK6          

        CLASS   BANK7          

        CLASS   BANK8          

        CLASS   BANK9          

        CLASS   BANK10         

        CLASS   BANK11         

        CLASS   BANK12         

        CLASS   BANK13         

        CLASS   BANK14         

        CLASS   BANK15         

        CLASS   BANK16         

        CLASS   BANK17         

        CLASS   BANK18         

        CLASS   BANK19         

        CLASS   BANK20         

        CLASS   BANK21         

        CLASS   BANK22         

        CLASS   BANK23         

        CLASS   BANK24         

        CLASS   BANK25         

        CLASS   BIGRAM         

        CLASS   RAM            

        CLASS   ABS1           
                abs_s1                               7E       7E        2         1

        CLASS   SFR0           

        CLASS   SFR1           

        CLASS   SFR2           

        CLASS   SFR3           

        CLASS   SFR4           

        CLASS   SFR5           

        CLASS   SFR6           

        CLASS   SFR7           

        CLASS   SFR8           

        CLASS   SFR9           

        CLASS   SFR10          

        CLASS   SFR11          

        CLASS   SFR12          

        CLASS   SFR13          

        CLASS   SFR14          

        CLASS   SFR15          

        CLASS   SFR16          

        CLASS   SFR17          

        CLASS   SFR18          

        CLASS   SFR19          

        CLASS   SFR20          

        CLASS   SFR21          

        CLASS   SFR22          

        CLASS   SFR23          

        CLASS   SFR24          

        CLASS   SFR25          

        CLASS   SFR26          

        CLASS   SFR27          

        CLASS   SFR28          

        CLASS   SFR29          

        CLASS   SFR30          

        CLASS   SFR31          

        CLASS   CONFIG         
                config                             8007     8007        2         4

        CLASS   IDLOC          

        CLASS   EEDATA         

        CLASS   BANK31         

        CLASS   BANK30         

        CLASS   BANK29         

        CLASS   BANK28         

        CLASS   BANK27         

        CLASS   BANK26         

        CLASS   HEAP           

        CLASS   STACK          



SEGMENTS        Name                           Load    Length   Top    Selector   Space  Class     Delta

                reset_vec                      000000  000004  000004         0       0  CODE        2
                cstackBANK0                    000020  00004C  00006C        20       1  BANK0       1
                cstackCOMMON                   000070  00000E  00007E        70       1  COMMON      1
                clrtext                        0001F6  000006  0001FC       3EC       0  CODE        2
                inittext                       0001FC  000006  000202       3F8       0  CODE        2
                text22                         000202  00000A  00020C       404       0  CODE        2
                text16                         00020C  00000D  000219       418       0  CODE        2
                text15                         000219  00000D  000226       432       0  CODE        2
                text3                          000226  00000D  000233       44C       0  CODE        2
                text20                         000233  000011  000244       466       0  CODE        2
                text18                         000244  000011  000255       488       0  CODE        2
                idataBANK0                     000255  000011  000266       4AA       0  CODE        2
                text5                          000266  00001D  000283       4CC       0  CODE        2
                text2                          000283  00001D  0002A0       506       0  CODE        2
                text9                          0002A0  00001F  0002BF       540       0  CODE        2
                text1                          0002BF  00002F  0002EE       57E       0  CODE        2
                text11                         0002EE  000034  000322       5DC       0  CODE        2
                text12                         000322  00003A  00035C       644       0  CODE        2
                text8                          00035C  00003D  000399       6B8       0  CODE        2
                text14                         000399  00003F  0003D8       732       0  CODE        2
                text17                         0003D8  000041  000419       7B0       0  CODE        2
                text13                         000419  000046  00045F       832       0  CODE        2
                text6                          00045F  00004D  0004AC       8BE       0  CODE        2
                text21                         0004AC  000051  0004FD       958       0  CODE        2
                text7                          0004FD  000051  00054E       9FA       0  CODE        2
                text19                         00054E  000060  0005AE       A9C       0  CODE        2
                text4                          0005AE  000078  000626       B5C       0  CODE        2
                text10                         000626  000092  0006B8       C4C       0  CODE        2
                maintext                       0006B8  000131  0007E9       D70       0  CODE        2
                cinit                          0007E9  000017  000800       FD2       0  CODE        2


UNUSED ADDRESS RANGES

        Name                Unused          Largest block    Delta
        BANK0            0006C-0006F               4           1
        BANK1            000A0-000EF              50           1
        BANK10           00520-0056F              50           1
        BANK11           005A0-005EF              50           1
        BANK12           00620-0066F              50           1
        BANK13           006A0-006EF              50           1
        BANK14           00720-0076F              50           1
        BANK15           007A0-007EF              50           1
        BANK16           00820-0086F              50           1
        BANK17           008A0-008EF              50           1
        BANK18           00920-0096F              50           1
        BANK19           009A0-009EF              50           1
        BANK2            00120-0016F              50           1
        BANK20           00A20-00A6F              50           1
        BANK21           00AA0-00AEF              50           1
        BANK22           00B20-00B6F              50           1
        BANK23           00BA0-00BEF              50           1
        BANK24           00C20-00C6F              50           1
        BANK25           00CA0-00CBF              20           1
        BANK3            001A0-001EF              50           1
        BANK4            00220-0026F              50           1
        BANK5            002A0-002EF              50           1
        BANK6            00320-0036F              50           1
        BANK7            003A0-003EF              50           1
        BANK8            00420-0046F              50           1
        BANK9            004A0-004EF              50           1
        BIGRAM           02000-027EF             7F0           1
        CODE             00004-001F5             1F2           2
                         00800-03FFF             800
        CONFIG           08009-0800A               2           2
        CONST            00004-001F5              FC           2
                         00800-03FFF             100
        EEDATA           0F000-0F0FF             100           2
        ENTRY            00004-001F5              FC           2
                         00800-03FFF             100
        IDLOC            08000-08003               4           2
        RAM              0006C-0006F               4           1
                         000A0-000EF              50
                         00120-0016F              50
                         001A0-001EF              50
                         00220-0026F              50
                         002A0-002EF              50
                         00320-0036F              50
                         003A0-003EF              50
                         00420-0046F              50
                         004A0-004EF              50
                         00520-0056F              50
                         005A0-005EF              50
                         00620-0066F              50
                         006A0-006EF              50
                         00720-0076F              50
                         007A0-007EF              50
                         00820-0086F              50
                         008A0-008EF              50
                         00920-0096F              50
                         009A0-009EF              50
                         00A20-00A6F              50
                         00AA0-00AEF              50
                         00B20-00B6F              50
                         00BA0-00BEF              50
                         00C20-00C6F              50
                         00CA0-00CBF              20
        SFR0             00000-0001F              20           1
        SFR1             00080-0009F              20           1
        SFR10            00500-0051F              20           1
        SFR11            00580-0059F              20           1
        SFR12            00600-0061F              20           1
        SFR13            00680-0069F              20           1
        SFR14            00700-0071F              20           1
        SFR15            00780-0079F              20           1
        SFR16            00800-0081F              20           1
        SFR17            00880-0089F              20           1
        SFR18            00900-0091F              20           1
        SFR19            00980-0099F              20           1
        SFR2             00100-0011F              20           1
        SFR20            00A00-00A1F              20           1
        SFR21            00A80-00A9F              20           1
        SFR22            00B00-00B1F              20           1
        SFR23            00B80-00B9F              20           1
        SFR24            00C00-00C1F              20           1
        SFR25            00C80-00C9F              20           1
        SFR26            00D00-00D6F              70           1
        SFR27            00D80-00DEF              70           1
        SFR28            00E00-00E6F              70           1
        SFR29            00E80-00EEF              70           1
        SFR3             00180-0019F              20           1
        SFR30            00F00-00F6F              70           1
        SFR31            00F80-00FEF              70           1
        SFR4             00200-0021F              20           1
        SFR5             00280-0029F              20           1
        SFR6             00300-0031F              20           1
        SFR7             00380-0039F              20           1
        SFR8             00400-0041F              20           1
        SFR9             00480-0049F              20           1
        STRCODE          00004-001F5             1F2           2
                         00800-03FFF            3800
        STRING           00004-001F5              FC           2
                         00800-03FFF             100

                                  Symbol Table

?___lwdiv                  cstackCOMMON 00070
?___wmul                   cstackCOMMON 00070
ChangeRadioMode@CONFIGbits cstackBANK0  00025
ChangeRadioMode@CRCbytes   cstackCOMMON 00076
ChangeRadioMode@F6452      bssBANK0     00043
ChangeRadioMode@databytes  cstackBANK0  00023
ChangeRadioMode@newMode    cstackBANK0  00022
ChangeRadioMode@result     cstackBANK0  00020
FeatureTest@F6463          dataBANK0    0005D
FeatureTest@F6466          dataBANK0    0005B
FeatureTest@FeaturesAfter  cstackBANK0  00026
FeatureTest@FeaturesBefore cstackBANK0  00024
FeatureTest@bytes          cstackBANK0  00020
FeatureTest@databytes      cstackBANK0  00022
FeatureTest@result         cstackCOMMON 0007A
FlushRX@F6436              dataBANK0    00064
FlushRX@bytes              cstackCOMMON 00076
FlushRX@result             cstackCOMMON 00077
FlushTX@F6440              dataBANK0    00063
FlushTX@bytes              cstackCOMMON 00076
FlushTX@result             cstackCOMMON 00077
RFSetup@Setup              cstackBANK0  00023
RFSetup@databytes          cstackBANK0  00020
RFSetup@datarate           cstackBANK0  00022
RFSetup@power              cstackCOMMON 0007A
RFSetup@result             cstackCOMMON 0007B
ReadRegister@bytes         cstackCOMMON 00078
ReadRegister@reg           cstackCOMMON 00077
ReadRegister@result        cstackCOMMON 00076
SendSPI@bytes              cstackCOMMON 00072
SendSPI@i                  cstackCOMMON 00075
SendSPI@n                  cstackCOMMON 00074
SendSPI@result             cstackCOMMON 00073
SetupPayloadSize@databytes cstackCOMMON 00078
SetupPayloadSize@result    cstackCOMMON 00076
SetupPayloadSize@size      cstackCOMMON 00077
SetupRetries@ARDbin        cstackBANK0  00020
SetupRetries@autoReTXCount cstackCOMMON 00079
SetupRetries@autoReTXDelay cstackCOMMON 00077
SetupRetries@databytes     cstackBANK0  00022
SetupRetries@result        cstackCOMMON 0007A
StartListening@address     cstackCOMMON 00079
StartListening@bytes       cstackBANK0  00028
StartListening@result      cstackBANK0  00026
StartRadio@ReturnVal       cstackBANK0  0002A
StartRadio@channel         cstackBANK0  00029
StartRadio@databytes       cstackBANK0  0002D
StartRadio@payloadSize     cstackBANK0  00028
StartRadio@result          cstackBANK0  0002B
_ADCON0bits                (abs)        0009D
_ADCON1bits                (abs)        0009E
_ADRESH                    (abs)        0009C
_ADRESL                    (abs)        0009B
_ANSELAbits                (abs)        0018C
_ANSELCbits                (abs)        0018E
_ChangeRadioMode           text19       0054E
_FeatureTest               text17       003D8
_FlushRX                   text16       0020C
_FlushTX                   text15       00219
_LATAbits                  (abs)        0010C
_LATCbits                  (abs)        0010E
_PORTAbits                 (abs)        0000C
_PORTCbits                 (abs)        0000E
_PR2                       (abs)        0001E
_PWM5CONbits               (abs)        00619
_PWM5DCH                   (abs)        00618
_PWM5DCL                   (abs)        00617
_PWM6CONbits               (abs)        0061C
_PWM6DCH                   (abs)        0061B
_PWM6DCL                   (abs)        0061A
_PWMTMRSbits               (abs)        0061F
_RA4PPS                    (abs)        00E94
_RC0PPS                    (abs)        00EA0
_RC2PPS                    (abs)        00EA2
_RC4PPS                    (abs)        00EA4
_RFSetup                   text14       00399
_ReadRegister              text18       00244
_SSP1BUF                   (abs)        00211
_SSP1CON1bits              (abs)        00215
_SSP1DATPPS                (abs)        00E21
_SSP1STATbits              (abs)        00214
_SendSPI                   text21       004AC
_SetupPayloadSize          text13       00419
_SetupRetries              text11       002EE
_StartListening            text8        0035C
_StartRadio                text10       00626
_T2CONbits                 (abs)        0001F
_TMR2                      (abs)        0001D
_TRISAbits                 (abs)        0008C
_TRISCbits                 (abs)        0008E
__H__absolute__            __absolute__ 00000
__Habs1                    abs1         00000
__Hbank0                   bank0        00000
__Hbank1                   bank1        00000
__Hbank10                  bank10       00000
__Hbank11                  bank11       00000
__Hbank12                  bank12       00000
__Hbank13                  bank13       00000
__Hbank14                  bank14       00000
__Hbank15                  bank15       00000
__Hbank16                  bank16       00000
__Hbank17                  bank17       00000
__Hbank18                  bank18       00000
__Hbank19                  bank19       00000
__Hbank2                   bank2        00000
__Hbank20                  bank20       00000
__Hbank21                  bank21       00000
__Hbank22                  bank22       00000
__Hbank23                  bank23       00000
__Hbank24                  bank24       00000
__Hbank25                  bank25       00000
__Hbank26                  bank26       00000
__Hbank27                  bank27       00000
__Hbank28                  bank28       00000
__Hbank29                  bank29       00000
__Hbank3                   bank3        00000
__Hbank30                  bank30       00000
__Hbank31                  bank31       00000
__Hbank4                   bank4        00000
__Hbank5                   bank5        00000
__Hbank6                   bank6        00000
__Hbank7                   bank7        00000
__Hbank8                   bank8        00000
__Hbank9                   bank9        00000
__Hbigram                  bigram       00000
__HbssBANK0                bssBANK0     00000
__Hcinit                   cinit        00800
__Hclrtext                 clrtext      00000
__Hcode                    code         00000
__Hcommon                  common       00000
__Hconfig                  config       08009
__HcstackBANK0             cstackBANK0  00000
__HcstackCOMMON            cstackCOMMON 00000
__HdataBANK0               dataBANK0    00000
__Heeprom_data             eeprom_data  00000
__Hend_init                end_init     00004
__Hfunctab                 functab      00000
__Hheap                    heap         00000
__HidataBANK0              idataBANK0   00000
__Hinit                    init         00002
__Hinittext                inittext     00000
__Hintentry                intentry     00002
__Hmaintext                maintext     00000
__Hpowerup                 powerup      00000
__Hram                     ram          00000
__Hreset_vec               reset_vec    00002
__Hsfr0                    sfr0         00000
__Hsfr1                    sfr1         00000
__Hsfr10                   sfr10        00000
__Hsfr11                   sfr11        00000
__Hsfr12                   sfr12        00000
__Hsfr13                   sfr13        00000
__Hsfr14                   sfr14        00000
__Hsfr15                   sfr15        00000
__Hsfr16                   sfr16        00000
__Hsfr17                   sfr17        00000
__Hsfr18                   sfr18        00000
__Hsfr19                   sfr19        00000
__Hsfr2                    sfr2         00000
__Hsfr20                   sfr20        00000
__Hsfr21                   sfr21        00000
__Hsfr22                   sfr22        00000
__Hsfr23                   sfr23        00000
__Hsfr24                   sfr24        00000
__Hsfr25                   sfr25        00000
__Hsfr26                   sfr26        00000
__Hsfr27                   sfr27        00000
__Hsfr28                   sfr28        00000
__Hsfr29                   sfr29        00000
__Hsfr3                    sfr3         00000
__Hsfr30                   sfr30        00000
__Hsfr31                   sfr31        00000
__Hsfr4                    sfr4         00000
__Hsfr5                    sfr5         00000
__Hsfr6                    sfr6         00000
__Hsfr7                    sfr7         00000
__Hsfr8                    sfr8         00000
__Hsfr9                    sfr9         00000
__Hsivt                    sivt         00002
__Hspace_0                 (abs)        00800
__Hspace_1                 (abs)        0007E
__Hspace_2                 (abs)        00000
__Hspace_3                 (abs)        00000
__Hspace_4                 (abs)        10010
__Hstack                   stack        00000
__Hstrings                 strings      00000
__Htext                    text         00000
__L__absolute__            __absolute__ 00000
__Labs1                    abs1         00000
__Lbank0                   bank0        00000
__Lbank1                   bank1        00000
__Lbank10                  bank10       00000
__Lbank11                  bank11       00000
__Lbank12                  bank12       00000
__Lbank13                  bank13       00000
__Lbank14                  bank14       00000
__Lbank15                  bank15       00000
__Lbank16                  bank16       00000
__Lbank17                  bank17       00000
__Lbank18                  bank18       00000
__Lbank19                  bank19       00000
__Lbank2                   bank2        00000
__Lbank20                  bank20       00000
__Lbank21                  bank21       00000
__Lbank22                  bank22       00000
__Lbank23                  bank23       00000
__Lbank24                  bank24       00000
__Lbank25                  bank25       00000
__Lbank26                  bank26       00000
__Lbank27                  bank27       00000
__Lbank28                  bank28       00000
__Lbank29                  bank29       00000
__Lbank3                   bank3        00000
__Lbank30                  bank30       00000
__Lbank31                  bank31       00000
__Lbank4                   bank4        00000
__Lbank5                   bank5        00000
__Lbank6                   bank6        00000
__Lbank7                   bank7        00000
__Lbank8                   bank8        00000
__Lbank9                   bank9        00000
__Lbigram                  bigram       00000
__LbssBANK0                bssBANK0     00000
__Lcinit                   cinit        007E9
__Lclrtext                 clrtext      00000
__Lcode                    code         00000
__Lcommon                  common       00000
__Lconfig                  config       00000
__LcstackBANK0             cstackBANK0  00000
__LcstackCOMMON            cstackCOMMON 00000
__LdataBANK0               dataBANK0    00000
__Leeprom_data             eeprom_data  00000
__Lend_init                end_init     00002
__Lfunctab                 functab      00000
__Lheap                    heap         00000
__LidataBANK0              idataBANK0   00000
__Linit                    init         00002
__Linittext                inittext     00000
__Lintentry                intentry     00002
__Lmaintext                maintext     00000
__Lpowerup                 powerup      00000
__Lram                     ram          00000
__Lreset_vec               reset_vec    00000
__Lsfr0                    sfr0         00000
__Lsfr1                    sfr1         00000
__Lsfr10                   sfr10        00000
__Lsfr11                   sfr11        00000
__Lsfr12                   sfr12        00000
__Lsfr13                   sfr13        00000
__Lsfr14                   sfr14        00000
__Lsfr15                   sfr15        00000
__Lsfr16                   sfr16        00000
__Lsfr17                   sfr17        00000
__Lsfr18                   sfr18        00000
__Lsfr19                   sfr19        00000
__Lsfr2                    sfr2         00000
__Lsfr20                   sfr20        00000
__Lsfr21                   sfr21        00000
__Lsfr22                   sfr22        00000
__Lsfr23                   sfr23        00000
__Lsfr24                   sfr24        00000
__Lsfr25                   sfr25        00000
__Lsfr26                   sfr26        00000
__Lsfr27                   sfr27        00000
__Lsfr28                   sfr28        00000
__Lsfr29                   sfr29        00000
__Lsfr3                    sfr3         00000
__Lsfr30                   sfr30        00000
__Lsfr31                   sfr31        00000
__Lsfr4                    sfr4         00000
__Lsfr5                    sfr5         00000
__Lsfr6                    sfr6         00000
__Lsfr7                    sfr7         00000
__Lsfr8                    sfr8         00000
__Lsfr9                    sfr9         00000
__Lsivt                    sivt         00002
__Lspace_0                 (abs)        00000
__Lspace_1                 (abs)        00000
__Lspace_2                 (abs)        00000
__Lspace_3                 (abs)        00000
__Lspace_4                 (abs)        00000
__Lstack                   stack        00000
__Lstrings                 strings      00000
__Ltext                    text         00000
__S0                       (abs)        00800
__S1                       (abs)        0007E
__S3                       (abs)        00000
___heap_hi                 (abs)        00000
___heap_lo                 (abs)        00000
___int_sp                  stack        00000
___int_stack_hi            stack        00000
___int_stack_lo            stack        00000
___latbits                 (abs)        00003
___lwdiv                   text12       00322
___lwdiv@counter           cstackCOMMON 00076
___lwdiv@dividend          cstackCOMMON 00072
___lwdiv@divisor           cstackCOMMON 00070
___lwdiv@quotient          cstackCOMMON 00074
___sp                      stack        00000
___stack_hi                stack        00000
___stack_lo                stack        00000
___stackhi                 (abs)        00000
___stacklo                 (abs)        00000
___wmul                    text9        002A0
___wmul@multiplicand       cstackCOMMON 00072
___wmul@multiplier         cstackCOMMON 00070
___wmul@product            cstackCOMMON 00074
__end_of_ChangeRadioMode   text19       005AE
__end_of_FeatureTest       text17       00419
__end_of_FlushRX           text16       00219
__end_of_FlushTX           text15       00226
__end_of_RFSetup           text14       003D8
__end_of_ReadRegister      text18       00255
__end_of_SendSPI           text21       004FD
__end_of_SetupPayloadSize  text13       0045F
__end_of_SetupRetries      text11       00322
__end_of_StartListening    text8        00399
__end_of_StartRadio        text10       006B8
__end_of___lwdiv           text12       0035C
__end_of___wmul            text9        002BF
__end_of__initialization   cinit        007FD
__end_of_ce                text20       00244
__end_of_configureRX       text7        0054E
__end_of_configureTX       text6        004AC
__end_of_delay             text22       0020C
__end_of_main              maintext     007E9
__end_of_packagePayload    text5        00283
__end_of_readRXFIFO        text4        00626
__end_of_sendNOP           text3        00233
__end_of_setupSPI          text2        002A0
__end_of_transmitPayload   text1        002EE
__initialization           cinit        007E9
__pbssBANK0                bssBANK0     00040
__pcstackBANK0             cstackBANK0  00020
__pcstackCOMMON            cstackCOMMON 00070
__pdataBANK0               dataBANK0    0005B
__pidataBANK0              idataBANK0   00255
__pmaintext                maintext     006B8
__ptext1                   text1        002BF
__ptext10                  text10       00626
__ptext11                  text11       002EE
__ptext12                  text12       00322
__ptext13                  text13       00419
__ptext14                  text14       00399
__ptext15                  text15       00219
__ptext16                  text16       0020C
__ptext17                  text17       003D8
__ptext18                  text18       00244
__ptext19                  text19       0054E
__ptext2                   text2        00283
__ptext20                  text20       00233
__ptext21                  text21       004AC
__ptext22                  text22       00202
__ptext3                   text3        00226
__ptext4                   text4        005AE
__ptext5                   text5        00266
__ptext6                   text6        0045F
__ptext7                   text7        004FD
__ptext8                   text8        0035C
__ptext9                   text9        002A0
_address                   dataBANK0    00067
_bytes                     bssBANK0     00055
_ce                        text20       00233
_configureRX               text7        004FD
_configureTX               text6        0045F
_currentState              bssBANK0     00046
_delay                     text22       00202
_main                      maintext     006B8
_motorSpeed                dataBANK0    00062
_packagePayload            text5        00266
_payload                   bssBANK0     00048
_prevSpinDir               bssBANK0     00045
_radioType                 bssBANK0     00047
_readRXFIFO                text4        005AE
_readyToTransmit           dataBANK0    00061
_result                    bssBANK0     0004F
_sendNOP                   text3        00226
_servoPos                  bssBANK0     00042
_setupSPI                  text2        00283
_spinDir                   bssBANK0     00044
_transmitPayload           text1        002BF
_val                       dataBANK0    00066
btemp                      (abs)        0007E
ce@Level                   cstackCOMMON 00070
clear_ram0                 clrtext      001F6
configureRX@address        cstackBANK0  0002E
configureRX@bytes          cstackCOMMON 0007C
configureRX@result         cstackCOMMON 0007A
configureTX@address        cstackCOMMON 00079
configureTX@databytes      cstackBANK0  0002C
configureTX@result         cstackBANK0  00026
delay@length               cstackCOMMON 00070
end_of_initialization      cinit        007FD
init_ram                   inittext     001FC
intlevel0                  functab      00000
intlevel1                  functab      00000
intlevel2                  functab      00000
intlevel3                  functab      00000
intlevel4                  functab      00000
intlevel5                  functab      00000
main@F6972                 dataBANK0    0005F
main@thingie               cstackBANK0  0003D
main@validData             cstackBANK0  0003F
packagePayload@bytes1      cstackCOMMON 00076
packagePayload@bytes2      cstackCOMMON 00070
packagePayload@bytes3      cstackCOMMON 00071
packagePayload@bytes4      cstackCOMMON 00072
packagePayload@checksum    cstackCOMMON 00075
readRXFIFO@ReturnVal       cstackBANK0  00034
readRXFIFO@bytes           cstackBANK0  0002B
readRXFIFO@databytes       cstackBANK0  00032
readRXFIFO@i               cstackBANK0  00035
readRXFIFO@result          cstackCOMMON 00076
reset_vec                  reset_vec    00000
sendNOP@F6364              dataBANK0    00065
sendNOP@bytes              cstackCOMMON 00077
sendNOP@result             cstackCOMMON 00076
start                      init         00002
start_initialization       cinit        007E9
transmitPayload@databytes  cstackBANK0  0002A
transmitPayload@result     cstackBANK0  00027
transmitPayload@result_907 cstackBANK0  00020
transmitPayload@statusBits cstackBANK0  00029
wtemp0                     (abs)        0007E


MODULE INFORMATION

Module		Function		Class		Link	Load	Size
C:\Program Files\Microchip\xc8\v2.50\pic\sources\c99\common\Umul16.c
		___wmul        		CODE           	02A0	0000	31

C:\Program Files\Microchip\xc8\v2.50\pic\sources\c99\common\Umul16.c estimated size: 31

SourceFiles/TransmitService.c
		_configureRX   		CODE           	04FD	0000	81
		_configureTX   		CODE           	045F	0000	77
		_setupSPI      		CODE           	0283	0000	29
		_transmitPayload		CODE           	02BF	0000	47
		_packagePayload		CODE           	0266	0000	29

SourceFiles/TransmitService.c estimated size: 263

SourceFiles/main.c
		_main          		CODE           	06B8	0000	305

SourceFiles/main.c estimated size: 305

SourceFiles/nRF24L01.c
		_StartListening		CODE           	035C	0000	61
		_ChangeRadioMode		CODE           	054E	0000	96
		_SetupRetries  		CODE           	02EE	0000	52
		_ce            		CODE           	0233	0000	17
		_StartRadio    		CODE           	0626	0000	146
		_FlushTX       		CODE           	0219	0000	13
		_FlushRX       		CODE           	020C	0000	13
		_readRXFIFO    		CODE           	05AE	0000	120
		_SetupPayloadSize		CODE           	0419	0000	70
		_RFSetup       		CODE           	0399	0000	63
		_FeatureTest   		CODE           	03D8	0000	65

SourceFiles/nRF24L01.c estimated size: 716

shared
		__initialization		CODE           	07E9	0000	20

shared estimated size: 20

C:\Program Files\Microchip\xc8\v2.50\pic\sources\c99\common\lwdiv.c
		___lwdiv       		CODE           	0322	0000	58

C:\Program Files\Microchip\xc8\v2.50\pic\sources\c99\common\lwdiv.c estimated size: 58

SourceFiles/SPI.c
		_delay         		CODE           	0202	0000	10
		_sendNOP       		CODE           	0226	0000	13
		_SendSPI       		CODE           	04AC	0000	81
		_ReadRegister  		CODE           	0244	0000	17

SourceFiles/SPI.c estimated size: 121

