Microchip MPLAB XC8 Compiler V2.50

Linker command line:

-W-3 \
  --edf=C:\Program Files\Microchip\xc8\v2.50\pic\dat\20240725155939_en.msgs \
  -cn -h+dist/default/debug\RC_Car.X.debug.sym \
  --cmf=dist/default/debug\RC_Car.X.debug.cmf -z -Q16F18326 \
  -oC:\Users\pig\AppData\Local\Temp\xcAsen8.\driver_tmp_3.o \
  --defsym=__MPLAB_BUILD=1 --fixupoverflow=error \
  -Mdist/default/debug/RC_Car.X.debug.map \
  --md=C:\Users\pig\AppData\Local\Temp\xcAsen8.\driver_tmp_0.dat -E1 \
  -ver=XC8 Compiler --acfsm=1493 -ACODE=00h-07FFhx8 -ASTRCODE=00h-03FFFh \
  -ASTRING=00h-0FFhx64 -ACONST=00h-0FFhx64 -AENTRY=00h-0FFhx64 \
  -ACOMMON=070h-07Fh -ABANK0=020h-06Fh -ABANK1=0A0h-0EFh \
  -ABANK2=0120h-016Fh -ABANK3=01A0h-01EFh -ABANK4=0220h-026Fh \
  -ABANK5=02A0h-02EFh -ABANK6=0320h-036Fh -ABANK7=03A0h-03EFh \
  -ABANK8=0420h-046Fh -ABANK9=04A0h-04EFh -ABANK10=0520h-056Fh \
  -ABANK11=05A0h-05EFh -ABANK12=0620h-066Fh -ABANK13=06A0h-06EFh \
  -ABANK14=0720h-076Fh -ABANK15=07A0h-07EFh -ABANK16=0820h-086Fh \
  -ABANK17=08A0h-08EFh -ABANK18=0920h-096Fh -ABANK19=09A0h-09EFh \
  -ABANK20=0A20h-0A6Fh -ABANK21=0AA0h-0AEFh -ABANK22=0B20h-0B6Fh \
  -ABANK23=0BA0h-0BEFh -ABANK24=0C20h-0C6Fh -ABANK25=0CA0h-0CBFh \
  -ABIGRAM=02000h-027EFh \
  -ARAM=020h-06Fh,0A0h-0EFh,0120h-016Fh,01A0h-01EFh,0220h-026Fh,02A0h-02EFh,0320h-036Fh,03A0h-03EFh,0420h-046Fh,04A0h-04EFh,0520h-056Fh,05A0h-05EFh,0620h-066Fh,06A0h-06EFh,0720h-076Fh,07A0h-07EFh,0820h-086Fh,08A0h-08EFh,0920h-096Fh,09A0h-09EFh,0A20h-0A6Fh,0AA0h-0AEFh,0B20h-0B6Fh,0BA0h-0BEFh,0C20h-0C6Fh,0CA0h-0CBFh \
  -AABS1=020h-07Fh,0A0h-0EFh,0120h-016Fh,01A0h-01EFh,0220h-026Fh,02A0h-02EFh,0320h-036Fh,03A0h-03EFh,0420h-046Fh,04A0h-04EFh,0520h-056Fh,05A0h-05EFh,0620h-066Fh,06A0h-06EFh,0720h-076Fh,07A0h-07EFh,0820h-086Fh,08A0h-08EFh,0920h-096Fh,09A0h-09EFh,0A20h-0A6Fh,0AA0h-0AEFh,0B20h-0B6Fh,0BA0h-0BEFh,0C20h-0C6Fh,0CA0h-0CBFh \
  -ASFR0=00h-01Fh -ASFR1=080h-09Fh -ASFR2=0100h-011Fh -ASFR3=0180h-019Fh \
  -ASFR4=0200h-021Fh -ASFR5=0280h-029Fh -ASFR6=0300h-031Fh \
  -ASFR7=0380h-039Fh -ASFR8=0400h-041Fh -ASFR9=0480h-049Fh \
  -ASFR10=0500h-051Fh -ASFR11=0580h-059Fh -ASFR12=0600h-061Fh \
  -ASFR13=0680h-069Fh -ASFR14=0700h-071Fh -ASFR15=0780h-079Fh \
  -ASFR16=0800h-081Fh -ASFR17=0880h-089Fh -ASFR18=0900h-091Fh \
  -ASFR19=0980h-099Fh -ASFR20=0A00h-0A1Fh -ASFR21=0A80h-0A9Fh \
  -ASFR22=0B00h-0B1Fh -ASFR23=0B80h-0B9Fh -ASFR24=0C00h-0C1Fh \
  -ASFR25=0C80h-0C9Fh -ASFR26=0D00h-0D6Fh -ASFR27=0D80h-0DEFh \
  -ASFR28=0E00h-0E6Fh -ASFR29=0E80h-0EEFh -ASFR30=0F00h-0F6Fh \
  -ASFR31=0F80h-0FEFh -ACONFIG=08007h-0800Ah -DCONFIG=2 \
  -AIDLOC=08000h-08003h -DIDLOC=2 -AEEDATA=00h-0FFh/0F000h \
  -peeprom_data=EEDATA -DEEDATA=2 -DCODE=2 -DSTRCODE=2 -DSTRING=2 -DCONST=2 \
  -DENTRY=2 -preset_vec=00h,intentry,sivt,init,end_init -ppowerup=CODE \
  -pcinit=CODE -pfunctab=ENTRY -k \
  C:\Users\pig\AppData\Local\Temp\xcAsen8.\driver_tmp_15.o \
  dist/default/debug\RC_Car.X.debug.o 

Object code version is 3.11

Machine type is 16F18326



                Name                               Link     Load   Length Selector   Space Scale
C:\Users\pig\AppData\Local\Temp\xcAsen8.\driver_tmp_15.o
                end_init                              2        2        2        0       0
                reset_vec                             0        0        2        0       0
                config                             8007     8007        2        0       4
dist/default/debug\RC_Car.X.debug.o
                cinit                               7E1      7E1       1F      FC2       0
                config                             8007     8007        2        0       4
                text23                               65       65        A       CA       0
                text22                              347      347       51      68E       0
                text21                               D4       D4       2B      1A8       0
                text20                              49D      49D       68      93A       0
                text19                               A4       A4       11      148       0
                text18                              27C      27C       41      4F8       0
                text17                               6F       6F        D       DE       0
                text16                               7C       7C        D       F8       0
                text15                              23D      23D       3F      47A       0
                text14                              301      301       46      602       0
                text13                              1C5      1C5       3A      38A       0
                text12                              190      190       35      320       0
                text11                              505      505       95      A0A       0
                text10                               B5       B5       1F      16A       0
                text9                               1FF      1FF       3E      3FE       0
                text8                               444      444       59      888       0
                text7                               3EC      3EC       58      7D8       0
                text6                               398      398       54      730       0
                text5                               15E      15E       32      2BC       0
                text4                               2BD      2BD       44      57A       0
                text3                                89       89        D      112       0
                text2                                FF       FF       2E      1FE       0
                text1                               12D      12D       31      25A       0
                maintext                            59A      59A      247      B34       0
                cstackBANK0                          20       20       23       20       1
                cstackCOMMON                         70       70        E       70       1
                clrtext                              59       59        6       B2       0
                inittext                             5F       5F        6       BE       0
                bssBANK1                             A0       A0        9       A0       1
                dataBANK0                            5D       5D        E       20       1
                bssBANK0                             43       43       1A       20       1
                idataBANK0                           96       96        E      12C       0

TOTAL           Name                               Link     Load   Length     Space
        CLASS   CODE           
                end_init                              2        2        2         0
                cinit                               7E1      7E1       1F         0
                reset_vec                             0        0        2         0
                text23                               65       65        A         0
                text22                              347      347       51         0
                text21                               D4       D4       2B         0
                text20                              49D      49D       68         0
                text19                               A4       A4       11         0
                text18                              27C      27C       41         0
                text17                               6F       6F        D         0
                text16                               7C       7C        D         0
                text15                              23D      23D       3F         0
                text14                              301      301       46         0
                text13                              1C5      1C5       3A         0
                text12                              190      190       35         0
                text11                              505      505       95         0
                text10                               B5       B5       1F         0
                text9                               1FF      1FF       3E         0
                text8                               444      444       59         0
                text7                               3EC      3EC       58         0
                text6                               398      398       54         0
                text5                               15E      15E       32         0
                text4                               2BD      2BD       44         0
                text3                                89       89        D         0
                text2                                FF       FF       2E         0
                text1                               12D      12D       31         0
                maintext                            59A      59A      247         0
                clrtext                              59       59        6         0
                inittext                             5F       5F        6         0
                idataBANK0                           96       96        E         0

        CLASS   STRCODE        

        CLASS   STRING         

        CLASS   CONST          

        CLASS   ENTRY          

        CLASS   COMMON         
                cstackCOMMON                         70       70        E         1

        CLASS   BANK0          
                cstackBANK0                          20       20       23         1
                dataBANK0                            5D       5D        E         1
                bssBANK0                             43       43       1A         1

        CLASS   BANK1          
                bssBANK1                             A0       A0        9         1

        CLASS   BANK2          

        CLASS   BANK3          

        CLASS   BANK4          

        CLASS   BANK5          

        CLASS   BANK6          

        CLASS   BANK7          

        CLASS   BANK8          

        CLASS   BANK9          

        CLASS   BANK10         

        CLASS   BANK11         

        CLASS   BANK12         

        CLASS   BANK13         

        CLASS   BANK14         

        CLASS   BANK15         

        CLASS   BANK16         

        CLASS   BANK17         

        CLASS   BANK18         

        CLASS   BANK19         

        CLASS   BANK20         

        CLASS   BANK21         

        CLASS   BANK22         

        CLASS   BANK23         

        CLASS   BANK24         

        CLASS   BANK25         

        CLASS   BIGRAM         

        CLASS   RAM            

        CLASS   ABS1           
                abs_s1                               7E       7E        2         1

        CLASS   SFR0           

        CLASS   SFR1           

        CLASS   SFR2           

        CLASS   SFR3           

        CLASS   SFR4           

        CLASS   SFR5           

        CLASS   SFR6           

        CLASS   SFR7           

        CLASS   SFR8           

        CLASS   SFR9           

        CLASS   SFR10          

        CLASS   SFR11          

        CLASS   SFR12          

        CLASS   SFR13          

        CLASS   SFR14          

        CLASS   SFR15          

        CLASS   SFR16          

        CLASS   SFR17          

        CLASS   SFR18          

        CLASS   SFR19          

        CLASS   SFR20          

        CLASS   SFR21          

        CLASS   SFR22          

        CLASS   SFR23          

        CLASS   SFR24          

        CLASS   SFR25          

        CLASS   SFR26          

        CLASS   SFR27          

        CLASS   SFR28          

        CLASS   SFR29          

        CLASS   SFR30          

        CLASS   SFR31          

        CLASS   CONFIG         
                config                             8007     8007        2         4

        CLASS   IDLOC          

        CLASS   EEDATA         

        CLASS   BANK31         

        CLASS   BANK30         

        CLASS   BANK29         

        CLASS   BANK28         

        CLASS   BANK27         

        CLASS   BANK26         

        CLASS   HEAP           

        CLASS   STACK          



SEGMENTS        Name                           Load    Length   Top    Selector   Space  Class     Delta

                reset_vec                      000000  000004  000004         0       0  CODE        2
                cstackBANK0                    000020  00004B  00006B        20       1  BANK0       1
                cstackCOMMON                   000070  00000E  00007E        70       1  COMMON      1
                bssBANK1                       0000A0  000009  0000A9        A0       1  BANK1       1
                clrtext                        000059  000006  00005F        B2       0  CODE        2
                inittext                       00005F  000006  000065        BE       0  CODE        2
                text23                         000065  00000A  00006F        CA       0  CODE        2
                text17                         00006F  00000D  00007C        DE       0  CODE        2
                text16                         00007C  00000D  000089        F8       0  CODE        2
                text3                          000089  00000D  000096       112       0  CODE        2
                idataBANK0                     000096  00000E  0000A4       12C       0  CODE        2
                text19                         0000A4  000011  0000B5       148       0  CODE        2
                text10                         0000B5  00001F  0000D4       16A       0  CODE        2
                text21                         0000D4  00002B  0000FF       1A8       0  CODE        2
                text2                          0000FF  00002E  00012D       1FE       0  CODE        2
                text1                          00012D  000031  00015E       25A       0  CODE        2
                text5                          00015E  000032  000190       2BC       0  CODE        2
                text12                         000190  000035  0001C5       320       0  CODE        2
                text13                         0001C5  00003A  0001FF       38A       0  CODE        2
                text9                          0001FF  00003E  00023D       3FE       0  CODE        2
                text15                         00023D  00003F  00027C       47A       0  CODE        2
                text18                         00027C  000041  0002BD       4F8       0  CODE        2
                text4                          0002BD  000044  000301       57A       0  CODE        2
                text14                         000301  000046  000347       602       0  CODE        2
                text22                         000347  000051  000398       68E       0  CODE        2
                text6                          000398  000054  0003EC       730       0  CODE        2
                text7                          0003EC  000058  000444       7D8       0  CODE        2
                text8                          000444  000059  00049D       888       0  CODE        2
                text20                         00049D  000068  000505       93A       0  CODE        2
                text11                         000505  000095  00059A       A0A       0  CODE        2
                maintext                       00059A  000247  0007E1       B34       0  CODE        2
                cinit                          0007E1  00001F  000800       FC2       0  CODE        2


UNUSED ADDRESS RANGES

        Name                Unused          Largest block    Delta
        BANK0            0006B-0006F               5           1
        BANK1            000A9-000EF              47           1
        BANK10           00520-0056F              50           1
        BANK11           005A0-005EF              50           1
        BANK12           00620-0066F              50           1
        BANK13           006A0-006EF              50           1
        BANK14           00720-0076F              50           1
        BANK15           007A0-007EF              50           1
        BANK16           00820-0086F              50           1
        BANK17           008A0-008EF              50           1
        BANK18           00920-0096F              50           1
        BANK19           009A0-009EF              50           1
        BANK2            00120-0016F              50           1
        BANK20           00A20-00A6F              50           1
        BANK21           00AA0-00AEF              50           1
        BANK22           00B20-00B6F              50           1
        BANK23           00BA0-00BEF              50           1
        BANK24           00C20-00C6F              50           1
        BANK25           00CA0-00CBF              20           1
        BANK3            001A0-001EF              50           1
        BANK4            00220-0026F              50           1
        BANK5            002A0-002EF              50           1
        BANK6            00320-0036F              50           1
        BANK7            003A0-003EF              50           1
        BANK8            00420-0046F              50           1
        BANK9            004A0-004EF              50           1
        BIGRAM           02000-027EF             7F0           1
        CODE             00004-00058              55           2
                         00800-03FFF             800
        CONFIG           08009-0800A               2           2
        CONST            00004-00058              55           2
                         00800-03FFF             100
        EEDATA           0F000-0F0FF             100           2
        ENTRY            00004-00058              55           2
                         00800-03FFF             100
        IDLOC            08000-08003               4           2
        RAM              0006B-0006F               5           1
                         000A9-000EF              47
                         00120-0016F              50
                         001A0-001EF              50
                         00220-0026F              50
                         002A0-002EF              50
                         00320-0036F              50
                         003A0-003EF              50
                         00420-0046F              50
                         004A0-004EF              50
                         00520-0056F              50
                         005A0-005EF              50
                         00620-0066F              50
                         006A0-006EF              50
                         00720-0076F              50
                         007A0-007EF              50
                         00820-0086F              50
                         008A0-008EF              50
                         00920-0096F              50
                         009A0-009EF              50
                         00A20-00A6F              50
                         00AA0-00AEF              50
                         00B20-00B6F              50
                         00BA0-00BEF              50
                         00C20-00C6F              50
                         00CA0-00CBF              20
        SFR0             00000-0001F              20           1
        SFR1             00080-0009F              20           1
        SFR10            00500-0051F              20           1
        SFR11            00580-0059F              20           1
        SFR12            00600-0061F              20           1
        SFR13            00680-0069F              20           1
        SFR14            00700-0071F              20           1
        SFR15            00780-0079F              20           1
        SFR16            00800-0081F              20           1
        SFR17            00880-0089F              20           1
        SFR18            00900-0091F              20           1
        SFR19            00980-0099F              20           1
        SFR2             00100-0011F              20           1
        SFR20            00A00-00A1F              20           1
        SFR21            00A80-00A9F              20           1
        SFR22            00B00-00B1F              20           1
        SFR23            00B80-00B9F              20           1
        SFR24            00C00-00C1F              20           1
        SFR25            00C80-00C9F              20           1
        SFR26            00D00-00D6F              70           1
        SFR27            00D80-00DEF              70           1
        SFR28            00E00-00E6F              70           1
        SFR29            00E80-00EEF              70           1
        SFR3             00180-0019F              20           1
        SFR30            00F00-00F6F              70           1
        SFR31            00F80-00FEF              70           1
        SFR4             00200-0021F              20           1
        SFR5             00280-0029F              20           1
        SFR6             00300-0031F              20           1
        SFR7             00380-0039F              20           1
        SFR8             00400-0041F              20           1
        SFR9             00480-0049F              20           1
        STRCODE          00004-00058              55           2
                         00800-03FFF            3800
        STRING           00004-00058              55           2
                         00800-03FFF             100

                                  Symbol Table

?___lwdiv                  cstackCOMMON 00076
?___wmul                   cstackCOMMON 00070
ChangeRadioMode@CONFIGbits cstackBANK0  00025
ChangeRadioMode@CRCbytes   cstackCOMMON 00076
ChangeRadioMode@F6458      bssBANK0     0004B
ChangeRadioMode@databytes  cstackBANK0  00023
ChangeRadioMode@newMode    cstackBANK0  00022
ChangeRadioMode@radioType  cstackCOMMON 00077
ChangeRadioMode@result     cstackBANK0  00020
FeatureTest@F6469          dataBANK0    0005F
FeatureTest@F6472          dataBANK0    0005D
FeatureTest@FeaturesAfter  cstackBANK0  00026
FeatureTest@FeaturesBefore cstackBANK0  00024
FeatureTest@bytes          cstackBANK0  00020
FeatureTest@databytes      cstackBANK0  00022
FeatureTest@result         cstackCOMMON 0007A
FlushRX@F6441              dataBANK0    00062
FlushRX@bytes              cstackCOMMON 00076
FlushRX@result             cstackCOMMON 00077
FlushTX@F6445              dataBANK0    00061
FlushTX@bytes              cstackCOMMON 00076
FlushTX@result             cstackCOMMON 00077
RFSetup@Setup              cstackBANK0  00023
RFSetup@databytes          cstackBANK0  00020
RFSetup@datarate           cstackBANK0  00022
RFSetup@power              cstackCOMMON 0007A
RFSetup@result             cstackCOMMON 0007B
ReadRegister@bytes         cstackCOMMON 00078
ReadRegister@reg           cstackCOMMON 00077
ReadRegister@result        cstackCOMMON 00076
SendSPI@bytes              cstackCOMMON 00072
SendSPI@i                  cstackCOMMON 00075
SendSPI@n                  cstackCOMMON 00074
SendSPI@result             cstackCOMMON 00073
SetupPayloadSize@databytes cstackCOMMON 00078
SetupPayloadSize@result    cstackCOMMON 00076
SetupPayloadSize@size      cstackCOMMON 00077
SetupRetries@ARDbin        cstackBANK0  00024
SetupRetries@autoReTXCount cstackBANK0  00022
SetupRetries@autoReTXDelay cstackBANK0  00020
SetupRetries@databytes     cstackBANK0  00026
SetupRetries@result        cstackBANK0  00023
StartListening@address     cstackBANK0  00026
StartListening@bytes       cstackBANK0  00029
StartListening@result      cstackBANK0  00027
StartRadio@ReturnVal       cstackBANK0  0002B
StartRadio@channel         cstackBANK0  0002A
StartRadio@databytes       cstackBANK0  0002E
StartRadio@payloadSize     cstackBANK0  00028
StartRadio@radioType       cstackBANK0  00029
StartRadio@result          cstackBANK0  0002C
_ADCON0bits                (abs)        0009D
_ADCON1bits                (abs)        0009E
_ADRESH                    (abs)        0009C
_ADRESL                    (abs)        0009B
_ANSELAbits                (abs)        0018C
_ANSELCbits                (abs)        0018E
_ChangeRadioMode           text20       0049D
_FeatureTest               text18       0027C
_FlushRX                   text17       0006F
_FlushTX                   text16       0007C
_LATAbits                  (abs)        0010C
_LATCbits                  (abs)        0010E
_PORTAbits                 (abs)        0000C
_PORTCbits                 (abs)        0000E
_PR2                       (abs)        0001E
_PR4                       (abs)        00416
_PWM5CONbits               (abs)        00619
_PWM5DCH                   (abs)        00618
_PWM5DCL                   (abs)        00617
_PWM6CONbits               (abs)        0061C
_PWM6DCH                   (abs)        0061B
_PWM6DCL                   (abs)        0061A
_PWMTMRSbits               (abs)        0061F
_RA2PPS                    (abs)        00E92
_RC0PPS                    (abs)        00EA0
_RC2PPS                    (abs)        00EA2
_RC3PPS                    (abs)        00EA3
_RC4PPS                    (abs)        00EA4
_RC5PPS                    (abs)        00EA5
_RFSetup                   text15       0023D
_ReadRegister              text19       000A4
_SSP1BUF                   (abs)        00211
_SSP1CON1bits              (abs)        00215
_SSP1DATPPS                (abs)        00E21
_SSP1STATbits              (abs)        00214
_SendSPI                   text22       00347
_SetupPayloadSize          text14       00301
_SetupRetries              text12       00190
_StartListening            text9        001FF
_StartRadio                text11       00505
_T2CONbits                 (abs)        0001F
_T4CONbits                 (abs)        00417
_TMR2                      (abs)        0001D
_TMR4                      (abs)        00415
_TRISAbits                 (abs)        0008C
_TRISCbits                 (abs)        0008E
__H__absolute__            __absolute__ 00000
__Habs1                    abs1         00000
__Hbank0                   bank0        00000
__Hbank1                   bank1        00000
__Hbank10                  bank10       00000
__Hbank11                  bank11       00000
__Hbank12                  bank12       00000
__Hbank13                  bank13       00000
__Hbank14                  bank14       00000
__Hbank15                  bank15       00000
__Hbank16                  bank16       00000
__Hbank17                  bank17       00000
__Hbank18                  bank18       00000
__Hbank19                  bank19       00000
__Hbank2                   bank2        00000
__Hbank20                  bank20       00000
__Hbank21                  bank21       00000
__Hbank22                  bank22       00000
__Hbank23                  bank23       00000
__Hbank24                  bank24       00000
__Hbank25                  bank25       00000
__Hbank26                  bank26       00000
__Hbank27                  bank27       00000
__Hbank28                  bank28       00000
__Hbank29                  bank29       00000
__Hbank3                   bank3        00000
__Hbank30                  bank30       00000
__Hbank31                  bank31       00000
__Hbank4                   bank4        00000
__Hbank5                   bank5        00000
__Hbank6                   bank6        00000
__Hbank7                   bank7        00000
__Hbank8                   bank8        00000
__Hbank9                   bank9        00000
__Hbigram                  bigram       00000
__HbssBANK0                bssBANK0     00000
__HbssBANK1                bssBANK1     00000
__Hcinit                   cinit        00800
__Hclrtext                 clrtext      00000
__Hcode                    code         00000
__Hcommon                  common       00000
__Hconfig                  config       08009
__HcstackBANK0             cstackBANK0  00000
__HcstackCOMMON            cstackCOMMON 00000
__HdataBANK0               dataBANK0    00000
__Heeprom_data             eeprom_data  00000
__Hend_init                end_init     00004
__Hfunctab                 functab      00000
__Hheap                    heap         00000
__HidataBANK0              idataBANK0   00000
__Hinit                    init         00002
__Hinittext                inittext     00000
__Hintentry                intentry     00002
__Hmaintext                maintext     00000
__Hpowerup                 powerup      00000
__Hram                     ram          00000
__Hreset_vec               reset_vec    00002
__Hsfr0                    sfr0         00000
__Hsfr1                    sfr1         00000
__Hsfr10                   sfr10        00000
__Hsfr11                   sfr11        00000
__Hsfr12                   sfr12        00000
__Hsfr13                   sfr13        00000
__Hsfr14                   sfr14        00000
__Hsfr15                   sfr15        00000
__Hsfr16                   sfr16        00000
__Hsfr17                   sfr17        00000
__Hsfr18                   sfr18        00000
__Hsfr19                   sfr19        00000
__Hsfr2                    sfr2         00000
__Hsfr20                   sfr20        00000
__Hsfr21                   sfr21        00000
__Hsfr22                   sfr22        00000
__Hsfr23                   sfr23        00000
__Hsfr24                   sfr24        00000
__Hsfr25                   sfr25        00000
__Hsfr26                   sfr26        00000
__Hsfr27                   sfr27        00000
__Hsfr28                   sfr28        00000
__Hsfr29                   sfr29        00000
__Hsfr3                    sfr3         00000
__Hsfr30                   sfr30        00000
__Hsfr31                   sfr31        00000
__Hsfr4                    sfr4         00000
__Hsfr5                    sfr5         00000
__Hsfr6                    sfr6         00000
__Hsfr7                    sfr7         00000
__Hsfr8                    sfr8         00000
__Hsfr9                    sfr9         00000
__Hsivt                    sivt         00002
__Hspace_0                 (abs)        00800
__Hspace_1                 (abs)        000A9
__Hspace_2                 (abs)        00000
__Hspace_3                 (abs)        00000
__Hspace_4                 (abs)        10010
__Hstack                   stack        00000
__Hstrings                 strings      00000
__Htext                    text         00000
__L__absolute__            __absolute__ 00000
__Labs1                    abs1         00000
__Lbank0                   bank0        00000
__Lbank1                   bank1        00000
__Lbank10                  bank10       00000
__Lbank11                  bank11       00000
__Lbank12                  bank12       00000
__Lbank13                  bank13       00000
__Lbank14                  bank14       00000
__Lbank15                  bank15       00000
__Lbank16                  bank16       00000
__Lbank17                  bank17       00000
__Lbank18                  bank18       00000
__Lbank19                  bank19       00000
__Lbank2                   bank2        00000
__Lbank20                  bank20       00000
__Lbank21                  bank21       00000
__Lbank22                  bank22       00000
__Lbank23                  bank23       00000
__Lbank24                  bank24       00000
__Lbank25                  bank25       00000
__Lbank26                  bank26       00000
__Lbank27                  bank27       00000
__Lbank28                  bank28       00000
__Lbank29                  bank29       00000
__Lbank3                   bank3        00000
__Lbank30                  bank30       00000
__Lbank31                  bank31       00000
__Lbank4                   bank4        00000
__Lbank5                   bank5        00000
__Lbank6                   bank6        00000
__Lbank7                   bank7        00000
__Lbank8                   bank8        00000
__Lbank9                   bank9        00000
__Lbigram                  bigram       00000
__LbssBANK0                bssBANK0     00000
__LbssBANK1                bssBANK1     00000
__Lcinit                   cinit        007E1
__Lclrtext                 clrtext      00000
__Lcode                    code         00000
__Lcommon                  common       00000
__Lconfig                  config       00000
__LcstackBANK0             cstackBANK0  00000
__LcstackCOMMON            cstackCOMMON 00000
__LdataBANK0               dataBANK0    00000
__Leeprom_data             eeprom_data  00000
__Lend_init                end_init     00002
__Lfunctab                 functab      00000
__Lheap                    heap         00000
__LidataBANK0              idataBANK0   00000
__Linit                    init         00002
__Linittext                inittext     00000
__Lintentry                intentry     00002
__Lmaintext                maintext     00000
__Lpowerup                 powerup      00000
__Lram                     ram          00000
__Lreset_vec               reset_vec    00000
__Lsfr0                    sfr0         00000
__Lsfr1                    sfr1         00000
__Lsfr10                   sfr10        00000
__Lsfr11                   sfr11        00000
__Lsfr12                   sfr12        00000
__Lsfr13                   sfr13        00000
__Lsfr14                   sfr14        00000
__Lsfr15                   sfr15        00000
__Lsfr16                   sfr16        00000
__Lsfr17                   sfr17        00000
__Lsfr18                   sfr18        00000
__Lsfr19                   sfr19        00000
__Lsfr2                    sfr2         00000
__Lsfr20                   sfr20        00000
__Lsfr21                   sfr21        00000
__Lsfr22                   sfr22        00000
__Lsfr23                   sfr23        00000
__Lsfr24                   sfr24        00000
__Lsfr25                   sfr25        00000
__Lsfr26                   sfr26        00000
__Lsfr27                   sfr27        00000
__Lsfr28                   sfr28        00000
__Lsfr29                   sfr29        00000
__Lsfr3                    sfr3         00000
__Lsfr30                   sfr30        00000
__Lsfr31                   sfr31        00000
__Lsfr4                    sfr4         00000
__Lsfr5                    sfr5         00000
__Lsfr6                    sfr6         00000
__Lsfr7                    sfr7         00000
__Lsfr8                    sfr8         00000
__Lsfr9                    sfr9         00000
__Lsivt                    sivt         00002
__Lspace_0                 (abs)        00000
__Lspace_1                 (abs)        00000
__Lspace_2                 (abs)        00000
__Lspace_3                 (abs)        00000
__Lspace_4                 (abs)        00000
__Lstack                   stack        00000
__Lstrings                 strings      00000
__Ltext                    text         00000
__S0                       (abs)        00800
__S1                       (abs)        000A9
__S3                       (abs)        00000
___heap_hi                 (abs)        00000
___heap_lo                 (abs)        00000
___int_sp                  stack        00000
___int_stack_hi            stack        00000
___int_stack_lo            stack        00000
___latbits                 (abs)        00003
___lwdiv                   text13       001C5
___lwdiv@counter           cstackCOMMON 0007C
___lwdiv@dividend          cstackCOMMON 00078
___lwdiv@divisor           cstackCOMMON 00076
___lwdiv@quotient          cstackCOMMON 0007A
___sp                      stack        00000
___stack_hi                stack        00000
___stack_lo                stack        00000
___stackhi                 (abs)        00000
___stacklo                 (abs)        00000
___wmul                    text10       000B5
___wmul@multiplicand       cstackCOMMON 00072
___wmul@multiplier         cstackCOMMON 00070
___wmul@product            cstackCOMMON 00074
__end_of_ChangeRadioMode   text20       00505
__end_of_FeatureTest       text18       002BD
__end_of_FlushRX           text17       0007C
__end_of_FlushTX           text16       00089
__end_of_RFSetup           text15       0027C
__end_of_ReadRegister      text19       000B5
__end_of_SendSPI           text22       00398
__end_of_SetupPayloadSize  text14       00347
__end_of_SetupRetries      text12       001C5
__end_of_StartListening    text9        0023D
__end_of_StartRadio        text11       0059A
__end_of___lwdiv           text13       001FF
__end_of___wmul            text10       000D4
__end_of__initialization   cinit        007FD
__end_of_ce                text21       000FF
__end_of_configureRX       text8        0049D
__end_of_configureTX       text7        00444
__end_of_controlsChanged   text6        003EC
__end_of_delay             text23       0006F
__end_of_main              maintext     007E1
__end_of_packagePayload    text5        00190
__end_of_readRXFIFO        text4        00301
__end_of_sendNOP           text3        00096
__end_of_setupSPI          text2        0012D
__end_of_transmitPayload   text1        0015E
__initialization           cinit        007E1
__pbssBANK0                bssBANK0     00043
__pbssBANK1                bssBANK1     000A0
__pcstackBANK0             cstackBANK0  00020
__pcstackCOMMON            cstackCOMMON 00070
__pdataBANK0               dataBANK0    0005D
__pidataBANK0              idataBANK0   00096
__pmaintext                maintext     0059A
__ptext1                   text1        0012D
__ptext10                  text10       000B5
__ptext11                  text11       00505
__ptext12                  text12       00190
__ptext13                  text13       001C5
__ptext14                  text14       00301
__ptext15                  text15       0023D
__ptext16                  text16       0007C
__ptext17                  text17       0006F
__ptext18                  text18       0027C
__ptext19                  text19       000A4
__ptext2                   text2        000FF
__ptext20                  text20       0049D
__ptext21                  text21       000D4
__ptext22                  text22       00347
__ptext23                  text23       00065
__ptext3                   text3        00089
__ptext4                   text4        002BD
__ptext5                   text5        0015E
__ptext6                   text6        00398
__ptext7                   text7        003EC
__ptext8                   text8        00444
__ptext9                   text9        001FF
_address                   dataBANK0    00066
_bytes                     bssBANK0     00056
_ce                        text21       000D4
_configureRX               text8        00444
_configureTX               text7        003EC
_controlsChanged           text6        00398
_currentState              bssBANK0     0004D
_delay                     text23       00065
_main                      maintext     0059A
_packagePayload            text5        0015E
_payload                   bssBANK1     000A0
_prevSpinDir               dataBANK0    00064
_radioType                 bssBANK0     0004E
_readRXFIFO                text4        002BD
_result                    bssBANK0     0004F
_sendNOP                   text3        00089
_setupSPI                  text2        000FF
_spinDir                   bssBANK0     0004C
_transmitPayload           text1        0012D
_val                       dataBANK0    00065
btemp                      (abs)        0007E
ce@level                   cstackCOMMON 00070
ce@radioType               cstackCOMMON 00071
clear_ram0                 clrtext      00059
configureRX@address        cstackBANK0  0002F
configureRX@bytes          cstackCOMMON 0007C
configureRX@result         cstackCOMMON 0007A
configureTX@address        cstackBANK0  00026
configureTX@databytes      cstackBANK0  0002D
configureTX@result         cstackBANK0  00027
controlsChanged@bytes      cstackCOMMON 00070
controlsChanged@delta      cstackCOMMON 00076
controlsChanged@i          cstackCOMMON 00077
controlsChanged@prevBytes  bssBANK0     00043
controlsChanged@returnVal  cstackCOMMON 00075
delay@length               cstackCOMMON 00070
end_of_initialization      cinit        007FD
init_ram                   inittext     0005F
intlevel0                  functab      00000
intlevel1                  functab      00000
intlevel2                  functab      00000
intlevel3                  functab      00000
intlevel4                  functab      00000
intlevel5                  functab      00000
main@i                     cstackBANK0  0003D
main@i_337                 cstackBANK0  0003E
main@motorSpeed            cstackBANK0  00041
main@servoPos              cstackBANK0  0003F
main@validData             cstackBANK0  0003C
packagePayload@bytes       cstackCOMMON 00070
packagePayload@checksum    cstackCOMMON 00072
packagePayload@i           cstackCOMMON 00074
packagePayload@i_962       cstackCOMMON 00075
packagePayload@radioID     cstackCOMMON 00073
readRXFIFO@ReturnVal       cstackBANK0  00029
readRXFIFO@bytes           cstackBANK0  00020
readRXFIFO@checksum        cstackBANK0  0002A
readRXFIFO@i               cstackBANK0  0002B
readRXFIFO@i_676           cstackBANK0  0002D
readRXFIFO@result          cstackCOMMON 00076
reset_vec                  reset_vec    00000
sendNOP@F6364              dataBANK0    00063
sendNOP@bytes              cstackCOMMON 00077
sendNOP@result             cstackCOMMON 00076
setupSPI@radioType         cstackCOMMON 00070
start                      init         00002
start_initialization       cinit        007E1
transmitPayload@databytes  cstackBANK0  0002C
transmitPayload@result     cstackBANK0  00029
transmitPayload@result_956 cstackBANK0  00020
transmitPayload@statusBits cstackBANK0  0002B
wtemp0                     (abs)        0007E


MODULE INFORMATION

Module		Function		Class		Link	Load	Size
C:\Program Files\Microchip\xc8\v2.50\pic\sources\c99\common\Umul16.c
		___wmul        		CODE           	00B5	0000	31

C:\Program Files\Microchip\xc8\v2.50\pic\sources\c99\common\Umul16.c estimated size: 31

SourceFiles/TransmitService.c
		_configureRX   		CODE           	0444	0000	89
		_configureTX   		CODE           	03EC	0000	88
		_setupSPI      		CODE           	00FF	0000	46
		_transmitPayload		CODE           	012D	0000	49
		_packagePayload		CODE           	015E	0000	50
		_controlsChanged		CODE           	0398	0000	84

SourceFiles/TransmitService.c estimated size: 406

SourceFiles/main.c
		_main          		CODE           	059A	0000	583

SourceFiles/main.c estimated size: 583

SourceFiles/nRF24L01.c
		_StartListening		CODE           	01FF	0000	62
		_ChangeRadioMode		CODE           	049D	0000	104
		_SetupRetries  		CODE           	0190	0000	53
		_ce            		CODE           	00D4	0000	43
		_StartRadio    		CODE           	0505	0000	149
		_FlushTX       		CODE           	007C	0000	13
		_FlushRX       		CODE           	006F	0000	13
		_readRXFIFO    		CODE           	02BD	0000	68
		_SetupPayloadSize		CODE           	0301	0000	70
		_RFSetup       		CODE           	023D	0000	63
		_FeatureTest   		CODE           	027C	0000	65

SourceFiles/nRF24L01.c estimated size: 703

shared
		__initialization		CODE           	07E1	0000	28

shared estimated size: 28

C:\Program Files\Microchip\xc8\v2.50\pic\sources\c99\common\lwdiv.c
		___lwdiv       		CODE           	01C5	0000	58

C:\Program Files\Microchip\xc8\v2.50\pic\sources\c99\common\lwdiv.c estimated size: 58

SourceFiles/SPI.c
		_delay         		CODE           	0065	0000	10
		_sendNOP       		CODE           	0089	0000	13
		_SendSPI       		CODE           	0347	0000	81
		_ReadRegister  		CODE           	00A4	0000	17

SourceFiles/SPI.c estimated size: 121

